[2026-01-09T16:17:04.084+0000] {processor.py:161} INFO - Started process (PID=182) to work on /opt/airflow/dags/demo_hello_world.py
[2026-01-09T16:17:04.085+0000] {processor.py:830} INFO - Processing file /opt/airflow/dags/demo_hello_world.py for tasks to queue
[2026-01-09T16:17:04.086+0000] {logging_mixin.py:188} INFO - [2026-01-09T16:17:04.086+0000] {dagbag.py:538} INFO - Filling up the DagBag from /opt/airflow/dags/demo_hello_world.py
[2026-01-09T16:17:04.107+0000] {processor.py:840} INFO - DAG(s) 'demo_hello_world' retrieved from /opt/airflow/dags/demo_hello_world.py
[2026-01-09T16:17:04.139+0000] {logging_mixin.py:188} INFO - [2026-01-09T16:17:04.139+0000] {dag.py:3036} INFO - Sync 1 DAGs
[2026-01-09T16:17:04.145+0000] {logging_mixin.py:188} INFO - [2026-01-09T16:17:04.145+0000] {dag.py:3823} INFO - Setting next_dagrun for demo_hello_world to None, run_after=None
[2026-01-09T16:17:04.153+0000] {processor.py:183} INFO - Processing /opt/airflow/dags/demo_hello_world.py took 0.072 seconds
[2026-01-09T16:17:34.485+0000] {processor.py:161} INFO - Started process (PID=220) to work on /opt/airflow/dags/demo_hello_world.py
[2026-01-09T16:17:34.489+0000] {processor.py:830} INFO - Processing file /opt/airflow/dags/demo_hello_world.py for tasks to queue
[2026-01-09T16:17:34.495+0000] {logging_mixin.py:188} INFO - [2026-01-09T16:17:34.490+0000] {dagbag.py:538} INFO - Filling up the DagBag from /opt/airflow/dags/demo_hello_world.py
[2026-01-09T16:17:34.516+0000] {processor.py:840} INFO - DAG(s) 'demo_hello_world' retrieved from /opt/airflow/dags/demo_hello_world.py
[2026-01-09T16:17:34.667+0000] {logging_mixin.py:188} INFO - [2026-01-09T16:17:34.666+0000] {dag.py:3036} INFO - Sync 1 DAGs
[2026-01-09T16:17:34.672+0000] {logging_mixin.py:188} INFO - [2026-01-09T16:17:34.672+0000] {dag.py:3823} INFO - Setting next_dagrun for demo_hello_world to None, run_after=None
[2026-01-09T16:17:34.681+0000] {processor.py:183} INFO - Processing /opt/airflow/dags/demo_hello_world.py took 0.200 seconds
[2026-01-09T16:18:05.013+0000] {processor.py:161} INFO - Started process (PID=258) to work on /opt/airflow/dags/demo_hello_world.py
[2026-01-09T16:18:05.015+0000] {processor.py:830} INFO - Processing file /opt/airflow/dags/demo_hello_world.py for tasks to queue
[2026-01-09T16:18:05.017+0000] {logging_mixin.py:188} INFO - [2026-01-09T16:18:05.016+0000] {dagbag.py:538} INFO - Filling up the DagBag from /opt/airflow/dags/demo_hello_world.py
[2026-01-09T16:18:05.040+0000] {processor.py:840} INFO - DAG(s) 'demo_hello_world' retrieved from /opt/airflow/dags/demo_hello_world.py
[2026-01-09T16:18:05.077+0000] {logging_mixin.py:188} INFO - [2026-01-09T16:18:05.077+0000] {dag.py:3036} INFO - Sync 1 DAGs
[2026-01-09T16:18:05.084+0000] {logging_mixin.py:188} INFO - [2026-01-09T16:18:05.084+0000] {dag.py:3823} INFO - Setting next_dagrun for demo_hello_world to None, run_after=None
[2026-01-09T16:18:05.093+0000] {processor.py:183} INFO - Processing /opt/airflow/dags/demo_hello_world.py took 0.090 seconds
[2026-01-09T16:18:35.532+0000] {processor.py:161} INFO - Started process (PID=296) to work on /opt/airflow/dags/demo_hello_world.py
[2026-01-09T16:18:35.532+0000] {processor.py:830} INFO - Processing file /opt/airflow/dags/demo_hello_world.py for tasks to queue
[2026-01-09T16:18:35.533+0000] {logging_mixin.py:188} INFO - [2026-01-09T16:18:35.533+0000] {dagbag.py:538} INFO - Filling up the DagBag from /opt/airflow/dags/demo_hello_world.py
[2026-01-09T16:18:35.549+0000] {processor.py:840} INFO - DAG(s) 'demo_hello_world' retrieved from /opt/airflow/dags/demo_hello_world.py
[2026-01-09T16:18:35.565+0000] {logging_mixin.py:188} INFO - [2026-01-09T16:18:35.565+0000] {dag.py:3036} INFO - Sync 1 DAGs
[2026-01-09T16:18:35.570+0000] {logging_mixin.py:188} INFO - [2026-01-09T16:18:35.570+0000] {dag.py:3823} INFO - Setting next_dagrun for demo_hello_world to None, run_after=None
[2026-01-09T16:18:35.577+0000] {processor.py:183} INFO - Processing /opt/airflow/dags/demo_hello_world.py took 0.047 seconds
[2026-01-09T16:19:06.040+0000] {processor.py:161} INFO - Started process (PID=334) to work on /opt/airflow/dags/demo_hello_world.py
[2026-01-09T16:19:06.041+0000] {processor.py:830} INFO - Processing file /opt/airflow/dags/demo_hello_world.py for tasks to queue
[2026-01-09T16:19:06.042+0000] {logging_mixin.py:188} INFO - [2026-01-09T16:19:06.042+0000] {dagbag.py:538} INFO - Filling up the DagBag from /opt/airflow/dags/demo_hello_world.py
[2026-01-09T16:19:06.075+0000] {processor.py:840} INFO - DAG(s) 'demo_hello_world' retrieved from /opt/airflow/dags/demo_hello_world.py
[2026-01-09T16:19:06.102+0000] {logging_mixin.py:188} INFO - [2026-01-09T16:19:06.102+0000] {dag.py:3036} INFO - Sync 1 DAGs
[2026-01-09T16:19:06.113+0000] {logging_mixin.py:188} INFO - [2026-01-09T16:19:06.113+0000] {dag.py:3823} INFO - Setting next_dagrun for demo_hello_world to None, run_after=None
[2026-01-09T16:19:06.123+0000] {processor.py:183} INFO - Processing /opt/airflow/dags/demo_hello_world.py took 0.086 seconds
[2026-01-09T16:19:36.556+0000] {processor.py:161} INFO - Started process (PID=371) to work on /opt/airflow/dags/demo_hello_world.py
[2026-01-09T16:19:36.557+0000] {processor.py:830} INFO - Processing file /opt/airflow/dags/demo_hello_world.py for tasks to queue
[2026-01-09T16:19:36.557+0000] {logging_mixin.py:188} INFO - [2026-01-09T16:19:36.557+0000] {dagbag.py:538} INFO - Filling up the DagBag from /opt/airflow/dags/demo_hello_world.py
[2026-01-09T16:19:36.566+0000] {processor.py:840} INFO - DAG(s) 'demo_hello_world' retrieved from /opt/airflow/dags/demo_hello_world.py
[2026-01-09T16:19:36.579+0000] {logging_mixin.py:188} INFO - [2026-01-09T16:19:36.578+0000] {dag.py:3036} INFO - Sync 1 DAGs
[2026-01-09T16:19:36.585+0000] {logging_mixin.py:188} INFO - [2026-01-09T16:19:36.584+0000] {dag.py:3823} INFO - Setting next_dagrun for demo_hello_world to None, run_after=None
[2026-01-09T16:19:36.592+0000] {processor.py:183} INFO - Processing /opt/airflow/dags/demo_hello_world.py took 0.037 seconds
[2026-01-09T16:20:06.794+0000] {processor.py:161} INFO - Started process (PID=409) to work on /opt/airflow/dags/demo_hello_world.py
[2026-01-09T16:20:06.796+0000] {processor.py:830} INFO - Processing file /opt/airflow/dags/demo_hello_world.py for tasks to queue
[2026-01-09T16:20:06.797+0000] {logging_mixin.py:188} INFO - [2026-01-09T16:20:06.796+0000] {dagbag.py:538} INFO - Filling up the DagBag from /opt/airflow/dags/demo_hello_world.py
[2026-01-09T16:20:06.821+0000] {processor.py:840} INFO - DAG(s) 'demo_hello_world' retrieved from /opt/airflow/dags/demo_hello_world.py
[2026-01-09T16:20:06.863+0000] {logging_mixin.py:188} INFO - [2026-01-09T16:20:06.863+0000] {dag.py:3036} INFO - Sync 1 DAGs
[2026-01-09T16:20:06.878+0000] {logging_mixin.py:188} INFO - [2026-01-09T16:20:06.878+0000] {dag.py:3823} INFO - Setting next_dagrun for demo_hello_world to None, run_after=None
[2026-01-09T16:20:06.888+0000] {processor.py:183} INFO - Processing /opt/airflow/dags/demo_hello_world.py took 0.101 seconds
[2026-01-09T16:20:37.346+0000] {processor.py:161} INFO - Started process (PID=447) to work on /opt/airflow/dags/demo_hello_world.py
[2026-01-09T16:20:37.347+0000] {processor.py:830} INFO - Processing file /opt/airflow/dags/demo_hello_world.py for tasks to queue
[2026-01-09T16:20:37.349+0000] {logging_mixin.py:188} INFO - [2026-01-09T16:20:37.348+0000] {dagbag.py:538} INFO - Filling up the DagBag from /opt/airflow/dags/demo_hello_world.py
[2026-01-09T16:20:37.371+0000] {processor.py:840} INFO - DAG(s) 'demo_hello_world' retrieved from /opt/airflow/dags/demo_hello_world.py
[2026-01-09T16:20:37.391+0000] {logging_mixin.py:188} INFO - [2026-01-09T16:20:37.391+0000] {dag.py:3036} INFO - Sync 1 DAGs
[2026-01-09T16:20:37.398+0000] {logging_mixin.py:188} INFO - [2026-01-09T16:20:37.398+0000] {dag.py:3823} INFO - Setting next_dagrun for demo_hello_world to None, run_after=None
[2026-01-09T16:20:37.408+0000] {processor.py:183} INFO - Processing /opt/airflow/dags/demo_hello_world.py took 0.067 seconds
[2026-01-09T16:21:11.073+0000] {processor.py:161} INFO - Started process (PID=476) to work on /opt/airflow/dags/demo_hello_world.py
[2026-01-09T16:21:11.086+0000] {processor.py:830} INFO - Processing file /opt/airflow/dags/demo_hello_world.py for tasks to queue
[2026-01-09T16:21:11.091+0000] {logging_mixin.py:188} INFO - [2026-01-09T16:21:11.089+0000] {dagbag.py:538} INFO - Filling up the DagBag from /opt/airflow/dags/demo_hello_world.py
[2026-01-09T16:21:11.310+0000] {processor.py:840} INFO - DAG(s) 'demo_hello_world' retrieved from /opt/airflow/dags/demo_hello_world.py
[2026-01-09T16:21:12.026+0000] {logging_mixin.py:188} INFO - [2026-01-09T16:21:12.023+0000] {dag.py:3036} INFO - Sync 1 DAGs
[2026-01-09T16:21:12.063+0000] {logging_mixin.py:188} INFO - [2026-01-09T16:21:12.063+0000] {dag.py:3823} INFO - Setting next_dagrun for demo_hello_world to None, run_after=None
[2026-01-09T16:21:12.100+0000] {processor.py:183} INFO - Processing /opt/airflow/dags/demo_hello_world.py took 1.071 seconds
[2026-01-09T16:21:42.300+0000] {processor.py:161} INFO - Started process (PID=510) to work on /opt/airflow/dags/demo_hello_world.py
[2026-01-09T16:21:42.301+0000] {processor.py:830} INFO - Processing file /opt/airflow/dags/demo_hello_world.py for tasks to queue
[2026-01-09T16:21:42.302+0000] {logging_mixin.py:188} INFO - [2026-01-09T16:21:42.301+0000] {dagbag.py:538} INFO - Filling up the DagBag from /opt/airflow/dags/demo_hello_world.py
[2026-01-09T16:21:42.321+0000] {processor.py:840} INFO - DAG(s) 'demo_hello_world' retrieved from /opt/airflow/dags/demo_hello_world.py
[2026-01-09T16:21:42.367+0000] {logging_mixin.py:188} INFO - [2026-01-09T16:21:42.366+0000] {dag.py:3036} INFO - Sync 1 DAGs
[2026-01-09T16:21:42.387+0000] {logging_mixin.py:188} INFO - [2026-01-09T16:21:42.386+0000] {dag.py:3823} INFO - Setting next_dagrun for demo_hello_world to None, run_after=None
[2026-01-09T16:21:42.429+0000] {processor.py:183} INFO - Processing /opt/airflow/dags/demo_hello_world.py took 0.133 seconds
[2026-01-09T16:22:13.407+0000] {processor.py:161} INFO - Started process (PID=560) to work on /opt/airflow/dags/demo_hello_world.py
[2026-01-09T16:22:13.407+0000] {processor.py:830} INFO - Processing file /opt/airflow/dags/demo_hello_world.py for tasks to queue
[2026-01-09T16:22:13.408+0000] {logging_mixin.py:188} INFO - [2026-01-09T16:22:13.408+0000] {dagbag.py:538} INFO - Filling up the DagBag from /opt/airflow/dags/demo_hello_world.py
[2026-01-09T16:22:13.418+0000] {processor.py:840} INFO - DAG(s) 'demo_hello_world' retrieved from /opt/airflow/dags/demo_hello_world.py
[2026-01-09T16:22:13.433+0000] {logging_mixin.py:188} INFO - [2026-01-09T16:22:13.432+0000] {dag.py:3036} INFO - Sync 1 DAGs
[2026-01-09T16:22:13.440+0000] {logging_mixin.py:188} INFO - [2026-01-09T16:22:13.439+0000] {dag.py:3823} INFO - Setting next_dagrun for demo_hello_world to None, run_after=None
[2026-01-09T16:22:13.448+0000] {processor.py:183} INFO - Processing /opt/airflow/dags/demo_hello_world.py took 0.047 seconds
[2026-01-09T16:22:44.243+0000] {processor.py:161} INFO - Started process (PID=595) to work on /opt/airflow/dags/demo_hello_world.py
[2026-01-09T16:22:44.263+0000] {processor.py:830} INFO - Processing file /opt/airflow/dags/demo_hello_world.py for tasks to queue
[2026-01-09T16:22:44.289+0000] {logging_mixin.py:188} INFO - [2026-01-09T16:22:44.284+0000] {dagbag.py:538} INFO - Filling up the DagBag from /opt/airflow/dags/demo_hello_world.py
[2026-01-09T16:22:44.558+0000] {processor.py:840} INFO - DAG(s) 'demo_hello_world' retrieved from /opt/airflow/dags/demo_hello_world.py
[2026-01-09T16:22:53.596+0000] {logging_mixin.py:188} INFO - [2026-01-09T16:22:53.594+0000] {dag.py:3036} INFO - Sync 1 DAGs
[2026-01-09T16:22:53.892+0000] {logging_mixin.py:188} INFO - [2026-01-09T16:22:53.892+0000] {dag.py:3823} INFO - Setting next_dagrun for demo_hello_world to None, run_after=None
[2026-01-09T16:22:53.913+0000] {processor.py:183} INFO - Processing /opt/airflow/dags/demo_hello_world.py took 9.739 seconds
[2026-01-09T16:23:24.523+0000] {processor.py:161} INFO - Started process (PID=630) to work on /opt/airflow/dags/demo_hello_world.py
[2026-01-09T16:23:24.524+0000] {processor.py:830} INFO - Processing file /opt/airflow/dags/demo_hello_world.py for tasks to queue
[2026-01-09T16:23:24.526+0000] {logging_mixin.py:188} INFO - [2026-01-09T16:23:24.525+0000] {dagbag.py:538} INFO - Filling up the DagBag from /opt/airflow/dags/demo_hello_world.py
[2026-01-09T16:23:24.546+0000] {processor.py:840} INFO - DAG(s) 'demo_hello_world' retrieved from /opt/airflow/dags/demo_hello_world.py
[2026-01-09T16:23:24.570+0000] {logging_mixin.py:188} INFO - [2026-01-09T16:23:24.570+0000] {dag.py:3036} INFO - Sync 1 DAGs
[2026-01-09T16:23:24.578+0000] {logging_mixin.py:188} INFO - [2026-01-09T16:23:24.578+0000] {dag.py:3823} INFO - Setting next_dagrun for demo_hello_world to None, run_after=None
[2026-01-09T16:23:24.600+0000] {processor.py:183} INFO - Processing /opt/airflow/dags/demo_hello_world.py took 0.083 seconds
[2026-01-09T16:24:08.772+0000] {processor.py:161} INFO - Started process (PID=158) to work on /opt/airflow/dags/demo_hello_world.py
[2026-01-09T16:24:08.773+0000] {processor.py:830} INFO - Processing file /opt/airflow/dags/demo_hello_world.py for tasks to queue
[2026-01-09T16:24:08.774+0000] {logging_mixin.py:188} INFO - [2026-01-09T16:24:08.774+0000] {dagbag.py:538} INFO - Filling up the DagBag from /opt/airflow/dags/demo_hello_world.py
[2026-01-09T16:24:08.799+0000] {processor.py:840} INFO - DAG(s) 'demo_hello_world' retrieved from /opt/airflow/dags/demo_hello_world.py
[2026-01-09T16:24:08.828+0000] {logging_mixin.py:188} INFO - [2026-01-09T16:24:08.828+0000] {dag.py:3036} INFO - Sync 1 DAGs
[2026-01-09T16:24:08.834+0000] {logging_mixin.py:188} INFO - [2026-01-09T16:24:08.834+0000] {dag.py:3823} INFO - Setting next_dagrun for demo_hello_world to None, run_after=None
[2026-01-09T16:24:08.843+0000] {processor.py:183} INFO - Processing /opt/airflow/dags/demo_hello_world.py took 0.075 seconds
[2026-01-09T16:24:42.789+0000] {processor.py:161} INFO - Started process (PID=158) to work on /opt/airflow/dags/demo_hello_world.py
[2026-01-09T16:24:42.790+0000] {processor.py:830} INFO - Processing file /opt/airflow/dags/demo_hello_world.py for tasks to queue
[2026-01-09T16:24:42.791+0000] {logging_mixin.py:188} INFO - [2026-01-09T16:24:42.791+0000] {dagbag.py:538} INFO - Filling up the DagBag from /opt/airflow/dags/demo_hello_world.py
[2026-01-09T16:24:42.807+0000] {processor.py:840} INFO - DAG(s) 'demo_hello_world' retrieved from /opt/airflow/dags/demo_hello_world.py
[2026-01-09T16:24:42.844+0000] {logging_mixin.py:188} INFO - [2026-01-09T16:24:42.844+0000] {dag.py:3036} INFO - Sync 1 DAGs
[2026-01-09T16:24:42.858+0000] {logging_mixin.py:188} INFO - [2026-01-09T16:24:42.857+0000] {dag.py:3823} INFO - Setting next_dagrun for demo_hello_world to None, run_after=None
[2026-01-09T16:24:42.868+0000] {processor.py:183} INFO - Processing /opt/airflow/dags/demo_hello_world.py took 0.082 seconds
[2026-01-09T16:25:12.936+0000] {processor.py:161} INFO - Started process (PID=189) to work on /opt/airflow/dags/demo_hello_world.py
[2026-01-09T16:25:12.937+0000] {processor.py:830} INFO - Processing file /opt/airflow/dags/demo_hello_world.py for tasks to queue
[2026-01-09T16:25:12.939+0000] {logging_mixin.py:188} INFO - [2026-01-09T16:25:12.938+0000] {dagbag.py:538} INFO - Filling up the DagBag from /opt/airflow/dags/demo_hello_world.py
[2026-01-09T16:25:12.956+0000] {processor.py:840} INFO - DAG(s) 'demo_hello_world' retrieved from /opt/airflow/dags/demo_hello_world.py
[2026-01-09T16:25:13.086+0000] {logging_mixin.py:188} INFO - [2026-01-09T16:25:13.086+0000] {dag.py:3036} INFO - Sync 1 DAGs
[2026-01-09T16:25:13.091+0000] {logging_mixin.py:188} INFO - [2026-01-09T16:25:13.091+0000] {dag.py:3823} INFO - Setting next_dagrun for demo_hello_world to None, run_after=None
[2026-01-09T16:25:13.100+0000] {processor.py:183} INFO - Processing /opt/airflow/dags/demo_hello_world.py took 0.167 seconds
[2026-01-09T16:25:43.866+0000] {processor.py:161} INFO - Started process (PID=226) to work on /opt/airflow/dags/demo_hello_world.py
[2026-01-09T16:25:43.867+0000] {processor.py:830} INFO - Processing file /opt/airflow/dags/demo_hello_world.py for tasks to queue
[2026-01-09T16:25:43.868+0000] {logging_mixin.py:188} INFO - [2026-01-09T16:25:43.867+0000] {dagbag.py:538} INFO - Filling up the DagBag from /opt/airflow/dags/demo_hello_world.py
[2026-01-09T16:25:43.884+0000] {processor.py:840} INFO - DAG(s) 'demo_hello_world' retrieved from /opt/airflow/dags/demo_hello_world.py
[2026-01-09T16:25:43.899+0000] {logging_mixin.py:188} INFO - [2026-01-09T16:25:43.899+0000] {dag.py:3036} INFO - Sync 1 DAGs
[2026-01-09T16:25:43.904+0000] {logging_mixin.py:188} INFO - [2026-01-09T16:25:43.904+0000] {dag.py:3823} INFO - Setting next_dagrun for demo_hello_world to None, run_after=None
[2026-01-09T16:25:43.913+0000] {processor.py:183} INFO - Processing /opt/airflow/dags/demo_hello_world.py took 0.051 seconds
[2026-01-09T16:26:14.506+0000] {processor.py:161} INFO - Started process (PID=263) to work on /opt/airflow/dags/demo_hello_world.py
[2026-01-09T16:26:14.508+0000] {processor.py:830} INFO - Processing file /opt/airflow/dags/demo_hello_world.py for tasks to queue
[2026-01-09T16:26:14.511+0000] {logging_mixin.py:188} INFO - [2026-01-09T16:26:14.510+0000] {dagbag.py:538} INFO - Filling up the DagBag from /opt/airflow/dags/demo_hello_world.py
[2026-01-09T16:26:14.531+0000] {processor.py:840} INFO - DAG(s) 'demo_hello_world' retrieved from /opt/airflow/dags/demo_hello_world.py
[2026-01-09T16:26:14.560+0000] {logging_mixin.py:188} INFO - [2026-01-09T16:26:14.560+0000] {dag.py:3036} INFO - Sync 1 DAGs
[2026-01-09T16:26:14.577+0000] {logging_mixin.py:188} INFO - [2026-01-09T16:26:14.577+0000] {dag.py:3823} INFO - Setting next_dagrun for demo_hello_world to None, run_after=None
[2026-01-09T16:26:14.587+0000] {processor.py:183} INFO - Processing /opt/airflow/dags/demo_hello_world.py took 0.092 seconds
[2026-01-09T16:26:45.205+0000] {processor.py:161} INFO - Started process (PID=294) to work on /opt/airflow/dags/demo_hello_world.py
[2026-01-09T16:26:45.206+0000] {processor.py:830} INFO - Processing file /opt/airflow/dags/demo_hello_world.py for tasks to queue
[2026-01-09T16:26:45.207+0000] {logging_mixin.py:188} INFO - [2026-01-09T16:26:45.206+0000] {dagbag.py:538} INFO - Filling up the DagBag from /opt/airflow/dags/demo_hello_world.py
[2026-01-09T16:26:45.226+0000] {processor.py:840} INFO - DAG(s) 'demo_hello_world' retrieved from /opt/airflow/dags/demo_hello_world.py
[2026-01-09T16:26:45.249+0000] {logging_mixin.py:188} INFO - [2026-01-09T16:26:45.249+0000] {dag.py:3036} INFO - Sync 1 DAGs
[2026-01-09T16:26:45.256+0000] {logging_mixin.py:188} INFO - [2026-01-09T16:26:45.256+0000] {dag.py:3823} INFO - Setting next_dagrun for demo_hello_world to None, run_after=None
[2026-01-09T16:26:45.265+0000] {processor.py:183} INFO - Processing /opt/airflow/dags/demo_hello_world.py took 0.066 seconds
[2026-01-09T16:27:15.795+0000] {processor.py:161} INFO - Started process (PID=325) to work on /opt/airflow/dags/demo_hello_world.py
[2026-01-09T16:27:15.797+0000] {processor.py:830} INFO - Processing file /opt/airflow/dags/demo_hello_world.py for tasks to queue
[2026-01-09T16:27:15.798+0000] {logging_mixin.py:188} INFO - [2026-01-09T16:27:15.797+0000] {dagbag.py:538} INFO - Filling up the DagBag from /opt/airflow/dags/demo_hello_world.py
[2026-01-09T16:27:15.817+0000] {processor.py:840} INFO - DAG(s) 'demo_hello_world' retrieved from /opt/airflow/dags/demo_hello_world.py
[2026-01-09T16:27:15.841+0000] {logging_mixin.py:188} INFO - [2026-01-09T16:27:15.841+0000] {dag.py:3036} INFO - Sync 1 DAGs
[2026-01-09T16:27:15.848+0000] {logging_mixin.py:188} INFO - [2026-01-09T16:27:15.848+0000] {dag.py:3823} INFO - Setting next_dagrun for demo_hello_world to None, run_after=None
[2026-01-09T16:27:15.857+0000] {processor.py:183} INFO - Processing /opt/airflow/dags/demo_hello_world.py took 0.067 seconds
[2026-01-09T16:27:46.422+0000] {processor.py:161} INFO - Started process (PID=356) to work on /opt/airflow/dags/demo_hello_world.py
[2026-01-09T16:27:46.423+0000] {processor.py:830} INFO - Processing file /opt/airflow/dags/demo_hello_world.py for tasks to queue
[2026-01-09T16:27:46.425+0000] {logging_mixin.py:188} INFO - [2026-01-09T16:27:46.424+0000] {dagbag.py:538} INFO - Filling up the DagBag from /opt/airflow/dags/demo_hello_world.py
[2026-01-09T16:27:46.447+0000] {processor.py:840} INFO - DAG(s) 'demo_hello_world' retrieved from /opt/airflow/dags/demo_hello_world.py
[2026-01-09T16:27:46.476+0000] {logging_mixin.py:188} INFO - [2026-01-09T16:27:46.476+0000] {dag.py:3036} INFO - Sync 1 DAGs
[2026-01-09T16:27:46.485+0000] {logging_mixin.py:188} INFO - [2026-01-09T16:27:46.485+0000] {dag.py:3823} INFO - Setting next_dagrun for demo_hello_world to None, run_after=None
[2026-01-09T16:27:46.497+0000] {processor.py:183} INFO - Processing /opt/airflow/dags/demo_hello_world.py took 0.079 seconds
[2026-01-09T16:28:17.001+0000] {processor.py:161} INFO - Started process (PID=387) to work on /opt/airflow/dags/demo_hello_world.py
[2026-01-09T16:28:17.002+0000] {processor.py:830} INFO - Processing file /opt/airflow/dags/demo_hello_world.py for tasks to queue
[2026-01-09T16:28:17.003+0000] {logging_mixin.py:188} INFO - [2026-01-09T16:28:17.002+0000] {dagbag.py:538} INFO - Filling up the DagBag from /opt/airflow/dags/demo_hello_world.py
[2026-01-09T16:28:17.018+0000] {processor.py:840} INFO - DAG(s) 'demo_hello_world' retrieved from /opt/airflow/dags/demo_hello_world.py
[2026-01-09T16:28:17.038+0000] {logging_mixin.py:188} INFO - [2026-01-09T16:28:17.038+0000] {dag.py:3036} INFO - Sync 1 DAGs
[2026-01-09T16:28:17.048+0000] {logging_mixin.py:188} INFO - [2026-01-09T16:28:17.048+0000] {dag.py:3823} INFO - Setting next_dagrun for demo_hello_world to None, run_after=None
[2026-01-09T16:28:17.058+0000] {processor.py:183} INFO - Processing /opt/airflow/dags/demo_hello_world.py took 0.061 seconds
[2026-01-09T16:28:31.509+0000] {processor.py:161} INFO - Started process (PID=418) to work on /opt/airflow/dags/demo_hello_world.py
[2026-01-09T16:28:31.510+0000] {processor.py:830} INFO - Processing file /opt/airflow/dags/demo_hello_world.py for tasks to queue
[2026-01-09T16:28:31.511+0000] {logging_mixin.py:188} INFO - [2026-01-09T16:28:31.510+0000] {dagbag.py:538} INFO - Filling up the DagBag from /opt/airflow/dags/demo_hello_world.py
[2026-01-09T16:28:31.536+0000] {processor.py:840} INFO - DAG(s) 'demo_hello_world' retrieved from /opt/airflow/dags/demo_hello_world.py
[2026-01-09T16:28:31.557+0000] {logging_mixin.py:188} INFO - [2026-01-09T16:28:31.557+0000] {dag.py:3036} INFO - Sync 1 DAGs
[2026-01-09T16:28:31.566+0000] {logging_mixin.py:188} INFO - [2026-01-09T16:28:31.566+0000] {dag.py:3823} INFO - Setting next_dagrun for demo_hello_world to None, run_after=None
[2026-01-09T16:28:31.577+0000] {processor.py:183} INFO - Processing /opt/airflow/dags/demo_hello_world.py took 0.071 seconds
[2026-01-09T16:29:02.224+0000] {processor.py:161} INFO - Started process (PID=449) to work on /opt/airflow/dags/demo_hello_world.py
[2026-01-09T16:29:02.225+0000] {processor.py:830} INFO - Processing file /opt/airflow/dags/demo_hello_world.py for tasks to queue
[2026-01-09T16:29:02.227+0000] {logging_mixin.py:188} INFO - [2026-01-09T16:29:02.226+0000] {dagbag.py:538} INFO - Filling up the DagBag from /opt/airflow/dags/demo_hello_world.py
[2026-01-09T16:29:02.244+0000] {processor.py:840} INFO - DAG(s) 'demo_hello_world' retrieved from /opt/airflow/dags/demo_hello_world.py
[2026-01-09T16:29:02.269+0000] {logging_mixin.py:188} INFO - [2026-01-09T16:29:02.269+0000] {dag.py:3036} INFO - Sync 1 DAGs
[2026-01-09T16:29:02.277+0000] {logging_mixin.py:188} INFO - [2026-01-09T16:29:02.277+0000] {dag.py:3823} INFO - Setting next_dagrun for demo_hello_world to None, run_after=None
[2026-01-09T16:29:02.286+0000] {processor.py:183} INFO - Processing /opt/airflow/dags/demo_hello_world.py took 0.069 seconds
[2026-01-09T16:29:33.145+0000] {processor.py:161} INFO - Started process (PID=480) to work on /opt/airflow/dags/demo_hello_world.py
[2026-01-09T16:29:33.146+0000] {processor.py:830} INFO - Processing file /opt/airflow/dags/demo_hello_world.py for tasks to queue
[2026-01-09T16:29:33.147+0000] {logging_mixin.py:188} INFO - [2026-01-09T16:29:33.147+0000] {dagbag.py:538} INFO - Filling up the DagBag from /opt/airflow/dags/demo_hello_world.py
[2026-01-09T16:29:33.164+0000] {processor.py:840} INFO - DAG(s) 'demo_hello_world' retrieved from /opt/airflow/dags/demo_hello_world.py
[2026-01-09T16:29:33.188+0000] {logging_mixin.py:188} INFO - [2026-01-09T16:29:33.188+0000] {dag.py:3036} INFO - Sync 1 DAGs
[2026-01-09T16:29:33.329+0000] {logging_mixin.py:188} INFO - [2026-01-09T16:29:33.329+0000] {dag.py:3823} INFO - Setting next_dagrun for demo_hello_world to None, run_after=None
[2026-01-09T16:29:33.339+0000] {processor.py:183} INFO - Processing /opt/airflow/dags/demo_hello_world.py took 0.196 seconds
[2026-01-09T16:30:03.854+0000] {processor.py:161} INFO - Started process (PID=511) to work on /opt/airflow/dags/demo_hello_world.py
[2026-01-09T16:30:03.855+0000] {processor.py:830} INFO - Processing file /opt/airflow/dags/demo_hello_world.py for tasks to queue
[2026-01-09T16:30:03.856+0000] {logging_mixin.py:188} INFO - [2026-01-09T16:30:03.855+0000] {dagbag.py:538} INFO - Filling up the DagBag from /opt/airflow/dags/demo_hello_world.py
[2026-01-09T16:30:03.868+0000] {processor.py:840} INFO - DAG(s) 'demo_hello_world' retrieved from /opt/airflow/dags/demo_hello_world.py
[2026-01-09T16:30:03.885+0000] {logging_mixin.py:188} INFO - [2026-01-09T16:30:03.885+0000] {dag.py:3036} INFO - Sync 1 DAGs
[2026-01-09T16:30:03.892+0000] {logging_mixin.py:188} INFO - [2026-01-09T16:30:03.892+0000] {dag.py:3823} INFO - Setting next_dagrun for demo_hello_world to None, run_after=None
[2026-01-09T16:30:03.901+0000] {processor.py:183} INFO - Processing /opt/airflow/dags/demo_hello_world.py took 0.051 seconds
[2026-01-09T16:30:34.532+0000] {processor.py:161} INFO - Started process (PID=542) to work on /opt/airflow/dags/demo_hello_world.py
[2026-01-09T16:30:34.533+0000] {processor.py:830} INFO - Processing file /opt/airflow/dags/demo_hello_world.py for tasks to queue
[2026-01-09T16:30:34.533+0000] {logging_mixin.py:188} INFO - [2026-01-09T16:30:34.533+0000] {dagbag.py:538} INFO - Filling up the DagBag from /opt/airflow/dags/demo_hello_world.py
[2026-01-09T16:30:34.547+0000] {processor.py:840} INFO - DAG(s) 'demo_hello_world' retrieved from /opt/airflow/dags/demo_hello_world.py
[2026-01-09T16:30:34.565+0000] {logging_mixin.py:188} INFO - [2026-01-09T16:30:34.564+0000] {dag.py:3036} INFO - Sync 1 DAGs
[2026-01-09T16:30:34.572+0000] {logging_mixin.py:188} INFO - [2026-01-09T16:30:34.572+0000] {dag.py:3823} INFO - Setting next_dagrun for demo_hello_world to None, run_after=None
[2026-01-09T16:30:34.581+0000] {processor.py:183} INFO - Processing /opt/airflow/dags/demo_hello_world.py took 0.053 seconds
[2026-01-09T16:31:05.089+0000] {processor.py:161} INFO - Started process (PID=573) to work on /opt/airflow/dags/demo_hello_world.py
[2026-01-09T16:31:05.090+0000] {processor.py:830} INFO - Processing file /opt/airflow/dags/demo_hello_world.py for tasks to queue
[2026-01-09T16:31:05.090+0000] {logging_mixin.py:188} INFO - [2026-01-09T16:31:05.090+0000] {dagbag.py:538} INFO - Filling up the DagBag from /opt/airflow/dags/demo_hello_world.py
[2026-01-09T16:31:05.100+0000] {processor.py:840} INFO - DAG(s) 'demo_hello_world' retrieved from /opt/airflow/dags/demo_hello_world.py
[2026-01-09T16:31:05.113+0000] {logging_mixin.py:188} INFO - [2026-01-09T16:31:05.113+0000] {dag.py:3036} INFO - Sync 1 DAGs
[2026-01-09T16:31:05.119+0000] {logging_mixin.py:188} INFO - [2026-01-09T16:31:05.118+0000] {dag.py:3823} INFO - Setting next_dagrun for demo_hello_world to None, run_after=None
[2026-01-09T16:31:05.126+0000] {processor.py:183} INFO - Processing /opt/airflow/dags/demo_hello_world.py took 0.040 seconds
[2026-01-09T16:31:35.574+0000] {processor.py:161} INFO - Started process (PID=604) to work on /opt/airflow/dags/demo_hello_world.py
[2026-01-09T16:31:35.575+0000] {processor.py:830} INFO - Processing file /opt/airflow/dags/demo_hello_world.py for tasks to queue
[2026-01-09T16:31:35.576+0000] {logging_mixin.py:188} INFO - [2026-01-09T16:31:35.576+0000] {dagbag.py:538} INFO - Filling up the DagBag from /opt/airflow/dags/demo_hello_world.py
[2026-01-09T16:31:35.588+0000] {processor.py:840} INFO - DAG(s) 'demo_hello_world' retrieved from /opt/airflow/dags/demo_hello_world.py
[2026-01-09T16:31:35.602+0000] {logging_mixin.py:188} INFO - [2026-01-09T16:31:35.602+0000] {dag.py:3036} INFO - Sync 1 DAGs
[2026-01-09T16:31:35.609+0000] {logging_mixin.py:188} INFO - [2026-01-09T16:31:35.609+0000] {dag.py:3823} INFO - Setting next_dagrun for demo_hello_world to None, run_after=None
[2026-01-09T16:31:35.617+0000] {processor.py:183} INFO - Processing /opt/airflow/dags/demo_hello_world.py took 0.047 seconds
[2026-01-09T16:32:06.158+0000] {processor.py:161} INFO - Started process (PID=635) to work on /opt/airflow/dags/demo_hello_world.py
[2026-01-09T16:32:06.159+0000] {processor.py:830} INFO - Processing file /opt/airflow/dags/demo_hello_world.py for tasks to queue
[2026-01-09T16:32:06.160+0000] {logging_mixin.py:188} INFO - [2026-01-09T16:32:06.160+0000] {dagbag.py:538} INFO - Filling up the DagBag from /opt/airflow/dags/demo_hello_world.py
[2026-01-09T16:32:06.172+0000] {processor.py:840} INFO - DAG(s) 'demo_hello_world' retrieved from /opt/airflow/dags/demo_hello_world.py
[2026-01-09T16:32:06.187+0000] {logging_mixin.py:188} INFO - [2026-01-09T16:32:06.187+0000] {dag.py:3036} INFO - Sync 1 DAGs
[2026-01-09T16:32:06.195+0000] {logging_mixin.py:188} INFO - [2026-01-09T16:32:06.194+0000] {dag.py:3823} INFO - Setting next_dagrun for demo_hello_world to None, run_after=None
[2026-01-09T16:32:06.203+0000] {processor.py:183} INFO - Processing /opt/airflow/dags/demo_hello_world.py took 0.047 seconds
[2026-01-09T16:32:36.696+0000] {processor.py:161} INFO - Started process (PID=666) to work on /opt/airflow/dags/demo_hello_world.py
[2026-01-09T16:32:36.696+0000] {processor.py:830} INFO - Processing file /opt/airflow/dags/demo_hello_world.py for tasks to queue
[2026-01-09T16:32:36.697+0000] {logging_mixin.py:188} INFO - [2026-01-09T16:32:36.697+0000] {dagbag.py:538} INFO - Filling up the DagBag from /opt/airflow/dags/demo_hello_world.py
[2026-01-09T16:32:36.710+0000] {processor.py:840} INFO - DAG(s) 'demo_hello_world' retrieved from /opt/airflow/dags/demo_hello_world.py
[2026-01-09T16:32:36.724+0000] {logging_mixin.py:188} INFO - [2026-01-09T16:32:36.724+0000] {dag.py:3036} INFO - Sync 1 DAGs
[2026-01-09T16:32:36.731+0000] {logging_mixin.py:188} INFO - [2026-01-09T16:32:36.731+0000] {dag.py:3823} INFO - Setting next_dagrun for demo_hello_world to None, run_after=None
[2026-01-09T16:32:36.740+0000] {processor.py:183} INFO - Processing /opt/airflow/dags/demo_hello_world.py took 0.046 seconds
[2026-01-09T16:33:07.178+0000] {processor.py:161} INFO - Started process (PID=697) to work on /opt/airflow/dags/demo_hello_world.py
[2026-01-09T16:33:07.180+0000] {processor.py:830} INFO - Processing file /opt/airflow/dags/demo_hello_world.py for tasks to queue
[2026-01-09T16:33:07.181+0000] {logging_mixin.py:188} INFO - [2026-01-09T16:33:07.180+0000] {dagbag.py:538} INFO - Filling up the DagBag from /opt/airflow/dags/demo_hello_world.py
[2026-01-09T16:33:07.196+0000] {processor.py:840} INFO - DAG(s) 'demo_hello_world' retrieved from /opt/airflow/dags/demo_hello_world.py
[2026-01-09T16:33:07.210+0000] {logging_mixin.py:188} INFO - [2026-01-09T16:33:07.210+0000] {dag.py:3036} INFO - Sync 1 DAGs
[2026-01-09T16:33:07.216+0000] {logging_mixin.py:188} INFO - [2026-01-09T16:33:07.216+0000] {dag.py:3823} INFO - Setting next_dagrun for demo_hello_world to None, run_after=None
[2026-01-09T16:33:07.223+0000] {processor.py:183} INFO - Processing /opt/airflow/dags/demo_hello_world.py took 0.049 seconds
[2026-01-09T16:33:37.727+0000] {processor.py:161} INFO - Started process (PID=728) to work on /opt/airflow/dags/demo_hello_world.py
[2026-01-09T16:33:37.728+0000] {processor.py:830} INFO - Processing file /opt/airflow/dags/demo_hello_world.py for tasks to queue
[2026-01-09T16:33:37.729+0000] {logging_mixin.py:188} INFO - [2026-01-09T16:33:37.729+0000] {dagbag.py:538} INFO - Filling up the DagBag from /opt/airflow/dags/demo_hello_world.py
[2026-01-09T16:33:37.739+0000] {processor.py:840} INFO - DAG(s) 'demo_hello_world' retrieved from /opt/airflow/dags/demo_hello_world.py
[2026-01-09T16:33:37.753+0000] {logging_mixin.py:188} INFO - [2026-01-09T16:33:37.753+0000] {dag.py:3036} INFO - Sync 1 DAGs
[2026-01-09T16:33:37.759+0000] {logging_mixin.py:188} INFO - [2026-01-09T16:33:37.759+0000] {dag.py:3823} INFO - Setting next_dagrun for demo_hello_world to None, run_after=None
[2026-01-09T16:33:37.766+0000] {processor.py:183} INFO - Processing /opt/airflow/dags/demo_hello_world.py took 0.042 seconds
[2026-01-09T16:34:08.304+0000] {processor.py:161} INFO - Started process (PID=759) to work on /opt/airflow/dags/demo_hello_world.py
[2026-01-09T16:34:08.305+0000] {processor.py:830} INFO - Processing file /opt/airflow/dags/demo_hello_world.py for tasks to queue
[2026-01-09T16:34:08.306+0000] {logging_mixin.py:188} INFO - [2026-01-09T16:34:08.306+0000] {dagbag.py:538} INFO - Filling up the DagBag from /opt/airflow/dags/demo_hello_world.py
[2026-01-09T16:34:08.318+0000] {processor.py:840} INFO - DAG(s) 'demo_hello_world' retrieved from /opt/airflow/dags/demo_hello_world.py
[2026-01-09T16:34:08.331+0000] {logging_mixin.py:188} INFO - [2026-01-09T16:34:08.331+0000] {dag.py:3036} INFO - Sync 1 DAGs
[2026-01-09T16:34:08.337+0000] {logging_mixin.py:188} INFO - [2026-01-09T16:34:08.337+0000] {dag.py:3823} INFO - Setting next_dagrun for demo_hello_world to None, run_after=None
[2026-01-09T16:34:08.344+0000] {processor.py:183} INFO - Processing /opt/airflow/dags/demo_hello_world.py took 0.043 seconds
[2026-01-09T16:34:38.812+0000] {processor.py:161} INFO - Started process (PID=790) to work on /opt/airflow/dags/demo_hello_world.py
[2026-01-09T16:34:38.813+0000] {processor.py:830} INFO - Processing file /opt/airflow/dags/demo_hello_world.py for tasks to queue
[2026-01-09T16:34:38.814+0000] {logging_mixin.py:188} INFO - [2026-01-09T16:34:38.814+0000] {dagbag.py:538} INFO - Filling up the DagBag from /opt/airflow/dags/demo_hello_world.py
[2026-01-09T16:34:38.830+0000] {processor.py:840} INFO - DAG(s) 'demo_hello_world' retrieved from /opt/airflow/dags/demo_hello_world.py
[2026-01-09T16:34:38.851+0000] {logging_mixin.py:188} INFO - [2026-01-09T16:34:38.851+0000] {dag.py:3036} INFO - Sync 1 DAGs
[2026-01-09T16:34:38.860+0000] {logging_mixin.py:188} INFO - [2026-01-09T16:34:38.860+0000] {dag.py:3823} INFO - Setting next_dagrun for demo_hello_world to None, run_after=None
[2026-01-09T16:34:38.869+0000] {processor.py:183} INFO - Processing /opt/airflow/dags/demo_hello_world.py took 0.061 seconds
[2026-01-09T16:35:09.299+0000] {processor.py:161} INFO - Started process (PID=821) to work on /opt/airflow/dags/demo_hello_world.py
[2026-01-09T16:35:09.300+0000] {processor.py:830} INFO - Processing file /opt/airflow/dags/demo_hello_world.py for tasks to queue
[2026-01-09T16:35:09.301+0000] {logging_mixin.py:188} INFO - [2026-01-09T16:35:09.301+0000] {dagbag.py:538} INFO - Filling up the DagBag from /opt/airflow/dags/demo_hello_world.py
[2026-01-09T16:35:09.315+0000] {processor.py:840} INFO - DAG(s) 'demo_hello_world' retrieved from /opt/airflow/dags/demo_hello_world.py
[2026-01-09T16:35:09.332+0000] {logging_mixin.py:188} INFO - [2026-01-09T16:35:09.332+0000] {dag.py:3036} INFO - Sync 1 DAGs
[2026-01-09T16:35:09.339+0000] {logging_mixin.py:188} INFO - [2026-01-09T16:35:09.339+0000] {dag.py:3823} INFO - Setting next_dagrun for demo_hello_world to None, run_after=None
[2026-01-09T16:35:09.347+0000] {processor.py:183} INFO - Processing /opt/airflow/dags/demo_hello_world.py took 0.051 seconds
[2026-01-09T16:35:39.973+0000] {processor.py:161} INFO - Started process (PID=852) to work on /opt/airflow/dags/demo_hello_world.py
[2026-01-09T16:35:39.974+0000] {processor.py:830} INFO - Processing file /opt/airflow/dags/demo_hello_world.py for tasks to queue
[2026-01-09T16:35:39.975+0000] {logging_mixin.py:188} INFO - [2026-01-09T16:35:39.974+0000] {dagbag.py:538} INFO - Filling up the DagBag from /opt/airflow/dags/demo_hello_world.py
[2026-01-09T16:35:39.984+0000] {processor.py:840} INFO - DAG(s) 'demo_hello_world' retrieved from /opt/airflow/dags/demo_hello_world.py
[2026-01-09T16:35:40.001+0000] {logging_mixin.py:188} INFO - [2026-01-09T16:35:40.001+0000] {dag.py:3036} INFO - Sync 1 DAGs
[2026-01-09T16:35:40.009+0000] {logging_mixin.py:188} INFO - [2026-01-09T16:35:40.009+0000] {dag.py:3823} INFO - Setting next_dagrun for demo_hello_world to None, run_after=None
[2026-01-09T16:35:40.017+0000] {processor.py:183} INFO - Processing /opt/airflow/dags/demo_hello_world.py took 0.046 seconds
[2026-01-09T16:36:10.602+0000] {processor.py:161} INFO - Started process (PID=883) to work on /opt/airflow/dags/demo_hello_world.py
[2026-01-09T16:36:10.603+0000] {processor.py:830} INFO - Processing file /opt/airflow/dags/demo_hello_world.py for tasks to queue
[2026-01-09T16:36:10.604+0000] {logging_mixin.py:188} INFO - [2026-01-09T16:36:10.603+0000] {dagbag.py:538} INFO - Filling up the DagBag from /opt/airflow/dags/demo_hello_world.py
[2026-01-09T16:36:10.615+0000] {processor.py:840} INFO - DAG(s) 'demo_hello_world' retrieved from /opt/airflow/dags/demo_hello_world.py
[2026-01-09T16:36:10.628+0000] {logging_mixin.py:188} INFO - [2026-01-09T16:36:10.628+0000] {dag.py:3036} INFO - Sync 1 DAGs
[2026-01-09T16:36:10.635+0000] {logging_mixin.py:188} INFO - [2026-01-09T16:36:10.635+0000] {dag.py:3823} INFO - Setting next_dagrun for demo_hello_world to None, run_after=None
[2026-01-09T16:36:10.643+0000] {processor.py:183} INFO - Processing /opt/airflow/dags/demo_hello_world.py took 0.043 seconds
[2026-01-09T16:36:41.228+0000] {processor.py:161} INFO - Started process (PID=914) to work on /opt/airflow/dags/demo_hello_world.py
[2026-01-09T16:36:41.229+0000] {processor.py:830} INFO - Processing file /opt/airflow/dags/demo_hello_world.py for tasks to queue
[2026-01-09T16:36:41.230+0000] {logging_mixin.py:188} INFO - [2026-01-09T16:36:41.230+0000] {dagbag.py:538} INFO - Filling up the DagBag from /opt/airflow/dags/demo_hello_world.py
[2026-01-09T16:36:41.243+0000] {processor.py:840} INFO - DAG(s) 'demo_hello_world' retrieved from /opt/airflow/dags/demo_hello_world.py
[2026-01-09T16:36:41.258+0000] {logging_mixin.py:188} INFO - [2026-01-09T16:36:41.258+0000] {dag.py:3036} INFO - Sync 1 DAGs
[2026-01-09T16:36:41.265+0000] {logging_mixin.py:188} INFO - [2026-01-09T16:36:41.265+0000] {dag.py:3823} INFO - Setting next_dagrun for demo_hello_world to None, run_after=None
[2026-01-09T16:36:41.273+0000] {processor.py:183} INFO - Processing /opt/airflow/dags/demo_hello_world.py took 0.047 seconds
[2026-01-09T16:37:11.818+0000] {processor.py:161} INFO - Started process (PID=945) to work on /opt/airflow/dags/demo_hello_world.py
[2026-01-09T16:37:11.819+0000] {processor.py:830} INFO - Processing file /opt/airflow/dags/demo_hello_world.py for tasks to queue
[2026-01-09T16:37:11.820+0000] {logging_mixin.py:188} INFO - [2026-01-09T16:37:11.819+0000] {dagbag.py:538} INFO - Filling up the DagBag from /opt/airflow/dags/demo_hello_world.py
[2026-01-09T16:37:11.830+0000] {processor.py:840} INFO - DAG(s) 'demo_hello_world' retrieved from /opt/airflow/dags/demo_hello_world.py
[2026-01-09T16:37:11.845+0000] {logging_mixin.py:188} INFO - [2026-01-09T16:37:11.845+0000] {dag.py:3036} INFO - Sync 1 DAGs
[2026-01-09T16:37:11.851+0000] {logging_mixin.py:188} INFO - [2026-01-09T16:37:11.851+0000] {dag.py:3823} INFO - Setting next_dagrun for demo_hello_world to None, run_after=None
[2026-01-09T16:37:11.860+0000] {processor.py:183} INFO - Processing /opt/airflow/dags/demo_hello_world.py took 0.045 seconds
[2026-01-09T16:37:42.418+0000] {processor.py:161} INFO - Started process (PID=976) to work on /opt/airflow/dags/demo_hello_world.py
[2026-01-09T16:37:42.419+0000] {processor.py:830} INFO - Processing file /opt/airflow/dags/demo_hello_world.py for tasks to queue
[2026-01-09T16:37:42.420+0000] {logging_mixin.py:188} INFO - [2026-01-09T16:37:42.419+0000] {dagbag.py:538} INFO - Filling up the DagBag from /opt/airflow/dags/demo_hello_world.py
[2026-01-09T16:37:42.436+0000] {processor.py:840} INFO - DAG(s) 'demo_hello_world' retrieved from /opt/airflow/dags/demo_hello_world.py
[2026-01-09T16:37:42.453+0000] {logging_mixin.py:188} INFO - [2026-01-09T16:37:42.453+0000] {dag.py:3036} INFO - Sync 1 DAGs
[2026-01-09T16:37:42.460+0000] {logging_mixin.py:188} INFO - [2026-01-09T16:37:42.460+0000] {dag.py:3823} INFO - Setting next_dagrun for demo_hello_world to None, run_after=None
[2026-01-09T16:37:42.467+0000] {processor.py:183} INFO - Processing /opt/airflow/dags/demo_hello_world.py took 0.052 seconds
[2026-01-09T16:38:13.006+0000] {processor.py:161} INFO - Started process (PID=1007) to work on /opt/airflow/dags/demo_hello_world.py
[2026-01-09T16:38:13.007+0000] {processor.py:830} INFO - Processing file /opt/airflow/dags/demo_hello_world.py for tasks to queue
[2026-01-09T16:38:13.008+0000] {logging_mixin.py:188} INFO - [2026-01-09T16:38:13.008+0000] {dagbag.py:538} INFO - Filling up the DagBag from /opt/airflow/dags/demo_hello_world.py
[2026-01-09T16:38:13.022+0000] {processor.py:840} INFO - DAG(s) 'demo_hello_world' retrieved from /opt/airflow/dags/demo_hello_world.py
[2026-01-09T16:38:13.042+0000] {logging_mixin.py:188} INFO - [2026-01-09T16:38:13.041+0000] {dag.py:3036} INFO - Sync 1 DAGs
[2026-01-09T16:38:13.051+0000] {logging_mixin.py:188} INFO - [2026-01-09T16:38:13.051+0000] {dag.py:3823} INFO - Setting next_dagrun for demo_hello_world to None, run_after=None
[2026-01-09T16:38:13.060+0000] {processor.py:183} INFO - Processing /opt/airflow/dags/demo_hello_world.py took 0.057 seconds
[2026-01-09T16:38:43.665+0000] {processor.py:161} INFO - Started process (PID=1038) to work on /opt/airflow/dags/demo_hello_world.py
[2026-01-09T16:38:43.667+0000] {processor.py:830} INFO - Processing file /opt/airflow/dags/demo_hello_world.py for tasks to queue
[2026-01-09T16:38:43.668+0000] {logging_mixin.py:188} INFO - [2026-01-09T16:38:43.668+0000] {dagbag.py:538} INFO - Filling up the DagBag from /opt/airflow/dags/demo_hello_world.py
[2026-01-09T16:38:43.688+0000] {processor.py:840} INFO - DAG(s) 'demo_hello_world' retrieved from /opt/airflow/dags/demo_hello_world.py
[2026-01-09T16:38:43.711+0000] {logging_mixin.py:188} INFO - [2026-01-09T16:38:43.711+0000] {dag.py:3036} INFO - Sync 1 DAGs
[2026-01-09T16:38:43.720+0000] {logging_mixin.py:188} INFO - [2026-01-09T16:38:43.720+0000] {dag.py:3823} INFO - Setting next_dagrun for demo_hello_world to None, run_after=None
[2026-01-09T16:38:43.731+0000] {processor.py:183} INFO - Processing /opt/airflow/dags/demo_hello_world.py took 0.070 seconds
[2026-01-09T16:39:14.274+0000] {processor.py:161} INFO - Started process (PID=1069) to work on /opt/airflow/dags/demo_hello_world.py
[2026-01-09T16:39:14.275+0000] {processor.py:830} INFO - Processing file /opt/airflow/dags/demo_hello_world.py for tasks to queue
[2026-01-09T16:39:14.276+0000] {logging_mixin.py:188} INFO - [2026-01-09T16:39:14.276+0000] {dagbag.py:538} INFO - Filling up the DagBag from /opt/airflow/dags/demo_hello_world.py
[2026-01-09T16:39:14.293+0000] {processor.py:840} INFO - DAG(s) 'demo_hello_world' retrieved from /opt/airflow/dags/demo_hello_world.py
[2026-01-09T16:39:14.315+0000] {logging_mixin.py:188} INFO - [2026-01-09T16:39:14.315+0000] {dag.py:3036} INFO - Sync 1 DAGs
[2026-01-09T16:39:14.323+0000] {logging_mixin.py:188} INFO - [2026-01-09T16:39:14.323+0000] {dag.py:3823} INFO - Setting next_dagrun for demo_hello_world to None, run_after=None
[2026-01-09T16:39:14.333+0000] {processor.py:183} INFO - Processing /opt/airflow/dags/demo_hello_world.py took 0.063 seconds
[2026-01-09T16:39:44.942+0000] {processor.py:161} INFO - Started process (PID=1100) to work on /opt/airflow/dags/demo_hello_world.py
[2026-01-09T16:39:44.943+0000] {processor.py:830} INFO - Processing file /opt/airflow/dags/demo_hello_world.py for tasks to queue
[2026-01-09T16:39:44.944+0000] {logging_mixin.py:188} INFO - [2026-01-09T16:39:44.944+0000] {dagbag.py:538} INFO - Filling up the DagBag from /opt/airflow/dags/demo_hello_world.py
[2026-01-09T16:39:44.959+0000] {processor.py:840} INFO - DAG(s) 'demo_hello_world' retrieved from /opt/airflow/dags/demo_hello_world.py
[2026-01-09T16:39:44.977+0000] {logging_mixin.py:188} INFO - [2026-01-09T16:39:44.977+0000] {dag.py:3036} INFO - Sync 1 DAGs
[2026-01-09T16:39:44.984+0000] {logging_mixin.py:188} INFO - [2026-01-09T16:39:44.984+0000] {dag.py:3823} INFO - Setting next_dagrun for demo_hello_world to None, run_after=None
[2026-01-09T16:39:44.993+0000] {processor.py:183} INFO - Processing /opt/airflow/dags/demo_hello_world.py took 0.055 seconds
[2026-01-09T16:40:15.523+0000] {processor.py:161} INFO - Started process (PID=1131) to work on /opt/airflow/dags/demo_hello_world.py
[2026-01-09T16:40:15.524+0000] {processor.py:830} INFO - Processing file /opt/airflow/dags/demo_hello_world.py for tasks to queue
[2026-01-09T16:40:15.524+0000] {logging_mixin.py:188} INFO - [2026-01-09T16:40:15.524+0000] {dagbag.py:538} INFO - Filling up the DagBag from /opt/airflow/dags/demo_hello_world.py
[2026-01-09T16:40:15.540+0000] {processor.py:840} INFO - DAG(s) 'demo_hello_world' retrieved from /opt/airflow/dags/demo_hello_world.py
[2026-01-09T16:40:15.558+0000] {logging_mixin.py:188} INFO - [2026-01-09T16:40:15.558+0000] {dag.py:3036} INFO - Sync 1 DAGs
[2026-01-09T16:40:15.566+0000] {logging_mixin.py:188} INFO - [2026-01-09T16:40:15.566+0000] {dag.py:3823} INFO - Setting next_dagrun for demo_hello_world to None, run_after=None
[2026-01-09T16:40:15.576+0000] {processor.py:183} INFO - Processing /opt/airflow/dags/demo_hello_world.py took 0.056 seconds
[2026-01-09T16:40:46.146+0000] {processor.py:161} INFO - Started process (PID=1162) to work on /opt/airflow/dags/demo_hello_world.py
[2026-01-09T16:40:46.146+0000] {processor.py:830} INFO - Processing file /opt/airflow/dags/demo_hello_world.py for tasks to queue
[2026-01-09T16:40:46.147+0000] {logging_mixin.py:188} INFO - [2026-01-09T16:40:46.147+0000] {dagbag.py:538} INFO - Filling up the DagBag from /opt/airflow/dags/demo_hello_world.py
[2026-01-09T16:40:46.159+0000] {processor.py:840} INFO - DAG(s) 'demo_hello_world' retrieved from /opt/airflow/dags/demo_hello_world.py
[2026-01-09T16:40:46.175+0000] {logging_mixin.py:188} INFO - [2026-01-09T16:40:46.174+0000] {dag.py:3036} INFO - Sync 1 DAGs
[2026-01-09T16:40:46.181+0000] {logging_mixin.py:188} INFO - [2026-01-09T16:40:46.181+0000] {dag.py:3823} INFO - Setting next_dagrun for demo_hello_world to None, run_after=None
[2026-01-09T16:40:46.188+0000] {processor.py:183} INFO - Processing /opt/airflow/dags/demo_hello_world.py took 0.046 seconds
[2026-01-09T16:41:16.712+0000] {processor.py:161} INFO - Started process (PID=1193) to work on /opt/airflow/dags/demo_hello_world.py
[2026-01-09T16:41:16.713+0000] {processor.py:830} INFO - Processing file /opt/airflow/dags/demo_hello_world.py for tasks to queue
[2026-01-09T16:41:16.713+0000] {logging_mixin.py:188} INFO - [2026-01-09T16:41:16.713+0000] {dagbag.py:538} INFO - Filling up the DagBag from /opt/airflow/dags/demo_hello_world.py
[2026-01-09T16:41:16.725+0000] {processor.py:840} INFO - DAG(s) 'demo_hello_world' retrieved from /opt/airflow/dags/demo_hello_world.py
[2026-01-09T16:41:16.737+0000] {logging_mixin.py:188} INFO - [2026-01-09T16:41:16.737+0000] {dag.py:3036} INFO - Sync 1 DAGs
[2026-01-09T16:41:16.744+0000] {logging_mixin.py:188} INFO - [2026-01-09T16:41:16.743+0000] {dag.py:3823} INFO - Setting next_dagrun for demo_hello_world to None, run_after=None
[2026-01-09T16:41:16.751+0000] {processor.py:183} INFO - Processing /opt/airflow/dags/demo_hello_world.py took 0.043 seconds
[2026-01-09T16:41:47.312+0000] {processor.py:161} INFO - Started process (PID=1224) to work on /opt/airflow/dags/demo_hello_world.py
[2026-01-09T16:41:47.312+0000] {processor.py:830} INFO - Processing file /opt/airflow/dags/demo_hello_world.py for tasks to queue
[2026-01-09T16:41:47.313+0000] {logging_mixin.py:188} INFO - [2026-01-09T16:41:47.313+0000] {dagbag.py:538} INFO - Filling up the DagBag from /opt/airflow/dags/demo_hello_world.py
[2026-01-09T16:41:47.325+0000] {processor.py:840} INFO - DAG(s) 'demo_hello_world' retrieved from /opt/airflow/dags/demo_hello_world.py
[2026-01-09T16:41:47.337+0000] {logging_mixin.py:188} INFO - [2026-01-09T16:41:47.337+0000] {dag.py:3036} INFO - Sync 1 DAGs
[2026-01-09T16:41:47.343+0000] {logging_mixin.py:188} INFO - [2026-01-09T16:41:47.343+0000] {dag.py:3823} INFO - Setting next_dagrun for demo_hello_world to None, run_after=None
[2026-01-09T16:41:47.351+0000] {processor.py:183} INFO - Processing /opt/airflow/dags/demo_hello_world.py took 0.042 seconds
[2026-01-09T16:42:17.900+0000] {processor.py:161} INFO - Started process (PID=1255) to work on /opt/airflow/dags/demo_hello_world.py
[2026-01-09T16:42:17.900+0000] {processor.py:830} INFO - Processing file /opt/airflow/dags/demo_hello_world.py for tasks to queue
[2026-01-09T16:42:17.901+0000] {logging_mixin.py:188} INFO - [2026-01-09T16:42:17.901+0000] {dagbag.py:538} INFO - Filling up the DagBag from /opt/airflow/dags/demo_hello_world.py
[2026-01-09T16:42:17.910+0000] {processor.py:840} INFO - DAG(s) 'demo_hello_world' retrieved from /opt/airflow/dags/demo_hello_world.py
[2026-01-09T16:42:17.923+0000] {logging_mixin.py:188} INFO - [2026-01-09T16:42:17.923+0000] {dag.py:3036} INFO - Sync 1 DAGs
[2026-01-09T16:42:17.930+0000] {logging_mixin.py:188} INFO - [2026-01-09T16:42:17.929+0000] {dag.py:3823} INFO - Setting next_dagrun for demo_hello_world to None, run_after=None
[2026-01-09T16:42:17.938+0000] {processor.py:183} INFO - Processing /opt/airflow/dags/demo_hello_world.py took 0.041 seconds
[2026-01-09T16:42:48.477+0000] {processor.py:161} INFO - Started process (PID=1286) to work on /opt/airflow/dags/demo_hello_world.py
[2026-01-09T16:42:48.478+0000] {processor.py:830} INFO - Processing file /opt/airflow/dags/demo_hello_world.py for tasks to queue
[2026-01-09T16:42:48.479+0000] {logging_mixin.py:188} INFO - [2026-01-09T16:42:48.478+0000] {dagbag.py:538} INFO - Filling up the DagBag from /opt/airflow/dags/demo_hello_world.py
[2026-01-09T16:42:48.495+0000] {processor.py:840} INFO - DAG(s) 'demo_hello_world' retrieved from /opt/airflow/dags/demo_hello_world.py
[2026-01-09T16:42:48.520+0000] {logging_mixin.py:188} INFO - [2026-01-09T16:42:48.519+0000] {dag.py:3036} INFO - Sync 1 DAGs
[2026-01-09T16:42:48.528+0000] {logging_mixin.py:188} INFO - [2026-01-09T16:42:48.527+0000] {dag.py:3823} INFO - Setting next_dagrun for demo_hello_world to None, run_after=None
[2026-01-09T16:42:48.538+0000] {processor.py:183} INFO - Processing /opt/airflow/dags/demo_hello_world.py took 0.064 seconds
[2026-01-09T16:43:19.030+0000] {processor.py:161} INFO - Started process (PID=1317) to work on /opt/airflow/dags/demo_hello_world.py
[2026-01-09T16:43:19.031+0000] {processor.py:830} INFO - Processing file /opt/airflow/dags/demo_hello_world.py for tasks to queue
[2026-01-09T16:43:19.032+0000] {logging_mixin.py:188} INFO - [2026-01-09T16:43:19.032+0000] {dagbag.py:538} INFO - Filling up the DagBag from /opt/airflow/dags/demo_hello_world.py
[2026-01-09T16:43:19.049+0000] {processor.py:840} INFO - DAG(s) 'demo_hello_world' retrieved from /opt/airflow/dags/demo_hello_world.py
[2026-01-09T16:43:19.067+0000] {logging_mixin.py:188} INFO - [2026-01-09T16:43:19.067+0000] {dag.py:3036} INFO - Sync 1 DAGs
[2026-01-09T16:43:19.072+0000] {logging_mixin.py:188} INFO - [2026-01-09T16:43:19.072+0000] {dag.py:3823} INFO - Setting next_dagrun for demo_hello_world to None, run_after=None
[2026-01-09T16:43:19.079+0000] {processor.py:183} INFO - Processing /opt/airflow/dags/demo_hello_world.py took 0.054 seconds
[2026-01-09T16:43:49.854+0000] {processor.py:161} INFO - Started process (PID=1348) to work on /opt/airflow/dags/demo_hello_world.py
[2026-01-09T16:43:49.855+0000] {processor.py:830} INFO - Processing file /opt/airflow/dags/demo_hello_world.py for tasks to queue
[2026-01-09T16:43:49.856+0000] {logging_mixin.py:188} INFO - [2026-01-09T16:43:49.856+0000] {dagbag.py:538} INFO - Filling up the DagBag from /opt/airflow/dags/demo_hello_world.py
[2026-01-09T16:43:49.876+0000] {processor.py:840} INFO - DAG(s) 'demo_hello_world' retrieved from /opt/airflow/dags/demo_hello_world.py
[2026-01-09T16:43:49.891+0000] {logging_mixin.py:188} INFO - [2026-01-09T16:43:49.891+0000] {dag.py:3036} INFO - Sync 1 DAGs
[2026-01-09T16:43:49.897+0000] {logging_mixin.py:188} INFO - [2026-01-09T16:43:49.897+0000] {dag.py:3823} INFO - Setting next_dagrun for demo_hello_world to None, run_after=None
[2026-01-09T16:43:49.904+0000] {processor.py:183} INFO - Processing /opt/airflow/dags/demo_hello_world.py took 0.053 seconds
[2026-01-09T16:44:20.447+0000] {processor.py:161} INFO - Started process (PID=1379) to work on /opt/airflow/dags/demo_hello_world.py
[2026-01-09T16:44:20.448+0000] {processor.py:830} INFO - Processing file /opt/airflow/dags/demo_hello_world.py for tasks to queue
[2026-01-09T16:44:20.449+0000] {logging_mixin.py:188} INFO - [2026-01-09T16:44:20.448+0000] {dagbag.py:538} INFO - Filling up the DagBag from /opt/airflow/dags/demo_hello_world.py
[2026-01-09T16:44:20.460+0000] {processor.py:840} INFO - DAG(s) 'demo_hello_world' retrieved from /opt/airflow/dags/demo_hello_world.py
[2026-01-09T16:44:20.474+0000] {logging_mixin.py:188} INFO - [2026-01-09T16:44:20.474+0000] {dag.py:3036} INFO - Sync 1 DAGs
[2026-01-09T16:44:20.480+0000] {logging_mixin.py:188} INFO - [2026-01-09T16:44:20.480+0000] {dag.py:3823} INFO - Setting next_dagrun for demo_hello_world to None, run_after=None
[2026-01-09T16:44:20.488+0000] {processor.py:183} INFO - Processing /opt/airflow/dags/demo_hello_world.py took 0.043 seconds
[2026-01-09T16:44:50.991+0000] {processor.py:161} INFO - Started process (PID=1410) to work on /opt/airflow/dags/demo_hello_world.py
[2026-01-09T16:44:50.992+0000] {processor.py:830} INFO - Processing file /opt/airflow/dags/demo_hello_world.py for tasks to queue
[2026-01-09T16:44:50.993+0000] {logging_mixin.py:188} INFO - [2026-01-09T16:44:50.992+0000] {dagbag.py:538} INFO - Filling up the DagBag from /opt/airflow/dags/demo_hello_world.py
[2026-01-09T16:44:51.006+0000] {processor.py:840} INFO - DAG(s) 'demo_hello_world' retrieved from /opt/airflow/dags/demo_hello_world.py
[2026-01-09T16:44:51.025+0000] {logging_mixin.py:188} INFO - [2026-01-09T16:44:51.024+0000] {dag.py:3036} INFO - Sync 1 DAGs
[2026-01-09T16:44:51.032+0000] {logging_mixin.py:188} INFO - [2026-01-09T16:44:51.031+0000] {dag.py:3823} INFO - Setting next_dagrun for demo_hello_world to None, run_after=None
[2026-01-09T16:44:51.040+0000] {processor.py:183} INFO - Processing /opt/airflow/dags/demo_hello_world.py took 0.052 seconds
[2026-01-09T16:45:21.647+0000] {processor.py:161} INFO - Started process (PID=1441) to work on /opt/airflow/dags/demo_hello_world.py
[2026-01-09T16:45:21.648+0000] {processor.py:830} INFO - Processing file /opt/airflow/dags/demo_hello_world.py for tasks to queue
[2026-01-09T16:45:21.649+0000] {logging_mixin.py:188} INFO - [2026-01-09T16:45:21.649+0000] {dagbag.py:538} INFO - Filling up the DagBag from /opt/airflow/dags/demo_hello_world.py
[2026-01-09T16:45:21.659+0000] {processor.py:840} INFO - DAG(s) 'demo_hello_world' retrieved from /opt/airflow/dags/demo_hello_world.py
[2026-01-09T16:45:21.671+0000] {logging_mixin.py:188} INFO - [2026-01-09T16:45:21.671+0000] {dag.py:3036} INFO - Sync 1 DAGs
[2026-01-09T16:45:21.676+0000] {logging_mixin.py:188} INFO - [2026-01-09T16:45:21.676+0000] {dag.py:3823} INFO - Setting next_dagrun for demo_hello_world to None, run_after=None
[2026-01-09T16:45:21.684+0000] {processor.py:183} INFO - Processing /opt/airflow/dags/demo_hello_world.py took 0.040 seconds
