[2026-01-09T16:00:47.850+0000] {processor.py:161} INFO - Started process (PID=203) to work on /opt/airflow/dags/example_data_quality.py
[2026-01-09T16:00:47.851+0000] {processor.py:830} INFO - Processing file /opt/airflow/dags/example_data_quality.py for tasks to queue
[2026-01-09T16:00:47.852+0000] {logging_mixin.py:188} INFO - [2026-01-09T16:00:47.852+0000] {dagbag.py:538} INFO - Filling up the DagBag from /opt/airflow/dags/example_data_quality.py
[2026-01-09T16:00:47.902+0000] {processor.py:840} INFO - DAG(s) 'data_quality_monitoring' retrieved from /opt/airflow/dags/example_data_quality.py
[2026-01-09T16:00:48.465+0000] {logging_mixin.py:188} INFO - [2026-01-09T16:00:48.458+0000] {override.py:1769} INFO - Created Permission View: can delete on DAG:data_quality_monitoring
[2026-01-09T16:00:48.607+0000] {logging_mixin.py:188} INFO - [2026-01-09T16:00:48.597+0000] {override.py:1769} INFO - Created Permission View: can read on DAG:data_quality_monitoring
[2026-01-09T16:00:48.709+0000] {logging_mixin.py:188} INFO - [2026-01-09T16:00:48.703+0000] {override.py:1769} INFO - Created Permission View: can edit on DAG:data_quality_monitoring
[2026-01-09T16:00:48.710+0000] {logging_mixin.py:188} INFO - [2026-01-09T16:00:48.710+0000] {dag.py:3036} INFO - Sync 1 DAGs
[2026-01-09T16:00:48.728+0000] {logging_mixin.py:188} INFO - [2026-01-09T16:00:48.728+0000] {dag.py:3058} INFO - Creating ORM DAG for data_quality_monitoring
[2026-01-09T16:00:48.746+0000] {logging_mixin.py:188} INFO - [2026-01-09T16:00:48.746+0000] {dag.py:3823} INFO - Setting next_dagrun for data_quality_monitoring to 2026-01-09 12:00:00+00:00, run_after=2026-01-09 16:00:00+00:00
[2026-01-09T16:00:48.784+0000] {processor.py:183} INFO - Processing /opt/airflow/dags/example_data_quality.py took 0.953 seconds
[2026-01-09T16:01:19.395+0000] {processor.py:161} INFO - Started process (PID=228) to work on /opt/airflow/dags/example_data_quality.py
[2026-01-09T16:01:19.397+0000] {processor.py:830} INFO - Processing file /opt/airflow/dags/example_data_quality.py for tasks to queue
[2026-01-09T16:01:19.398+0000] {logging_mixin.py:188} INFO - [2026-01-09T16:01:19.397+0000] {dagbag.py:538} INFO - Filling up the DagBag from /opt/airflow/dags/example_data_quality.py
[2026-01-09T16:01:19.415+0000] {processor.py:840} INFO - DAG(s) 'data_quality_monitoring' retrieved from /opt/airflow/dags/example_data_quality.py
[2026-01-09T16:01:19.449+0000] {logging_mixin.py:188} INFO - [2026-01-09T16:01:19.449+0000] {dag.py:3036} INFO - Sync 1 DAGs
[2026-01-09T16:01:19.472+0000] {logging_mixin.py:188} INFO - [2026-01-09T16:01:19.472+0000] {dag.py:3823} INFO - Setting next_dagrun for data_quality_monitoring to 2026-01-09 12:00:00+00:00, run_after=2026-01-09 16:00:00+00:00
[2026-01-09T16:01:19.490+0000] {processor.py:183} INFO - Processing /opt/airflow/dags/example_data_quality.py took 0.098 seconds
[2026-01-09T16:01:49.886+0000] {processor.py:161} INFO - Started process (PID=258) to work on /opt/airflow/dags/example_data_quality.py
[2026-01-09T16:01:49.887+0000] {processor.py:830} INFO - Processing file /opt/airflow/dags/example_data_quality.py for tasks to queue
[2026-01-09T16:01:49.888+0000] {logging_mixin.py:188} INFO - [2026-01-09T16:01:49.887+0000] {dagbag.py:538} INFO - Filling up the DagBag from /opt/airflow/dags/example_data_quality.py
[2026-01-09T16:01:49.904+0000] {processor.py:840} INFO - DAG(s) 'data_quality_monitoring' retrieved from /opt/airflow/dags/example_data_quality.py
[2026-01-09T16:01:49.919+0000] {logging_mixin.py:188} INFO - [2026-01-09T16:01:49.919+0000] {dag.py:3036} INFO - Sync 1 DAGs
[2026-01-09T16:01:49.930+0000] {logging_mixin.py:188} INFO - [2026-01-09T16:01:49.930+0000] {dag.py:3823} INFO - Setting next_dagrun for data_quality_monitoring to 2026-01-09 12:00:00+00:00, run_after=2026-01-09 16:00:00+00:00
[2026-01-09T16:01:49.940+0000] {processor.py:183} INFO - Processing /opt/airflow/dags/example_data_quality.py took 0.056 seconds
[2026-01-09T16:02:20.291+0000] {processor.py:161} INFO - Started process (PID=291) to work on /opt/airflow/dags/example_data_quality.py
[2026-01-09T16:02:20.293+0000] {processor.py:830} INFO - Processing file /opt/airflow/dags/example_data_quality.py for tasks to queue
[2026-01-09T16:02:20.294+0000] {logging_mixin.py:188} INFO - [2026-01-09T16:02:20.294+0000] {dagbag.py:538} INFO - Filling up the DagBag from /opt/airflow/dags/example_data_quality.py
[2026-01-09T16:02:20.308+0000] {processor.py:840} INFO - DAG(s) 'data_quality_monitoring' retrieved from /opt/airflow/dags/example_data_quality.py
[2026-01-09T16:02:20.325+0000] {logging_mixin.py:188} INFO - [2026-01-09T16:02:20.325+0000] {dag.py:3036} INFO - Sync 1 DAGs
[2026-01-09T16:02:20.335+0000] {logging_mixin.py:188} INFO - [2026-01-09T16:02:20.335+0000] {dag.py:3823} INFO - Setting next_dagrun for data_quality_monitoring to 2026-01-09 12:00:00+00:00, run_after=2026-01-09 16:00:00+00:00
[2026-01-09T16:02:20.355+0000] {processor.py:183} INFO - Processing /opt/airflow/dags/example_data_quality.py took 0.069 seconds
[2026-01-09T16:02:50.605+0000] {processor.py:161} INFO - Started process (PID=324) to work on /opt/airflow/dags/example_data_quality.py
[2026-01-09T16:02:50.607+0000] {processor.py:830} INFO - Processing file /opt/airflow/dags/example_data_quality.py for tasks to queue
[2026-01-09T16:02:50.609+0000] {logging_mixin.py:188} INFO - [2026-01-09T16:02:50.608+0000] {dagbag.py:538} INFO - Filling up the DagBag from /opt/airflow/dags/example_data_quality.py
[2026-01-09T16:02:50.634+0000] {processor.py:840} INFO - DAG(s) 'data_quality_monitoring' retrieved from /opt/airflow/dags/example_data_quality.py
[2026-01-09T16:02:50.671+0000] {logging_mixin.py:188} INFO - [2026-01-09T16:02:50.671+0000] {dag.py:3036} INFO - Sync 1 DAGs
[2026-01-09T16:02:50.687+0000] {logging_mixin.py:188} INFO - [2026-01-09T16:02:50.686+0000] {dag.py:3823} INFO - Setting next_dagrun for data_quality_monitoring to 2026-01-09 12:00:00+00:00, run_after=2026-01-09 16:00:00+00:00
[2026-01-09T16:02:50.712+0000] {processor.py:183} INFO - Processing /opt/airflow/dags/example_data_quality.py took 0.110 seconds
[2026-01-09T16:03:38.476+0000] {processor.py:161} INFO - Started process (PID=355) to work on /opt/airflow/dags/example_data_quality.py
[2026-01-09T16:03:38.477+0000] {processor.py:830} INFO - Processing file /opt/airflow/dags/example_data_quality.py for tasks to queue
[2026-01-09T16:03:38.478+0000] {logging_mixin.py:188} INFO - [2026-01-09T16:03:38.478+0000] {dagbag.py:538} INFO - Filling up the DagBag from /opt/airflow/dags/example_data_quality.py
[2026-01-09T16:03:38.503+0000] {processor.py:840} INFO - DAG(s) 'data_quality_monitoring' retrieved from /opt/airflow/dags/example_data_quality.py
[2026-01-09T16:03:38.584+0000] {logging_mixin.py:188} INFO - [2026-01-09T16:03:38.584+0000] {dag.py:3036} INFO - Sync 1 DAGs
[2026-01-09T16:03:38.620+0000] {logging_mixin.py:188} INFO - [2026-01-09T16:03:38.619+0000] {dag.py:3823} INFO - Setting next_dagrun for data_quality_monitoring to 2026-01-09 12:00:00+00:00, run_after=2026-01-09 16:00:00+00:00
[2026-01-09T16:03:38.630+0000] {processor.py:183} INFO - Processing /opt/airflow/dags/example_data_quality.py took 0.168 seconds
[2026-01-09T16:04:09.022+0000] {processor.py:161} INFO - Started process (PID=390) to work on /opt/airflow/dags/example_data_quality.py
[2026-01-09T16:04:09.022+0000] {processor.py:830} INFO - Processing file /opt/airflow/dags/example_data_quality.py for tasks to queue
[2026-01-09T16:04:09.023+0000] {logging_mixin.py:188} INFO - [2026-01-09T16:04:09.023+0000] {dagbag.py:538} INFO - Filling up the DagBag from /opt/airflow/dags/example_data_quality.py
[2026-01-09T16:04:09.034+0000] {processor.py:840} INFO - DAG(s) 'data_quality_monitoring' retrieved from /opt/airflow/dags/example_data_quality.py
[2026-01-09T16:04:09.048+0000] {logging_mixin.py:188} INFO - [2026-01-09T16:04:09.048+0000] {dag.py:3036} INFO - Sync 1 DAGs
[2026-01-09T16:04:09.058+0000] {logging_mixin.py:188} INFO - [2026-01-09T16:04:09.058+0000] {dag.py:3823} INFO - Setting next_dagrun for data_quality_monitoring to 2026-01-09 12:00:00+00:00, run_after=2026-01-09 16:00:00+00:00
[2026-01-09T16:04:09.067+0000] {processor.py:183} INFO - Processing /opt/airflow/dags/example_data_quality.py took 0.047 seconds
[2026-01-09T16:04:39.550+0000] {processor.py:161} INFO - Started process (PID=423) to work on /opt/airflow/dags/example_data_quality.py
[2026-01-09T16:04:39.550+0000] {processor.py:830} INFO - Processing file /opt/airflow/dags/example_data_quality.py for tasks to queue
[2026-01-09T16:04:39.551+0000] {logging_mixin.py:188} INFO - [2026-01-09T16:04:39.551+0000] {dagbag.py:538} INFO - Filling up the DagBag from /opt/airflow/dags/example_data_quality.py
[2026-01-09T16:04:39.562+0000] {processor.py:840} INFO - DAG(s) 'data_quality_monitoring' retrieved from /opt/airflow/dags/example_data_quality.py
[2026-01-09T16:04:39.582+0000] {logging_mixin.py:188} INFO - [2026-01-09T16:04:39.582+0000] {dag.py:3036} INFO - Sync 1 DAGs
[2026-01-09T16:04:39.592+0000] {logging_mixin.py:188} INFO - [2026-01-09T16:04:39.592+0000] {dag.py:3823} INFO - Setting next_dagrun for data_quality_monitoring to 2026-01-09 12:00:00+00:00, run_after=2026-01-09 16:00:00+00:00
[2026-01-09T16:04:39.603+0000] {processor.py:183} INFO - Processing /opt/airflow/dags/example_data_quality.py took 0.056 seconds
[2026-01-09T16:06:15.829+0000] {processor.py:161} INFO - Started process (PID=195) to work on /opt/airflow/dags/example_data_quality.py
[2026-01-09T16:06:15.829+0000] {processor.py:830} INFO - Processing file /opt/airflow/dags/example_data_quality.py for tasks to queue
[2026-01-09T16:06:15.830+0000] {logging_mixin.py:188} INFO - [2026-01-09T16:06:15.829+0000] {dagbag.py:538} INFO - Filling up the DagBag from /opt/airflow/dags/example_data_quality.py
[2026-01-09T16:06:15.855+0000] {processor.py:840} INFO - DAG(s) 'data_quality_monitoring' retrieved from /opt/airflow/dags/example_data_quality.py
[2026-01-09T16:06:15.876+0000] {logging_mixin.py:188} INFO - [2026-01-09T16:06:15.876+0000] {dag.py:3036} INFO - Sync 1 DAGs
[2026-01-09T16:06:15.904+0000] {logging_mixin.py:188} INFO - [2026-01-09T16:06:15.904+0000] {dag.py:3823} INFO - Setting next_dagrun for data_quality_monitoring to 2026-01-09 12:00:00+00:00, run_after=2026-01-09 16:00:00+00:00
[2026-01-09T16:06:15.928+0000] {processor.py:183} INFO - Processing /opt/airflow/dags/example_data_quality.py took 0.101 seconds
[2026-01-09T16:06:46.200+0000] {processor.py:161} INFO - Started process (PID=224) to work on /opt/airflow/dags/example_data_quality.py
[2026-01-09T16:06:46.200+0000] {processor.py:830} INFO - Processing file /opt/airflow/dags/example_data_quality.py for tasks to queue
[2026-01-09T16:06:46.201+0000] {logging_mixin.py:188} INFO - [2026-01-09T16:06:46.200+0000] {dagbag.py:538} INFO - Filling up the DagBag from /opt/airflow/dags/example_data_quality.py
[2026-01-09T16:06:46.211+0000] {processor.py:840} INFO - DAG(s) 'data_quality_monitoring' retrieved from /opt/airflow/dags/example_data_quality.py
[2026-01-09T16:06:46.260+0000] {logging_mixin.py:188} INFO - [2026-01-09T16:06:46.260+0000] {dag.py:3036} INFO - Sync 1 DAGs
[2026-01-09T16:06:46.270+0000] {logging_mixin.py:188} INFO - [2026-01-09T16:06:46.270+0000] {dag.py:3823} INFO - Setting next_dagrun for data_quality_monitoring to 2026-01-09 12:00:00+00:00, run_after=2026-01-09 16:00:00+00:00
[2026-01-09T16:06:46.282+0000] {processor.py:183} INFO - Processing /opt/airflow/dags/example_data_quality.py took 0.084 seconds
[2026-01-09T16:07:16.837+0000] {processor.py:161} INFO - Started process (PID=257) to work on /opt/airflow/dags/example_data_quality.py
[2026-01-09T16:07:16.837+0000] {processor.py:830} INFO - Processing file /opt/airflow/dags/example_data_quality.py for tasks to queue
[2026-01-09T16:07:16.838+0000] {logging_mixin.py:188} INFO - [2026-01-09T16:07:16.838+0000] {dagbag.py:538} INFO - Filling up the DagBag from /opt/airflow/dags/example_data_quality.py
[2026-01-09T16:07:16.849+0000] {processor.py:840} INFO - DAG(s) 'data_quality_monitoring' retrieved from /opt/airflow/dags/example_data_quality.py
[2026-01-09T16:07:16.864+0000] {logging_mixin.py:188} INFO - [2026-01-09T16:07:16.863+0000] {dag.py:3036} INFO - Sync 1 DAGs
[2026-01-09T16:07:16.875+0000] {logging_mixin.py:188} INFO - [2026-01-09T16:07:16.875+0000] {dag.py:3823} INFO - Setting next_dagrun for data_quality_monitoring to 2026-01-09 12:00:00+00:00, run_after=2026-01-09 16:00:00+00:00
[2026-01-09T16:07:16.885+0000] {processor.py:183} INFO - Processing /opt/airflow/dags/example_data_quality.py took 0.050 seconds
[2026-01-09T16:07:47.369+0000] {processor.py:161} INFO - Started process (PID=290) to work on /opt/airflow/dags/example_data_quality.py
[2026-01-09T16:07:47.370+0000] {processor.py:830} INFO - Processing file /opt/airflow/dags/example_data_quality.py for tasks to queue
[2026-01-09T16:07:47.370+0000] {logging_mixin.py:188} INFO - [2026-01-09T16:07:47.370+0000] {dagbag.py:538} INFO - Filling up the DagBag from /opt/airflow/dags/example_data_quality.py
[2026-01-09T16:07:47.380+0000] {processor.py:840} INFO - DAG(s) 'data_quality_monitoring' retrieved from /opt/airflow/dags/example_data_quality.py
[2026-01-09T16:07:47.394+0000] {logging_mixin.py:188} INFO - [2026-01-09T16:07:47.394+0000] {dag.py:3036} INFO - Sync 1 DAGs
[2026-01-09T16:07:47.405+0000] {logging_mixin.py:188} INFO - [2026-01-09T16:07:47.405+0000] {dag.py:3823} INFO - Setting next_dagrun for data_quality_monitoring to 2026-01-09 12:00:00+00:00, run_after=2026-01-09 16:00:00+00:00
[2026-01-09T16:07:47.414+0000] {processor.py:183} INFO - Processing /opt/airflow/dags/example_data_quality.py took 0.047 seconds
[2026-01-09T16:08:17.849+0000] {processor.py:161} INFO - Started process (PID=323) to work on /opt/airflow/dags/example_data_quality.py
[2026-01-09T16:08:17.850+0000] {processor.py:830} INFO - Processing file /opt/airflow/dags/example_data_quality.py for tasks to queue
[2026-01-09T16:08:17.851+0000] {logging_mixin.py:188} INFO - [2026-01-09T16:08:17.850+0000] {dagbag.py:538} INFO - Filling up the DagBag from /opt/airflow/dags/example_data_quality.py
[2026-01-09T16:08:17.862+0000] {processor.py:840} INFO - DAG(s) 'data_quality_monitoring' retrieved from /opt/airflow/dags/example_data_quality.py
[2026-01-09T16:08:17.876+0000] {logging_mixin.py:188} INFO - [2026-01-09T16:08:17.876+0000] {dag.py:3036} INFO - Sync 1 DAGs
[2026-01-09T16:08:17.888+0000] {logging_mixin.py:188} INFO - [2026-01-09T16:08:17.888+0000] {dag.py:3823} INFO - Setting next_dagrun for data_quality_monitoring to 2026-01-09 12:00:00+00:00, run_after=2026-01-09 16:00:00+00:00
[2026-01-09T16:08:17.896+0000] {processor.py:183} INFO - Processing /opt/airflow/dags/example_data_quality.py took 0.048 seconds
[2026-01-09T16:09:18.806+0000] {processor.py:161} INFO - Started process (PID=367) to work on /opt/airflow/dags/example_data_quality.py
[2026-01-09T16:09:18.810+0000] {processor.py:830} INFO - Processing file /opt/airflow/dags/example_data_quality.py for tasks to queue
[2026-01-09T16:09:18.811+0000] {logging_mixin.py:188} INFO - [2026-01-09T16:09:18.811+0000] {dagbag.py:538} INFO - Filling up the DagBag from /opt/airflow/dags/example_data_quality.py
[2026-01-09T16:09:18.853+0000] {processor.py:840} INFO - DAG(s) 'data_quality_monitoring' retrieved from /opt/airflow/dags/example_data_quality.py
[2026-01-09T16:09:18.880+0000] {logging_mixin.py:188} INFO - [2026-01-09T16:09:18.880+0000] {dag.py:3036} INFO - Sync 1 DAGs
[2026-01-09T16:09:18.911+0000] {logging_mixin.py:188} INFO - [2026-01-09T16:09:18.911+0000] {dag.py:3823} INFO - Setting next_dagrun for data_quality_monitoring to 2026-01-09 12:00:00+00:00, run_after=2026-01-09 16:00:00+00:00
[2026-01-09T16:09:18.929+0000] {processor.py:183} INFO - Processing /opt/airflow/dags/example_data_quality.py took 0.132 seconds
[2026-01-09T16:09:49.022+0000] {processor.py:161} INFO - Started process (PID=389) to work on /opt/airflow/dags/example_data_quality.py
[2026-01-09T16:09:49.022+0000] {processor.py:830} INFO - Processing file /opt/airflow/dags/example_data_quality.py for tasks to queue
[2026-01-09T16:09:49.023+0000] {logging_mixin.py:188} INFO - [2026-01-09T16:09:49.023+0000] {dagbag.py:538} INFO - Filling up the DagBag from /opt/airflow/dags/example_data_quality.py
[2026-01-09T16:09:49.034+0000] {processor.py:840} INFO - DAG(s) 'data_quality_monitoring' retrieved from /opt/airflow/dags/example_data_quality.py
[2026-01-09T16:09:49.051+0000] {logging_mixin.py:188} INFO - [2026-01-09T16:09:49.051+0000] {dag.py:3036} INFO - Sync 1 DAGs
[2026-01-09T16:09:49.065+0000] {logging_mixin.py:188} INFO - [2026-01-09T16:09:49.065+0000] {dag.py:3823} INFO - Setting next_dagrun for data_quality_monitoring to 2026-01-09 12:00:00+00:00, run_after=2026-01-09 16:00:00+00:00
[2026-01-09T16:09:49.074+0000] {processor.py:183} INFO - Processing /opt/airflow/dags/example_data_quality.py took 0.054 seconds
[2026-01-09T16:10:19.484+0000] {processor.py:161} INFO - Started process (PID=421) to work on /opt/airflow/dags/example_data_quality.py
[2026-01-09T16:10:19.484+0000] {processor.py:830} INFO - Processing file /opt/airflow/dags/example_data_quality.py for tasks to queue
[2026-01-09T16:10:19.485+0000] {logging_mixin.py:188} INFO - [2026-01-09T16:10:19.484+0000] {dagbag.py:538} INFO - Filling up the DagBag from /opt/airflow/dags/example_data_quality.py
[2026-01-09T16:10:19.495+0000] {processor.py:840} INFO - DAG(s) 'data_quality_monitoring' retrieved from /opt/airflow/dags/example_data_quality.py
[2026-01-09T16:10:19.509+0000] {logging_mixin.py:188} INFO - [2026-01-09T16:10:19.509+0000] {dag.py:3036} INFO - Sync 1 DAGs
[2026-01-09T16:10:19.519+0000] {logging_mixin.py:188} INFO - [2026-01-09T16:10:19.519+0000] {dag.py:3823} INFO - Setting next_dagrun for data_quality_monitoring to 2026-01-09 12:00:00+00:00, run_after=2026-01-09 16:00:00+00:00
[2026-01-09T16:10:19.528+0000] {processor.py:183} INFO - Processing /opt/airflow/dags/example_data_quality.py took 0.047 seconds
[2026-01-09T16:10:49.972+0000] {processor.py:161} INFO - Started process (PID=453) to work on /opt/airflow/dags/example_data_quality.py
[2026-01-09T16:10:49.973+0000] {processor.py:830} INFO - Processing file /opt/airflow/dags/example_data_quality.py for tasks to queue
[2026-01-09T16:10:49.973+0000] {logging_mixin.py:188} INFO - [2026-01-09T16:10:49.973+0000] {dagbag.py:538} INFO - Filling up the DagBag from /opt/airflow/dags/example_data_quality.py
[2026-01-09T16:10:49.984+0000] {processor.py:840} INFO - DAG(s) 'data_quality_monitoring' retrieved from /opt/airflow/dags/example_data_quality.py
[2026-01-09T16:10:50.002+0000] {logging_mixin.py:188} INFO - [2026-01-09T16:10:50.002+0000] {dag.py:3036} INFO - Sync 1 DAGs
[2026-01-09T16:10:50.012+0000] {logging_mixin.py:188} INFO - [2026-01-09T16:10:50.012+0000] {dag.py:3823} INFO - Setting next_dagrun for data_quality_monitoring to 2026-01-09 12:00:00+00:00, run_after=2026-01-09 16:00:00+00:00
[2026-01-09T16:10:50.020+0000] {processor.py:183} INFO - Processing /opt/airflow/dags/example_data_quality.py took 0.050 seconds
[2026-01-09T16:11:20.434+0000] {processor.py:161} INFO - Started process (PID=486) to work on /opt/airflow/dags/example_data_quality.py
[2026-01-09T16:11:20.434+0000] {processor.py:830} INFO - Processing file /opt/airflow/dags/example_data_quality.py for tasks to queue
[2026-01-09T16:11:20.435+0000] {logging_mixin.py:188} INFO - [2026-01-09T16:11:20.434+0000] {dagbag.py:538} INFO - Filling up the DagBag from /opt/airflow/dags/example_data_quality.py
[2026-01-09T16:11:20.445+0000] {processor.py:840} INFO - DAG(s) 'data_quality_monitoring' retrieved from /opt/airflow/dags/example_data_quality.py
[2026-01-09T16:11:20.458+0000] {logging_mixin.py:188} INFO - [2026-01-09T16:11:20.458+0000] {dag.py:3036} INFO - Sync 1 DAGs
[2026-01-09T16:11:20.468+0000] {logging_mixin.py:188} INFO - [2026-01-09T16:11:20.468+0000] {dag.py:3823} INFO - Setting next_dagrun for data_quality_monitoring to 2026-01-09 12:00:00+00:00, run_after=2026-01-09 16:00:00+00:00
[2026-01-09T16:11:20.476+0000] {processor.py:183} INFO - Processing /opt/airflow/dags/example_data_quality.py took 0.044 seconds
[2026-01-09T16:11:51.272+0000] {processor.py:161} INFO - Started process (PID=519) to work on /opt/airflow/dags/example_data_quality.py
[2026-01-09T16:11:51.272+0000] {processor.py:830} INFO - Processing file /opt/airflow/dags/example_data_quality.py for tasks to queue
[2026-01-09T16:11:51.273+0000] {logging_mixin.py:188} INFO - [2026-01-09T16:11:51.272+0000] {dagbag.py:538} INFO - Filling up the DagBag from /opt/airflow/dags/example_data_quality.py
[2026-01-09T16:11:51.283+0000] {processor.py:840} INFO - DAG(s) 'data_quality_monitoring' retrieved from /opt/airflow/dags/example_data_quality.py
[2026-01-09T16:11:51.297+0000] {logging_mixin.py:188} INFO - [2026-01-09T16:11:51.296+0000] {dag.py:3036} INFO - Sync 1 DAGs
[2026-01-09T16:11:51.305+0000] {logging_mixin.py:188} INFO - [2026-01-09T16:11:51.305+0000] {dag.py:3823} INFO - Setting next_dagrun for data_quality_monitoring to 2026-01-09 12:00:00+00:00, run_after=2026-01-09 16:00:00+00:00
[2026-01-09T16:11:51.315+0000] {processor.py:183} INFO - Processing /opt/airflow/dags/example_data_quality.py took 0.045 seconds
[2026-01-09T16:12:21.493+0000] {processor.py:161} INFO - Started process (PID=553) to work on /opt/airflow/dags/example_data_quality.py
[2026-01-09T16:12:21.493+0000] {processor.py:830} INFO - Processing file /opt/airflow/dags/example_data_quality.py for tasks to queue
[2026-01-09T16:12:21.494+0000] {logging_mixin.py:188} INFO - [2026-01-09T16:12:21.494+0000] {dagbag.py:538} INFO - Filling up the DagBag from /opt/airflow/dags/example_data_quality.py
[2026-01-09T16:12:21.504+0000] {processor.py:840} INFO - DAG(s) 'data_quality_monitoring' retrieved from /opt/airflow/dags/example_data_quality.py
[2026-01-09T16:12:21.517+0000] {logging_mixin.py:188} INFO - [2026-01-09T16:12:21.517+0000] {dag.py:3036} INFO - Sync 1 DAGs
[2026-01-09T16:12:21.527+0000] {logging_mixin.py:188} INFO - [2026-01-09T16:12:21.526+0000] {dag.py:3823} INFO - Setting next_dagrun for data_quality_monitoring to 2026-01-09 12:00:00+00:00, run_after=2026-01-09 16:00:00+00:00
[2026-01-09T16:12:21.680+0000] {processor.py:183} INFO - Processing /opt/airflow/dags/example_data_quality.py took 0.189 seconds
[2026-01-09T16:12:52.144+0000] {processor.py:161} INFO - Started process (PID=585) to work on /opt/airflow/dags/example_data_quality.py
[2026-01-09T16:12:52.144+0000] {processor.py:830} INFO - Processing file /opt/airflow/dags/example_data_quality.py for tasks to queue
[2026-01-09T16:12:52.145+0000] {logging_mixin.py:188} INFO - [2026-01-09T16:12:52.145+0000] {dagbag.py:538} INFO - Filling up the DagBag from /opt/airflow/dags/example_data_quality.py
[2026-01-09T16:12:52.290+0000] {processor.py:840} INFO - DAG(s) 'data_quality_monitoring' retrieved from /opt/airflow/dags/example_data_quality.py
[2026-01-09T16:12:52.308+0000] {logging_mixin.py:188} INFO - [2026-01-09T16:12:52.308+0000] {dag.py:3036} INFO - Sync 1 DAGs
[2026-01-09T16:12:52.322+0000] {logging_mixin.py:188} INFO - [2026-01-09T16:12:52.322+0000] {dag.py:3823} INFO - Setting next_dagrun for data_quality_monitoring to 2026-01-09 12:00:00+00:00, run_after=2026-01-09 16:00:00+00:00
[2026-01-09T16:12:52.332+0000] {processor.py:183} INFO - Processing /opt/airflow/dags/example_data_quality.py took 0.191 seconds
[2026-01-09T16:13:25.387+0000] {processor.py:161} INFO - Started process (PID=617) to work on /opt/airflow/dags/example_data_quality.py
[2026-01-09T16:13:25.390+0000] {processor.py:830} INFO - Processing file /opt/airflow/dags/example_data_quality.py for tasks to queue
[2026-01-09T16:13:25.391+0000] {logging_mixin.py:188} INFO - [2026-01-09T16:13:25.390+0000] {dagbag.py:538} INFO - Filling up the DagBag from /opt/airflow/dags/example_data_quality.py
[2026-01-09T16:13:25.449+0000] {processor.py:840} INFO - DAG(s) 'data_quality_monitoring' retrieved from /opt/airflow/dags/example_data_quality.py
[2026-01-09T16:13:25.635+0000] {logging_mixin.py:188} INFO - [2026-01-09T16:13:25.630+0000] {dag.py:3036} INFO - Sync 1 DAGs
[2026-01-09T16:13:29.141+0000] {logging_mixin.py:188} INFO - [2026-01-09T16:13:28.669+0000] {dag.py:3823} INFO - Setting next_dagrun for data_quality_monitoring to 2026-01-09 12:00:00+00:00, run_after=2026-01-09 16:00:00+00:00
[2026-01-09T16:13:30.277+0000] {processor.py:183} INFO - Processing /opt/airflow/dags/example_data_quality.py took 4.884 seconds
[2026-01-09T16:14:01.614+0000] {processor.py:161} INFO - Started process (PID=652) to work on /opt/airflow/dags/example_data_quality.py
[2026-01-09T16:14:01.615+0000] {processor.py:830} INFO - Processing file /opt/airflow/dags/example_data_quality.py for tasks to queue
[2026-01-09T16:14:01.616+0000] {logging_mixin.py:188} INFO - [2026-01-09T16:14:01.616+0000] {dagbag.py:538} INFO - Filling up the DagBag from /opt/airflow/dags/example_data_quality.py
[2026-01-09T16:14:01.629+0000] {processor.py:840} INFO - DAG(s) 'data_quality_monitoring' retrieved from /opt/airflow/dags/example_data_quality.py
[2026-01-09T16:14:01.642+0000] {logging_mixin.py:188} INFO - [2026-01-09T16:14:01.642+0000] {dag.py:3036} INFO - Sync 1 DAGs
[2026-01-09T16:14:01.652+0000] {logging_mixin.py:188} INFO - [2026-01-09T16:14:01.651+0000] {dag.py:3823} INFO - Setting next_dagrun for data_quality_monitoring to 2026-01-09 12:00:00+00:00, run_after=2026-01-09 16:00:00+00:00
[2026-01-09T16:14:01.659+0000] {processor.py:183} INFO - Processing /opt/airflow/dags/example_data_quality.py took 0.047 seconds
[2026-01-09T16:14:32.191+0000] {processor.py:161} INFO - Started process (PID=685) to work on /opt/airflow/dags/example_data_quality.py
[2026-01-09T16:14:32.194+0000] {processor.py:830} INFO - Processing file /opt/airflow/dags/example_data_quality.py for tasks to queue
[2026-01-09T16:14:32.197+0000] {logging_mixin.py:188} INFO - [2026-01-09T16:14:32.196+0000] {dagbag.py:538} INFO - Filling up the DagBag from /opt/airflow/dags/example_data_quality.py
[2026-01-09T16:14:32.228+0000] {processor.py:840} INFO - DAG(s) 'data_quality_monitoring' retrieved from /opt/airflow/dags/example_data_quality.py
[2026-01-09T16:14:32.256+0000] {logging_mixin.py:188} INFO - [2026-01-09T16:14:32.256+0000] {dag.py:3036} INFO - Sync 1 DAGs
[2026-01-09T16:14:32.269+0000] {logging_mixin.py:188} INFO - [2026-01-09T16:14:32.269+0000] {dag.py:3823} INFO - Setting next_dagrun for data_quality_monitoring to 2026-01-09 12:00:00+00:00, run_after=2026-01-09 16:00:00+00:00
[2026-01-09T16:14:32.288+0000] {processor.py:183} INFO - Processing /opt/airflow/dags/example_data_quality.py took 0.104 seconds
[2026-01-09T16:15:02.387+0000] {processor.py:161} INFO - Started process (PID=711) to work on /opt/airflow/dags/example_data_quality.py
[2026-01-09T16:15:02.387+0000] {processor.py:830} INFO - Processing file /opt/airflow/dags/example_data_quality.py for tasks to queue
[2026-01-09T16:15:02.388+0000] {logging_mixin.py:188} INFO - [2026-01-09T16:15:02.388+0000] {dagbag.py:538} INFO - Filling up the DagBag from /opt/airflow/dags/example_data_quality.py
[2026-01-09T16:15:02.404+0000] {processor.py:840} INFO - DAG(s) 'data_quality_monitoring' retrieved from /opt/airflow/dags/example_data_quality.py
[2026-01-09T16:15:02.423+0000] {logging_mixin.py:188} INFO - [2026-01-09T16:15:02.423+0000] {dag.py:3036} INFO - Sync 1 DAGs
[2026-01-09T16:15:02.438+0000] {logging_mixin.py:188} INFO - [2026-01-09T16:15:02.438+0000] {dag.py:3823} INFO - Setting next_dagrun for data_quality_monitoring to 2026-01-09 12:00:00+00:00, run_after=2026-01-09 16:00:00+00:00
[2026-01-09T16:15:02.447+0000] {processor.py:183} INFO - Processing /opt/airflow/dags/example_data_quality.py took 0.063 seconds
[2026-01-09T16:15:32.862+0000] {processor.py:161} INFO - Started process (PID=744) to work on /opt/airflow/dags/example_data_quality.py
[2026-01-09T16:15:32.862+0000] {processor.py:830} INFO - Processing file /opt/airflow/dags/example_data_quality.py for tasks to queue
[2026-01-09T16:15:32.863+0000] {logging_mixin.py:188} INFO - [2026-01-09T16:15:32.863+0000] {dagbag.py:538} INFO - Filling up the DagBag from /opt/airflow/dags/example_data_quality.py
[2026-01-09T16:15:32.881+0000] {processor.py:840} INFO - DAG(s) 'data_quality_monitoring' retrieved from /opt/airflow/dags/example_data_quality.py
[2026-01-09T16:15:32.901+0000] {logging_mixin.py:188} INFO - [2026-01-09T16:15:32.900+0000] {dag.py:3036} INFO - Sync 1 DAGs
[2026-01-09T16:15:32.917+0000] {logging_mixin.py:188} INFO - [2026-01-09T16:15:32.917+0000] {dag.py:3823} INFO - Setting next_dagrun for data_quality_monitoring to 2026-01-09 12:00:00+00:00, run_after=2026-01-09 16:00:00+00:00
[2026-01-09T16:15:32.925+0000] {processor.py:183} INFO - Processing /opt/airflow/dags/example_data_quality.py took 0.066 seconds
[2026-01-09T16:17:05.144+0000] {processor.py:161} INFO - Started process (PID=201) to work on /opt/airflow/dags/example_data_quality.py
[2026-01-09T16:17:05.145+0000] {processor.py:830} INFO - Processing file /opt/airflow/dags/example_data_quality.py for tasks to queue
[2026-01-09T16:17:05.145+0000] {logging_mixin.py:188} INFO - [2026-01-09T16:17:05.145+0000] {dagbag.py:538} INFO - Filling up the DagBag from /opt/airflow/dags/example_data_quality.py
[2026-01-09T16:17:05.155+0000] {processor.py:840} INFO - DAG(s) 'data_quality_monitoring' retrieved from /opt/airflow/dags/example_data_quality.py
[2026-01-09T16:17:05.162+0000] {logging_mixin.py:188} INFO - [2026-01-09T16:17:05.162+0000] {dag.py:3036} INFO - Sync 1 DAGs
[2026-01-09T16:17:05.174+0000] {logging_mixin.py:188} INFO - [2026-01-09T16:17:05.174+0000] {dag.py:3823} INFO - Setting next_dagrun for data_quality_monitoring to 2026-01-09 12:00:00+00:00, run_after=2026-01-09 16:00:00+00:00
[2026-01-09T16:17:05.184+0000] {processor.py:183} INFO - Processing /opt/airflow/dags/example_data_quality.py took 0.042 seconds
[2026-01-09T16:17:35.873+0000] {processor.py:161} INFO - Started process (PID=239) to work on /opt/airflow/dags/example_data_quality.py
[2026-01-09T16:17:35.874+0000] {processor.py:830} INFO - Processing file /opt/airflow/dags/example_data_quality.py for tasks to queue
[2026-01-09T16:17:35.874+0000] {logging_mixin.py:188} INFO - [2026-01-09T16:17:35.874+0000] {dagbag.py:538} INFO - Filling up the DagBag from /opt/airflow/dags/example_data_quality.py
[2026-01-09T16:17:35.889+0000] {processor.py:840} INFO - DAG(s) 'data_quality_monitoring' retrieved from /opt/airflow/dags/example_data_quality.py
[2026-01-09T16:17:36.072+0000] {logging_mixin.py:188} INFO - [2026-01-09T16:17:36.071+0000] {dag.py:3036} INFO - Sync 1 DAGs
[2026-01-09T16:17:36.095+0000] {logging_mixin.py:188} INFO - [2026-01-09T16:17:36.095+0000] {dag.py:3823} INFO - Setting next_dagrun for data_quality_monitoring to 2026-01-09 12:00:00+00:00, run_after=2026-01-09 16:00:00+00:00
[2026-01-09T16:17:36.130+0000] {processor.py:183} INFO - Processing /opt/airflow/dags/example_data_quality.py took 0.259 seconds
[2026-01-09T16:18:06.184+0000] {processor.py:161} INFO - Started process (PID=273) to work on /opt/airflow/dags/example_data_quality.py
[2026-01-09T16:18:06.185+0000] {processor.py:830} INFO - Processing file /opt/airflow/dags/example_data_quality.py for tasks to queue
[2026-01-09T16:18:06.186+0000] {logging_mixin.py:188} INFO - [2026-01-09T16:18:06.185+0000] {dagbag.py:538} INFO - Filling up the DagBag from /opt/airflow/dags/example_data_quality.py
[2026-01-09T16:18:06.198+0000] {processor.py:840} INFO - DAG(s) 'data_quality_monitoring' retrieved from /opt/airflow/dags/example_data_quality.py
[2026-01-09T16:18:06.213+0000] {logging_mixin.py:188} INFO - [2026-01-09T16:18:06.213+0000] {dag.py:3036} INFO - Sync 1 DAGs
[2026-01-09T16:18:06.224+0000] {logging_mixin.py:188} INFO - [2026-01-09T16:18:06.224+0000] {dag.py:3823} INFO - Setting next_dagrun for data_quality_monitoring to 2026-01-09 12:00:00+00:00, run_after=2026-01-09 16:00:00+00:00
[2026-01-09T16:18:06.235+0000] {processor.py:183} INFO - Processing /opt/airflow/dags/example_data_quality.py took 0.053 seconds
[2026-01-09T16:18:36.619+0000] {processor.py:161} INFO - Started process (PID=309) to work on /opt/airflow/dags/example_data_quality.py
[2026-01-09T16:18:36.620+0000] {processor.py:830} INFO - Processing file /opt/airflow/dags/example_data_quality.py for tasks to queue
[2026-01-09T16:18:36.623+0000] {logging_mixin.py:188} INFO - [2026-01-09T16:18:36.623+0000] {dagbag.py:538} INFO - Filling up the DagBag from /opt/airflow/dags/example_data_quality.py
[2026-01-09T16:18:36.645+0000] {processor.py:840} INFO - DAG(s) 'data_quality_monitoring' retrieved from /opt/airflow/dags/example_data_quality.py
[2026-01-09T16:18:36.658+0000] {logging_mixin.py:188} INFO - [2026-01-09T16:18:36.658+0000] {dag.py:3036} INFO - Sync 1 DAGs
[2026-01-09T16:18:36.668+0000] {logging_mixin.py:188} INFO - [2026-01-09T16:18:36.668+0000] {dag.py:3823} INFO - Setting next_dagrun for data_quality_monitoring to 2026-01-09 12:00:00+00:00, run_after=2026-01-09 16:00:00+00:00
[2026-01-09T16:18:36.677+0000] {processor.py:183} INFO - Processing /opt/airflow/dags/example_data_quality.py took 0.060 seconds
[2026-01-09T16:19:07.176+0000] {processor.py:161} INFO - Started process (PID=347) to work on /opt/airflow/dags/example_data_quality.py
[2026-01-09T16:19:07.177+0000] {processor.py:830} INFO - Processing file /opt/airflow/dags/example_data_quality.py for tasks to queue
[2026-01-09T16:19:07.177+0000] {logging_mixin.py:188} INFO - [2026-01-09T16:19:07.177+0000] {dagbag.py:538} INFO - Filling up the DagBag from /opt/airflow/dags/example_data_quality.py
[2026-01-09T16:19:07.191+0000] {processor.py:840} INFO - DAG(s) 'data_quality_monitoring' retrieved from /opt/airflow/dags/example_data_quality.py
[2026-01-09T16:19:07.206+0000] {logging_mixin.py:188} INFO - [2026-01-09T16:19:07.206+0000] {dag.py:3036} INFO - Sync 1 DAGs
[2026-01-09T16:19:07.218+0000] {logging_mixin.py:188} INFO - [2026-01-09T16:19:07.218+0000] {dag.py:3823} INFO - Setting next_dagrun for data_quality_monitoring to 2026-01-09 12:00:00+00:00, run_after=2026-01-09 16:00:00+00:00
[2026-01-09T16:19:07.226+0000] {processor.py:183} INFO - Processing /opt/airflow/dags/example_data_quality.py took 0.053 seconds
[2026-01-09T16:19:37.661+0000] {processor.py:161} INFO - Started process (PID=384) to work on /opt/airflow/dags/example_data_quality.py
[2026-01-09T16:19:37.662+0000] {processor.py:830} INFO - Processing file /opt/airflow/dags/example_data_quality.py for tasks to queue
[2026-01-09T16:19:37.663+0000] {logging_mixin.py:188} INFO - [2026-01-09T16:19:37.663+0000] {dagbag.py:538} INFO - Filling up the DagBag from /opt/airflow/dags/example_data_quality.py
[2026-01-09T16:19:37.674+0000] {processor.py:840} INFO - DAG(s) 'data_quality_monitoring' retrieved from /opt/airflow/dags/example_data_quality.py
[2026-01-09T16:19:37.690+0000] {logging_mixin.py:188} INFO - [2026-01-09T16:19:37.690+0000] {dag.py:3036} INFO - Sync 1 DAGs
[2026-01-09T16:19:37.699+0000] {logging_mixin.py:188} INFO - [2026-01-09T16:19:37.699+0000] {dag.py:3823} INFO - Setting next_dagrun for data_quality_monitoring to 2026-01-09 12:00:00+00:00, run_after=2026-01-09 16:00:00+00:00
[2026-01-09T16:19:37.705+0000] {processor.py:183} INFO - Processing /opt/airflow/dags/example_data_quality.py took 0.046 seconds
[2026-01-09T16:20:07.923+0000] {processor.py:161} INFO - Started process (PID=422) to work on /opt/airflow/dags/example_data_quality.py
[2026-01-09T16:20:07.923+0000] {processor.py:830} INFO - Processing file /opt/airflow/dags/example_data_quality.py for tasks to queue
[2026-01-09T16:20:07.924+0000] {logging_mixin.py:188} INFO - [2026-01-09T16:20:07.924+0000] {dagbag.py:538} INFO - Filling up the DagBag from /opt/airflow/dags/example_data_quality.py
[2026-01-09T16:20:07.946+0000] {processor.py:840} INFO - DAG(s) 'data_quality_monitoring' retrieved from /opt/airflow/dags/example_data_quality.py
[2026-01-09T16:20:07.969+0000] {logging_mixin.py:188} INFO - [2026-01-09T16:20:07.969+0000] {dag.py:3036} INFO - Sync 1 DAGs
[2026-01-09T16:20:07.982+0000] {logging_mixin.py:188} INFO - [2026-01-09T16:20:07.982+0000] {dag.py:3823} INFO - Setting next_dagrun for data_quality_monitoring to 2026-01-09 12:00:00+00:00, run_after=2026-01-09 16:00:00+00:00
[2026-01-09T16:20:07.991+0000] {processor.py:183} INFO - Processing /opt/airflow/dags/example_data_quality.py took 0.071 seconds
[2026-01-09T16:20:38.456+0000] {processor.py:161} INFO - Started process (PID=460) to work on /opt/airflow/dags/example_data_quality.py
[2026-01-09T16:20:38.458+0000] {processor.py:830} INFO - Processing file /opt/airflow/dags/example_data_quality.py for tasks to queue
[2026-01-09T16:20:38.459+0000] {logging_mixin.py:188} INFO - [2026-01-09T16:20:38.459+0000] {dagbag.py:538} INFO - Filling up the DagBag from /opt/airflow/dags/example_data_quality.py
[2026-01-09T16:20:38.479+0000] {processor.py:840} INFO - DAG(s) 'data_quality_monitoring' retrieved from /opt/airflow/dags/example_data_quality.py
[2026-01-09T16:20:38.521+0000] {logging_mixin.py:188} INFO - [2026-01-09T16:20:38.521+0000] {dag.py:3036} INFO - Sync 1 DAGs
[2026-01-09T16:20:38.545+0000] {logging_mixin.py:188} INFO - [2026-01-09T16:20:38.544+0000] {dag.py:3823} INFO - Setting next_dagrun for data_quality_monitoring to 2026-01-09 12:00:00+00:00, run_after=2026-01-09 16:00:00+00:00
[2026-01-09T16:20:38.555+0000] {processor.py:183} INFO - Processing /opt/airflow/dags/example_data_quality.py took 0.101 seconds
[2026-01-09T16:21:12.890+0000] {processor.py:161} INFO - Started process (PID=500) to work on /opt/airflow/dags/example_data_quality.py
[2026-01-09T16:21:12.890+0000] {processor.py:830} INFO - Processing file /opt/airflow/dags/example_data_quality.py for tasks to queue
[2026-01-09T16:21:12.891+0000] {logging_mixin.py:188} INFO - [2026-01-09T16:21:12.890+0000] {dagbag.py:538} INFO - Filling up the DagBag from /opt/airflow/dags/example_data_quality.py
[2026-01-09T16:21:12.915+0000] {processor.py:840} INFO - DAG(s) 'data_quality_monitoring' retrieved from /opt/airflow/dags/example_data_quality.py
[2026-01-09T16:21:12.956+0000] {logging_mixin.py:188} INFO - [2026-01-09T16:21:12.956+0000] {dag.py:3036} INFO - Sync 1 DAGs
[2026-01-09T16:21:12.978+0000] {logging_mixin.py:188} INFO - [2026-01-09T16:21:12.978+0000] {dag.py:3823} INFO - Setting next_dagrun for data_quality_monitoring to 2026-01-09 12:00:00+00:00, run_after=2026-01-09 16:00:00+00:00
[2026-01-09T16:21:13.002+0000] {processor.py:183} INFO - Processing /opt/airflow/dags/example_data_quality.py took 0.115 seconds
[2026-01-09T16:21:49.866+0000] {processor.py:161} INFO - Started process (PID=536) to work on /opt/airflow/dags/example_data_quality.py
[2026-01-09T16:21:49.867+0000] {processor.py:830} INFO - Processing file /opt/airflow/dags/example_data_quality.py for tasks to queue
[2026-01-09T16:21:49.870+0000] {logging_mixin.py:188} INFO - [2026-01-09T16:21:49.868+0000] {dagbag.py:538} INFO - Filling up the DagBag from /opt/airflow/dags/example_data_quality.py
[2026-01-09T16:21:49.927+0000] {processor.py:840} INFO - DAG(s) 'data_quality_monitoring' retrieved from /opt/airflow/dags/example_data_quality.py
[2026-01-09T16:21:50.010+0000] {logging_mixin.py:188} INFO - [2026-01-09T16:21:50.010+0000] {dag.py:3036} INFO - Sync 1 DAGs
[2026-01-09T16:21:50.029+0000] {logging_mixin.py:188} INFO - [2026-01-09T16:21:50.029+0000] {dag.py:3823} INFO - Setting next_dagrun for data_quality_monitoring to 2026-01-09 12:00:00+00:00, run_after=2026-01-09 16:00:00+00:00
[2026-01-09T16:21:50.040+0000] {processor.py:183} INFO - Processing /opt/airflow/dags/example_data_quality.py took 0.179 seconds
[2026-01-09T16:22:22.397+0000] {processor.py:161} INFO - Started process (PID=573) to work on /opt/airflow/dags/example_data_quality.py
[2026-01-09T16:22:22.398+0000] {processor.py:830} INFO - Processing file /opt/airflow/dags/example_data_quality.py for tasks to queue
[2026-01-09T16:22:22.400+0000] {logging_mixin.py:188} INFO - [2026-01-09T16:22:22.399+0000] {dagbag.py:538} INFO - Filling up the DagBag from /opt/airflow/dags/example_data_quality.py
[2026-01-09T16:22:22.423+0000] {processor.py:840} INFO - DAG(s) 'data_quality_monitoring' retrieved from /opt/airflow/dags/example_data_quality.py
[2026-01-09T16:22:22.481+0000] {logging_mixin.py:188} INFO - [2026-01-09T16:22:22.480+0000] {dag.py:3036} INFO - Sync 1 DAGs
[2026-01-09T16:22:22.505+0000] {logging_mixin.py:188} INFO - [2026-01-09T16:22:22.505+0000] {dag.py:3823} INFO - Setting next_dagrun for data_quality_monitoring to 2026-01-09 12:00:00+00:00, run_after=2026-01-09 16:00:00+00:00
[2026-01-09T16:22:22.530+0000] {processor.py:183} INFO - Processing /opt/airflow/dags/example_data_quality.py took 0.137 seconds
[2026-01-09T16:22:54.068+0000] {processor.py:161} INFO - Started process (PID=610) to work on /opt/airflow/dags/example_data_quality.py
[2026-01-09T16:22:54.070+0000] {processor.py:830} INFO - Processing file /opt/airflow/dags/example_data_quality.py for tasks to queue
[2026-01-09T16:22:54.070+0000] {logging_mixin.py:188} INFO - [2026-01-09T16:22:54.070+0000] {dagbag.py:538} INFO - Filling up the DagBag from /opt/airflow/dags/example_data_quality.py
[2026-01-09T16:22:54.092+0000] {processor.py:840} INFO - DAG(s) 'data_quality_monitoring' retrieved from /opt/airflow/dags/example_data_quality.py
[2026-01-09T16:22:54.118+0000] {logging_mixin.py:188} INFO - [2026-01-09T16:22:54.118+0000] {dag.py:3036} INFO - Sync 1 DAGs
[2026-01-09T16:22:54.226+0000] {logging_mixin.py:188} INFO - [2026-01-09T16:22:54.226+0000] {dag.py:3823} INFO - Setting next_dagrun for data_quality_monitoring to 2026-01-09 12:00:00+00:00, run_after=2026-01-09 16:00:00+00:00
[2026-01-09T16:22:54.233+0000] {processor.py:183} INFO - Processing /opt/airflow/dags/example_data_quality.py took 0.172 seconds
[2026-01-09T16:23:24.843+0000] {processor.py:161} INFO - Started process (PID=645) to work on /opt/airflow/dags/example_data_quality.py
[2026-01-09T16:23:24.844+0000] {processor.py:830} INFO - Processing file /opt/airflow/dags/example_data_quality.py for tasks to queue
[2026-01-09T16:23:24.844+0000] {logging_mixin.py:188} INFO - [2026-01-09T16:23:24.844+0000] {dagbag.py:538} INFO - Filling up the DagBag from /opt/airflow/dags/example_data_quality.py
[2026-01-09T16:23:24.856+0000] {processor.py:840} INFO - DAG(s) 'data_quality_monitoring' retrieved from /opt/airflow/dags/example_data_quality.py
[2026-01-09T16:23:24.981+0000] {logging_mixin.py:188} INFO - [2026-01-09T16:23:24.980+0000] {dag.py:3036} INFO - Sync 1 DAGs
[2026-01-09T16:23:24.990+0000] {logging_mixin.py:188} INFO - [2026-01-09T16:23:24.989+0000] {dag.py:3823} INFO - Setting next_dagrun for data_quality_monitoring to 2026-01-09 12:00:00+00:00, run_after=2026-01-09 16:00:00+00:00
[2026-01-09T16:23:24.998+0000] {processor.py:183} INFO - Processing /opt/airflow/dags/example_data_quality.py took 0.157 seconds
[2026-01-09T16:24:09.753+0000] {processor.py:161} INFO - Started process (PID=177) to work on /opt/airflow/dags/example_data_quality.py
[2026-01-09T16:24:09.754+0000] {processor.py:830} INFO - Processing file /opt/airflow/dags/example_data_quality.py for tasks to queue
[2026-01-09T16:24:09.756+0000] {logging_mixin.py:188} INFO - [2026-01-09T16:24:09.756+0000] {dagbag.py:538} INFO - Filling up the DagBag from /opt/airflow/dags/example_data_quality.py
[2026-01-09T16:24:09.771+0000] {processor.py:840} INFO - DAG(s) 'data_quality_monitoring' retrieved from /opt/airflow/dags/example_data_quality.py
[2026-01-09T16:24:09.783+0000] {logging_mixin.py:188} INFO - [2026-01-09T16:24:09.783+0000] {dag.py:3036} INFO - Sync 1 DAGs
[2026-01-09T16:24:09.797+0000] {logging_mixin.py:188} INFO - [2026-01-09T16:24:09.797+0000] {dag.py:3823} INFO - Setting next_dagrun for data_quality_monitoring to 2026-01-09 12:00:00+00:00, run_after=2026-01-09 16:00:00+00:00
[2026-01-09T16:24:09.805+0000] {processor.py:183} INFO - Processing /opt/airflow/dags/example_data_quality.py took 0.054 seconds
[2026-01-09T16:24:43.535+0000] {processor.py:161} INFO - Started process (PID=177) to work on /opt/airflow/dags/example_data_quality.py
[2026-01-09T16:24:43.538+0000] {processor.py:830} INFO - Processing file /opt/airflow/dags/example_data_quality.py for tasks to queue
[2026-01-09T16:24:43.540+0000] {logging_mixin.py:188} INFO - [2026-01-09T16:24:43.538+0000] {dagbag.py:538} INFO - Filling up the DagBag from /opt/airflow/dags/example_data_quality.py
[2026-01-09T16:24:43.568+0000] {processor.py:840} INFO - DAG(s) 'data_quality_monitoring' retrieved from /opt/airflow/dags/example_data_quality.py
[2026-01-09T16:24:43.587+0000] {logging_mixin.py:188} INFO - [2026-01-09T16:24:43.586+0000] {dag.py:3036} INFO - Sync 1 DAGs
[2026-01-09T16:24:43.625+0000] {logging_mixin.py:188} INFO - [2026-01-09T16:24:43.625+0000] {dag.py:3823} INFO - Setting next_dagrun for data_quality_monitoring to 2026-01-09 12:00:00+00:00, run_after=2026-01-09 16:00:00+00:00
[2026-01-09T16:24:43.651+0000] {processor.py:183} INFO - Processing /opt/airflow/dags/example_data_quality.py took 0.121 seconds
[2026-01-09T16:25:14.287+0000] {processor.py:161} INFO - Started process (PID=208) to work on /opt/airflow/dags/example_data_quality.py
[2026-01-09T16:25:14.288+0000] {processor.py:830} INFO - Processing file /opt/airflow/dags/example_data_quality.py for tasks to queue
[2026-01-09T16:25:14.288+0000] {logging_mixin.py:188} INFO - [2026-01-09T16:25:14.288+0000] {dagbag.py:538} INFO - Filling up the DagBag from /opt/airflow/dags/example_data_quality.py
[2026-01-09T16:25:14.300+0000] {processor.py:840} INFO - DAG(s) 'data_quality_monitoring' retrieved from /opt/airflow/dags/example_data_quality.py
[2026-01-09T16:25:14.369+0000] {logging_mixin.py:188} INFO - [2026-01-09T16:25:14.369+0000] {dag.py:3036} INFO - Sync 1 DAGs
[2026-01-09T16:25:14.388+0000] {logging_mixin.py:188} INFO - [2026-01-09T16:25:14.388+0000] {dag.py:3823} INFO - Setting next_dagrun for data_quality_monitoring to 2026-01-09 12:00:00+00:00, run_after=2026-01-09 16:00:00+00:00
[2026-01-09T16:25:14.403+0000] {processor.py:183} INFO - Processing /opt/airflow/dags/example_data_quality.py took 0.118 seconds
[2026-01-09T16:25:45.025+0000] {processor.py:161} INFO - Started process (PID=247) to work on /opt/airflow/dags/example_data_quality.py
[2026-01-09T16:25:45.026+0000] {processor.py:830} INFO - Processing file /opt/airflow/dags/example_data_quality.py for tasks to queue
[2026-01-09T16:25:45.026+0000] {logging_mixin.py:188} INFO - [2026-01-09T16:25:45.026+0000] {dagbag.py:538} INFO - Filling up the DagBag from /opt/airflow/dags/example_data_quality.py
[2026-01-09T16:25:45.040+0000] {processor.py:840} INFO - DAG(s) 'data_quality_monitoring' retrieved from /opt/airflow/dags/example_data_quality.py
[2026-01-09T16:25:45.054+0000] {logging_mixin.py:188} INFO - [2026-01-09T16:25:45.054+0000] {dag.py:3036} INFO - Sync 1 DAGs
[2026-01-09T16:25:45.063+0000] {logging_mixin.py:188} INFO - [2026-01-09T16:25:45.063+0000] {dag.py:3823} INFO - Setting next_dagrun for data_quality_monitoring to 2026-01-09 12:00:00+00:00, run_after=2026-01-09 16:00:00+00:00
[2026-01-09T16:25:45.070+0000] {processor.py:183} INFO - Processing /opt/airflow/dags/example_data_quality.py took 0.047 seconds
[2026-01-09T16:26:15.721+0000] {processor.py:161} INFO - Started process (PID=282) to work on /opt/airflow/dags/example_data_quality.py
[2026-01-09T16:26:15.723+0000] {processor.py:830} INFO - Processing file /opt/airflow/dags/example_data_quality.py for tasks to queue
[2026-01-09T16:26:15.724+0000] {logging_mixin.py:188} INFO - [2026-01-09T16:26:15.724+0000] {dagbag.py:538} INFO - Filling up the DagBag from /opt/airflow/dags/example_data_quality.py
[2026-01-09T16:26:15.744+0000] {processor.py:840} INFO - DAG(s) 'data_quality_monitoring' retrieved from /opt/airflow/dags/example_data_quality.py
[2026-01-09T16:26:15.759+0000] {logging_mixin.py:188} INFO - [2026-01-09T16:26:15.759+0000] {dag.py:3036} INFO - Sync 1 DAGs
[2026-01-09T16:26:15.769+0000] {logging_mixin.py:188} INFO - [2026-01-09T16:26:15.769+0000] {dag.py:3823} INFO - Setting next_dagrun for data_quality_monitoring to 2026-01-09 12:00:00+00:00, run_after=2026-01-09 16:00:00+00:00
[2026-01-09T16:26:15.777+0000] {processor.py:183} INFO - Processing /opt/airflow/dags/example_data_quality.py took 0.059 seconds
[2026-01-09T16:26:46.360+0000] {processor.py:161} INFO - Started process (PID=313) to work on /opt/airflow/dags/example_data_quality.py
[2026-01-09T16:26:46.361+0000] {processor.py:830} INFO - Processing file /opt/airflow/dags/example_data_quality.py for tasks to queue
[2026-01-09T16:26:46.361+0000] {logging_mixin.py:188} INFO - [2026-01-09T16:26:46.361+0000] {dagbag.py:538} INFO - Filling up the DagBag from /opt/airflow/dags/example_data_quality.py
[2026-01-09T16:26:46.374+0000] {processor.py:840} INFO - DAG(s) 'data_quality_monitoring' retrieved from /opt/airflow/dags/example_data_quality.py
[2026-01-09T16:26:46.392+0000] {logging_mixin.py:188} INFO - [2026-01-09T16:26:46.392+0000] {dag.py:3036} INFO - Sync 1 DAGs
[2026-01-09T16:26:46.411+0000] {logging_mixin.py:188} INFO - [2026-01-09T16:26:46.411+0000] {dag.py:3823} INFO - Setting next_dagrun for data_quality_monitoring to 2026-01-09 12:00:00+00:00, run_after=2026-01-09 16:00:00+00:00
[2026-01-09T16:26:46.421+0000] {processor.py:183} INFO - Processing /opt/airflow/dags/example_data_quality.py took 0.063 seconds
[2026-01-09T16:27:16.979+0000] {processor.py:161} INFO - Started process (PID=344) to work on /opt/airflow/dags/example_data_quality.py
[2026-01-09T16:27:16.979+0000] {processor.py:830} INFO - Processing file /opt/airflow/dags/example_data_quality.py for tasks to queue
[2026-01-09T16:27:16.980+0000] {logging_mixin.py:188} INFO - [2026-01-09T16:27:16.979+0000] {dagbag.py:538} INFO - Filling up the DagBag from /opt/airflow/dags/example_data_quality.py
[2026-01-09T16:27:16.990+0000] {processor.py:840} INFO - DAG(s) 'data_quality_monitoring' retrieved from /opt/airflow/dags/example_data_quality.py
[2026-01-09T16:27:17.004+0000] {logging_mixin.py:188} INFO - [2026-01-09T16:27:17.003+0000] {dag.py:3036} INFO - Sync 1 DAGs
[2026-01-09T16:27:17.015+0000] {logging_mixin.py:188} INFO - [2026-01-09T16:27:17.015+0000] {dag.py:3823} INFO - Setting next_dagrun for data_quality_monitoring to 2026-01-09 12:00:00+00:00, run_after=2026-01-09 16:00:00+00:00
[2026-01-09T16:27:17.027+0000] {processor.py:183} INFO - Processing /opt/airflow/dags/example_data_quality.py took 0.051 seconds
[2026-01-09T16:27:47.612+0000] {processor.py:161} INFO - Started process (PID=375) to work on /opt/airflow/dags/example_data_quality.py
[2026-01-09T16:27:47.613+0000] {processor.py:830} INFO - Processing file /opt/airflow/dags/example_data_quality.py for tasks to queue
[2026-01-09T16:27:47.613+0000] {logging_mixin.py:188} INFO - [2026-01-09T16:27:47.613+0000] {dagbag.py:538} INFO - Filling up the DagBag from /opt/airflow/dags/example_data_quality.py
[2026-01-09T16:27:47.623+0000] {processor.py:840} INFO - DAG(s) 'data_quality_monitoring' retrieved from /opt/airflow/dags/example_data_quality.py
[2026-01-09T16:27:47.636+0000] {logging_mixin.py:188} INFO - [2026-01-09T16:27:47.636+0000] {dag.py:3036} INFO - Sync 1 DAGs
[2026-01-09T16:27:47.646+0000] {logging_mixin.py:188} INFO - [2026-01-09T16:27:47.646+0000] {dag.py:3823} INFO - Setting next_dagrun for data_quality_monitoring to 2026-01-09 12:00:00+00:00, run_after=2026-01-09 16:00:00+00:00
[2026-01-09T16:27:47.653+0000] {processor.py:183} INFO - Processing /opt/airflow/dags/example_data_quality.py took 0.043 seconds
[2026-01-09T16:28:18.197+0000] {processor.py:161} INFO - Started process (PID=406) to work on /opt/airflow/dags/example_data_quality.py
[2026-01-09T16:28:18.198+0000] {processor.py:830} INFO - Processing file /opt/airflow/dags/example_data_quality.py for tasks to queue
[2026-01-09T16:28:18.198+0000] {logging_mixin.py:188} INFO - [2026-01-09T16:28:18.198+0000] {dagbag.py:538} INFO - Filling up the DagBag from /opt/airflow/dags/example_data_quality.py
[2026-01-09T16:28:18.212+0000] {processor.py:840} INFO - DAG(s) 'data_quality_monitoring' retrieved from /opt/airflow/dags/example_data_quality.py
[2026-01-09T16:28:18.232+0000] {logging_mixin.py:188} INFO - [2026-01-09T16:28:18.232+0000] {dag.py:3036} INFO - Sync 1 DAGs
[2026-01-09T16:28:18.247+0000] {logging_mixin.py:188} INFO - [2026-01-09T16:28:18.247+0000] {dag.py:3823} INFO - Setting next_dagrun for data_quality_monitoring to 2026-01-09 12:00:00+00:00, run_after=2026-01-09 16:00:00+00:00
[2026-01-09T16:28:18.257+0000] {processor.py:183} INFO - Processing /opt/airflow/dags/example_data_quality.py took 0.063 seconds
[2026-01-09T16:28:48.932+0000] {processor.py:161} INFO - Started process (PID=437) to work on /opt/airflow/dags/example_data_quality.py
[2026-01-09T16:28:48.933+0000] {processor.py:830} INFO - Processing file /opt/airflow/dags/example_data_quality.py for tasks to queue
[2026-01-09T16:28:48.933+0000] {logging_mixin.py:188} INFO - [2026-01-09T16:28:48.933+0000] {dagbag.py:538} INFO - Filling up the DagBag from /opt/airflow/dags/example_data_quality.py
[2026-01-09T16:28:48.944+0000] {processor.py:840} INFO - DAG(s) 'data_quality_monitoring' retrieved from /opt/airflow/dags/example_data_quality.py
[2026-01-09T16:28:48.958+0000] {logging_mixin.py:188} INFO - [2026-01-09T16:28:48.958+0000] {dag.py:3036} INFO - Sync 1 DAGs
[2026-01-09T16:28:48.967+0000] {logging_mixin.py:188} INFO - [2026-01-09T16:28:48.967+0000] {dag.py:3823} INFO - Setting next_dagrun for data_quality_monitoring to 2026-01-09 12:00:00+00:00, run_after=2026-01-09 16:00:00+00:00
[2026-01-09T16:28:48.974+0000] {processor.py:183} INFO - Processing /opt/airflow/dags/example_data_quality.py took 0.044 seconds
[2026-01-09T16:29:19.491+0000] {processor.py:161} INFO - Started process (PID=468) to work on /opt/airflow/dags/example_data_quality.py
[2026-01-09T16:29:19.492+0000] {processor.py:830} INFO - Processing file /opt/airflow/dags/example_data_quality.py for tasks to queue
[2026-01-09T16:29:19.492+0000] {logging_mixin.py:188} INFO - [2026-01-09T16:29:19.492+0000] {dagbag.py:538} INFO - Filling up the DagBag from /opt/airflow/dags/example_data_quality.py
[2026-01-09T16:29:19.504+0000] {processor.py:840} INFO - DAG(s) 'data_quality_monitoring' retrieved from /opt/airflow/dags/example_data_quality.py
[2026-01-09T16:29:19.521+0000] {logging_mixin.py:188} INFO - [2026-01-09T16:29:19.521+0000] {dag.py:3036} INFO - Sync 1 DAGs
[2026-01-09T16:29:19.532+0000] {logging_mixin.py:188} INFO - [2026-01-09T16:29:19.532+0000] {dag.py:3823} INFO - Setting next_dagrun for data_quality_monitoring to 2026-01-09 12:00:00+00:00, run_after=2026-01-09 16:00:00+00:00
[2026-01-09T16:29:19.540+0000] {processor.py:183} INFO - Processing /opt/airflow/dags/example_data_quality.py took 0.051 seconds
[2026-01-09T16:29:50.543+0000] {processor.py:161} INFO - Started process (PID=499) to work on /opt/airflow/dags/example_data_quality.py
[2026-01-09T16:29:50.543+0000] {processor.py:830} INFO - Processing file /opt/airflow/dags/example_data_quality.py for tasks to queue
[2026-01-09T16:29:50.544+0000] {logging_mixin.py:188} INFO - [2026-01-09T16:29:50.544+0000] {dagbag.py:538} INFO - Filling up the DagBag from /opt/airflow/dags/example_data_quality.py
[2026-01-09T16:29:50.556+0000] {processor.py:840} INFO - DAG(s) 'data_quality_monitoring' retrieved from /opt/airflow/dags/example_data_quality.py
[2026-01-09T16:29:50.669+0000] {logging_mixin.py:188} INFO - [2026-01-09T16:29:50.669+0000] {dag.py:3036} INFO - Sync 1 DAGs
[2026-01-09T16:29:50.678+0000] {logging_mixin.py:188} INFO - [2026-01-09T16:29:50.678+0000] {dag.py:3823} INFO - Setting next_dagrun for data_quality_monitoring to 2026-01-09 12:00:00+00:00, run_after=2026-01-09 16:00:00+00:00
[2026-01-09T16:29:50.686+0000] {processor.py:183} INFO - Processing /opt/airflow/dags/example_data_quality.py took 0.146 seconds
[2026-01-09T16:30:21.261+0000] {processor.py:161} INFO - Started process (PID=530) to work on /opt/airflow/dags/example_data_quality.py
[2026-01-09T16:30:21.261+0000] {processor.py:830} INFO - Processing file /opt/airflow/dags/example_data_quality.py for tasks to queue
[2026-01-09T16:30:21.262+0000] {logging_mixin.py:188} INFO - [2026-01-09T16:30:21.262+0000] {dagbag.py:538} INFO - Filling up the DagBag from /opt/airflow/dags/example_data_quality.py
[2026-01-09T16:30:21.273+0000] {processor.py:840} INFO - DAG(s) 'data_quality_monitoring' retrieved from /opt/airflow/dags/example_data_quality.py
[2026-01-09T16:30:21.285+0000] {logging_mixin.py:188} INFO - [2026-01-09T16:30:21.285+0000] {dag.py:3036} INFO - Sync 1 DAGs
[2026-01-09T16:30:21.295+0000] {logging_mixin.py:188} INFO - [2026-01-09T16:30:21.295+0000] {dag.py:3823} INFO - Setting next_dagrun for data_quality_monitoring to 2026-01-09 12:00:00+00:00, run_after=2026-01-09 16:00:00+00:00
[2026-01-09T16:30:21.303+0000] {processor.py:183} INFO - Processing /opt/airflow/dags/example_data_quality.py took 0.044 seconds
[2026-01-09T16:30:51.840+0000] {processor.py:161} INFO - Started process (PID=561) to work on /opt/airflow/dags/example_data_quality.py
[2026-01-09T16:30:51.841+0000] {processor.py:830} INFO - Processing file /opt/airflow/dags/example_data_quality.py for tasks to queue
[2026-01-09T16:30:51.841+0000] {logging_mixin.py:188} INFO - [2026-01-09T16:30:51.841+0000] {dagbag.py:538} INFO - Filling up the DagBag from /opt/airflow/dags/example_data_quality.py
[2026-01-09T16:30:51.853+0000] {processor.py:840} INFO - DAG(s) 'data_quality_monitoring' retrieved from /opt/airflow/dags/example_data_quality.py
[2026-01-09T16:30:51.868+0000] {logging_mixin.py:188} INFO - [2026-01-09T16:30:51.868+0000] {dag.py:3036} INFO - Sync 1 DAGs
[2026-01-09T16:30:51.879+0000] {logging_mixin.py:188} INFO - [2026-01-09T16:30:51.878+0000] {dag.py:3823} INFO - Setting next_dagrun for data_quality_monitoring to 2026-01-09 12:00:00+00:00, run_after=2026-01-09 16:00:00+00:00
[2026-01-09T16:30:51.887+0000] {processor.py:183} INFO - Processing /opt/airflow/dags/example_data_quality.py took 0.049 seconds
[2026-01-09T16:31:22.342+0000] {processor.py:161} INFO - Started process (PID=592) to work on /opt/airflow/dags/example_data_quality.py
[2026-01-09T16:31:22.343+0000] {processor.py:830} INFO - Processing file /opt/airflow/dags/example_data_quality.py for tasks to queue
[2026-01-09T16:31:22.343+0000] {logging_mixin.py:188} INFO - [2026-01-09T16:31:22.343+0000] {dagbag.py:538} INFO - Filling up the DagBag from /opt/airflow/dags/example_data_quality.py
[2026-01-09T16:31:22.353+0000] {processor.py:840} INFO - DAG(s) 'data_quality_monitoring' retrieved from /opt/airflow/dags/example_data_quality.py
[2026-01-09T16:31:22.367+0000] {logging_mixin.py:188} INFO - [2026-01-09T16:31:22.367+0000] {dag.py:3036} INFO - Sync 1 DAGs
[2026-01-09T16:31:22.382+0000] {logging_mixin.py:188} INFO - [2026-01-09T16:31:22.382+0000] {dag.py:3823} INFO - Setting next_dagrun for data_quality_monitoring to 2026-01-09 12:00:00+00:00, run_after=2026-01-09 16:00:00+00:00
[2026-01-09T16:31:22.389+0000] {processor.py:183} INFO - Processing /opt/airflow/dags/example_data_quality.py took 0.049 seconds
[2026-01-09T16:31:52.886+0000] {processor.py:161} INFO - Started process (PID=623) to work on /opt/airflow/dags/example_data_quality.py
[2026-01-09T16:31:52.886+0000] {processor.py:830} INFO - Processing file /opt/airflow/dags/example_data_quality.py for tasks to queue
[2026-01-09T16:31:52.887+0000] {logging_mixin.py:188} INFO - [2026-01-09T16:31:52.887+0000] {dagbag.py:538} INFO - Filling up the DagBag from /opt/airflow/dags/example_data_quality.py
[2026-01-09T16:31:52.899+0000] {processor.py:840} INFO - DAG(s) 'data_quality_monitoring' retrieved from /opt/airflow/dags/example_data_quality.py
[2026-01-09T16:31:52.914+0000] {logging_mixin.py:188} INFO - [2026-01-09T16:31:52.914+0000] {dag.py:3036} INFO - Sync 1 DAGs
[2026-01-09T16:31:52.925+0000] {logging_mixin.py:188} INFO - [2026-01-09T16:31:52.925+0000] {dag.py:3823} INFO - Setting next_dagrun for data_quality_monitoring to 2026-01-09 12:00:00+00:00, run_after=2026-01-09 16:00:00+00:00
[2026-01-09T16:31:52.935+0000] {processor.py:183} INFO - Processing /opt/airflow/dags/example_data_quality.py took 0.051 seconds
[2026-01-09T16:32:23.433+0000] {processor.py:161} INFO - Started process (PID=654) to work on /opt/airflow/dags/example_data_quality.py
[2026-01-09T16:32:23.434+0000] {processor.py:830} INFO - Processing file /opt/airflow/dags/example_data_quality.py for tasks to queue
[2026-01-09T16:32:23.435+0000] {logging_mixin.py:188} INFO - [2026-01-09T16:32:23.434+0000] {dagbag.py:538} INFO - Filling up the DagBag from /opt/airflow/dags/example_data_quality.py
[2026-01-09T16:32:23.445+0000] {processor.py:840} INFO - DAG(s) 'data_quality_monitoring' retrieved from /opt/airflow/dags/example_data_quality.py
[2026-01-09T16:32:23.461+0000] {logging_mixin.py:188} INFO - [2026-01-09T16:32:23.461+0000] {dag.py:3036} INFO - Sync 1 DAGs
[2026-01-09T16:32:23.474+0000] {logging_mixin.py:188} INFO - [2026-01-09T16:32:23.474+0000] {dag.py:3823} INFO - Setting next_dagrun for data_quality_monitoring to 2026-01-09 12:00:00+00:00, run_after=2026-01-09 16:00:00+00:00
[2026-01-09T16:32:23.487+0000] {processor.py:183} INFO - Processing /opt/airflow/dags/example_data_quality.py took 0.055 seconds
[2026-01-09T16:32:53.990+0000] {processor.py:161} INFO - Started process (PID=685) to work on /opt/airflow/dags/example_data_quality.py
[2026-01-09T16:32:53.990+0000] {processor.py:830} INFO - Processing file /opt/airflow/dags/example_data_quality.py for tasks to queue
[2026-01-09T16:32:53.991+0000] {logging_mixin.py:188} INFO - [2026-01-09T16:32:53.990+0000] {dagbag.py:538} INFO - Filling up the DagBag from /opt/airflow/dags/example_data_quality.py
[2026-01-09T16:32:54.002+0000] {processor.py:840} INFO - DAG(s) 'data_quality_monitoring' retrieved from /opt/airflow/dags/example_data_quality.py
[2026-01-09T16:32:54.016+0000] {logging_mixin.py:188} INFO - [2026-01-09T16:32:54.016+0000] {dag.py:3036} INFO - Sync 1 DAGs
[2026-01-09T16:32:54.028+0000] {logging_mixin.py:188} INFO - [2026-01-09T16:32:54.028+0000] {dag.py:3823} INFO - Setting next_dagrun for data_quality_monitoring to 2026-01-09 12:00:00+00:00, run_after=2026-01-09 16:00:00+00:00
[2026-01-09T16:32:54.036+0000] {processor.py:183} INFO - Processing /opt/airflow/dags/example_data_quality.py took 0.048 seconds
[2026-01-09T16:33:24.485+0000] {processor.py:161} INFO - Started process (PID=716) to work on /opt/airflow/dags/example_data_quality.py
[2026-01-09T16:33:24.486+0000] {processor.py:830} INFO - Processing file /opt/airflow/dags/example_data_quality.py for tasks to queue
[2026-01-09T16:33:24.486+0000] {logging_mixin.py:188} INFO - [2026-01-09T16:33:24.486+0000] {dagbag.py:538} INFO - Filling up the DagBag from /opt/airflow/dags/example_data_quality.py
[2026-01-09T16:33:24.497+0000] {processor.py:840} INFO - DAG(s) 'data_quality_monitoring' retrieved from /opt/airflow/dags/example_data_quality.py
[2026-01-09T16:33:24.511+0000] {logging_mixin.py:188} INFO - [2026-01-09T16:33:24.510+0000] {dag.py:3036} INFO - Sync 1 DAGs
[2026-01-09T16:33:24.519+0000] {logging_mixin.py:188} INFO - [2026-01-09T16:33:24.519+0000] {dag.py:3823} INFO - Setting next_dagrun for data_quality_monitoring to 2026-01-09 12:00:00+00:00, run_after=2026-01-09 16:00:00+00:00
[2026-01-09T16:33:24.526+0000] {processor.py:183} INFO - Processing /opt/airflow/dags/example_data_quality.py took 0.043 seconds
[2026-01-09T16:33:55.057+0000] {processor.py:161} INFO - Started process (PID=747) to work on /opt/airflow/dags/example_data_quality.py
[2026-01-09T16:33:55.058+0000] {processor.py:830} INFO - Processing file /opt/airflow/dags/example_data_quality.py for tasks to queue
[2026-01-09T16:33:55.058+0000] {logging_mixin.py:188} INFO - [2026-01-09T16:33:55.058+0000] {dagbag.py:538} INFO - Filling up the DagBag from /opt/airflow/dags/example_data_quality.py
[2026-01-09T16:33:55.068+0000] {processor.py:840} INFO - DAG(s) 'data_quality_monitoring' retrieved from /opt/airflow/dags/example_data_quality.py
[2026-01-09T16:33:55.081+0000] {logging_mixin.py:188} INFO - [2026-01-09T16:33:55.081+0000] {dag.py:3036} INFO - Sync 1 DAGs
[2026-01-09T16:33:55.091+0000] {logging_mixin.py:188} INFO - [2026-01-09T16:33:55.091+0000] {dag.py:3823} INFO - Setting next_dagrun for data_quality_monitoring to 2026-01-09 12:00:00+00:00, run_after=2026-01-09 16:00:00+00:00
[2026-01-09T16:33:55.099+0000] {processor.py:183} INFO - Processing /opt/airflow/dags/example_data_quality.py took 0.043 seconds
[2026-01-09T16:34:25.587+0000] {processor.py:161} INFO - Started process (PID=778) to work on /opt/airflow/dags/example_data_quality.py
[2026-01-09T16:34:25.587+0000] {processor.py:830} INFO - Processing file /opt/airflow/dags/example_data_quality.py for tasks to queue
[2026-01-09T16:34:25.588+0000] {logging_mixin.py:188} INFO - [2026-01-09T16:34:25.588+0000] {dagbag.py:538} INFO - Filling up the DagBag from /opt/airflow/dags/example_data_quality.py
[2026-01-09T16:34:25.599+0000] {processor.py:840} INFO - DAG(s) 'data_quality_monitoring' retrieved from /opt/airflow/dags/example_data_quality.py
[2026-01-09T16:34:25.614+0000] {logging_mixin.py:188} INFO - [2026-01-09T16:34:25.613+0000] {dag.py:3036} INFO - Sync 1 DAGs
[2026-01-09T16:34:25.624+0000] {logging_mixin.py:188} INFO - [2026-01-09T16:34:25.624+0000] {dag.py:3823} INFO - Setting next_dagrun for data_quality_monitoring to 2026-01-09 12:00:00+00:00, run_after=2026-01-09 16:00:00+00:00
[2026-01-09T16:34:25.633+0000] {processor.py:183} INFO - Processing /opt/airflow/dags/example_data_quality.py took 0.048 seconds
[2026-01-09T16:34:56.126+0000] {processor.py:161} INFO - Started process (PID=809) to work on /opt/airflow/dags/example_data_quality.py
[2026-01-09T16:34:56.127+0000] {processor.py:830} INFO - Processing file /opt/airflow/dags/example_data_quality.py for tasks to queue
[2026-01-09T16:34:56.127+0000] {logging_mixin.py:188} INFO - [2026-01-09T16:34:56.127+0000] {dagbag.py:538} INFO - Filling up the DagBag from /opt/airflow/dags/example_data_quality.py
[2026-01-09T16:34:56.138+0000] {processor.py:840} INFO - DAG(s) 'data_quality_monitoring' retrieved from /opt/airflow/dags/example_data_quality.py
[2026-01-09T16:34:56.153+0000] {logging_mixin.py:188} INFO - [2026-01-09T16:34:56.153+0000] {dag.py:3036} INFO - Sync 1 DAGs
[2026-01-09T16:34:56.164+0000] {logging_mixin.py:188} INFO - [2026-01-09T16:34:56.164+0000] {dag.py:3823} INFO - Setting next_dagrun for data_quality_monitoring to 2026-01-09 12:00:00+00:00, run_after=2026-01-09 16:00:00+00:00
[2026-01-09T16:34:56.173+0000] {processor.py:183} INFO - Processing /opt/airflow/dags/example_data_quality.py took 0.049 seconds
[2026-01-09T16:35:26.696+0000] {processor.py:161} INFO - Started process (PID=840) to work on /opt/airflow/dags/example_data_quality.py
[2026-01-09T16:35:26.696+0000] {processor.py:830} INFO - Processing file /opt/airflow/dags/example_data_quality.py for tasks to queue
[2026-01-09T16:35:26.697+0000] {logging_mixin.py:188} INFO - [2026-01-09T16:35:26.697+0000] {dagbag.py:538} INFO - Filling up the DagBag from /opt/airflow/dags/example_data_quality.py
[2026-01-09T16:35:26.707+0000] {processor.py:840} INFO - DAG(s) 'data_quality_monitoring' retrieved from /opt/airflow/dags/example_data_quality.py
[2026-01-09T16:35:26.721+0000] {logging_mixin.py:188} INFO - [2026-01-09T16:35:26.721+0000] {dag.py:3036} INFO - Sync 1 DAGs
[2026-01-09T16:35:26.732+0000] {logging_mixin.py:188} INFO - [2026-01-09T16:35:26.732+0000] {dag.py:3823} INFO - Setting next_dagrun for data_quality_monitoring to 2026-01-09 12:00:00+00:00, run_after=2026-01-09 16:00:00+00:00
[2026-01-09T16:35:26.742+0000] {processor.py:183} INFO - Processing /opt/airflow/dags/example_data_quality.py took 0.048 seconds
[2026-01-09T16:35:57.335+0000] {processor.py:161} INFO - Started process (PID=871) to work on /opt/airflow/dags/example_data_quality.py
[2026-01-09T16:35:57.336+0000] {processor.py:830} INFO - Processing file /opt/airflow/dags/example_data_quality.py for tasks to queue
[2026-01-09T16:35:57.336+0000] {logging_mixin.py:188} INFO - [2026-01-09T16:35:57.336+0000] {dagbag.py:538} INFO - Filling up the DagBag from /opt/airflow/dags/example_data_quality.py
[2026-01-09T16:35:57.347+0000] {processor.py:840} INFO - DAG(s) 'data_quality_monitoring' retrieved from /opt/airflow/dags/example_data_quality.py
[2026-01-09T16:35:57.360+0000] {logging_mixin.py:188} INFO - [2026-01-09T16:35:57.360+0000] {dag.py:3036} INFO - Sync 1 DAGs
[2026-01-09T16:35:57.369+0000] {logging_mixin.py:188} INFO - [2026-01-09T16:35:57.369+0000] {dag.py:3823} INFO - Setting next_dagrun for data_quality_monitoring to 2026-01-09 12:00:00+00:00, run_after=2026-01-09 16:00:00+00:00
[2026-01-09T16:35:57.376+0000] {processor.py:183} INFO - Processing /opt/airflow/dags/example_data_quality.py took 0.042 seconds
[2026-01-09T16:36:27.916+0000] {processor.py:161} INFO - Started process (PID=902) to work on /opt/airflow/dags/example_data_quality.py
[2026-01-09T16:36:27.916+0000] {processor.py:830} INFO - Processing file /opt/airflow/dags/example_data_quality.py for tasks to queue
[2026-01-09T16:36:27.917+0000] {logging_mixin.py:188} INFO - [2026-01-09T16:36:27.917+0000] {dagbag.py:538} INFO - Filling up the DagBag from /opt/airflow/dags/example_data_quality.py
[2026-01-09T16:36:27.928+0000] {processor.py:840} INFO - DAG(s) 'data_quality_monitoring' retrieved from /opt/airflow/dags/example_data_quality.py
[2026-01-09T16:36:27.941+0000] {logging_mixin.py:188} INFO - [2026-01-09T16:36:27.941+0000] {dag.py:3036} INFO - Sync 1 DAGs
[2026-01-09T16:36:27.951+0000] {logging_mixin.py:188} INFO - [2026-01-09T16:36:27.951+0000] {dag.py:3823} INFO - Setting next_dagrun for data_quality_monitoring to 2026-01-09 12:00:00+00:00, run_after=2026-01-09 16:00:00+00:00
[2026-01-09T16:36:27.959+0000] {processor.py:183} INFO - Processing /opt/airflow/dags/example_data_quality.py took 0.045 seconds
[2026-01-09T16:36:58.530+0000] {processor.py:161} INFO - Started process (PID=933) to work on /opt/airflow/dags/example_data_quality.py
[2026-01-09T16:36:58.531+0000] {processor.py:830} INFO - Processing file /opt/airflow/dags/example_data_quality.py for tasks to queue
[2026-01-09T16:36:58.532+0000] {logging_mixin.py:188} INFO - [2026-01-09T16:36:58.531+0000] {dagbag.py:538} INFO - Filling up the DagBag from /opt/airflow/dags/example_data_quality.py
[2026-01-09T16:36:58.543+0000] {processor.py:840} INFO - DAG(s) 'data_quality_monitoring' retrieved from /opt/airflow/dags/example_data_quality.py
[2026-01-09T16:36:58.559+0000] {logging_mixin.py:188} INFO - [2026-01-09T16:36:58.558+0000] {dag.py:3036} INFO - Sync 1 DAGs
[2026-01-09T16:36:58.570+0000] {logging_mixin.py:188} INFO - [2026-01-09T16:36:58.570+0000] {dag.py:3823} INFO - Setting next_dagrun for data_quality_monitoring to 2026-01-09 12:00:00+00:00, run_after=2026-01-09 16:00:00+00:00
[2026-01-09T16:36:58.578+0000] {processor.py:183} INFO - Processing /opt/airflow/dags/example_data_quality.py took 0.050 seconds
[2026-01-09T16:37:29.108+0000] {processor.py:161} INFO - Started process (PID=964) to work on /opt/airflow/dags/example_data_quality.py
[2026-01-09T16:37:29.109+0000] {processor.py:830} INFO - Processing file /opt/airflow/dags/example_data_quality.py for tasks to queue
[2026-01-09T16:37:29.109+0000] {logging_mixin.py:188} INFO - [2026-01-09T16:37:29.109+0000] {dagbag.py:538} INFO - Filling up the DagBag from /opt/airflow/dags/example_data_quality.py
[2026-01-09T16:37:29.120+0000] {processor.py:840} INFO - DAG(s) 'data_quality_monitoring' retrieved from /opt/airflow/dags/example_data_quality.py
[2026-01-09T16:37:29.133+0000] {logging_mixin.py:188} INFO - [2026-01-09T16:37:29.133+0000] {dag.py:3036} INFO - Sync 1 DAGs
[2026-01-09T16:37:29.144+0000] {logging_mixin.py:188} INFO - [2026-01-09T16:37:29.144+0000] {dag.py:3823} INFO - Setting next_dagrun for data_quality_monitoring to 2026-01-09 12:00:00+00:00, run_after=2026-01-09 16:00:00+00:00
[2026-01-09T16:37:29.151+0000] {processor.py:183} INFO - Processing /opt/airflow/dags/example_data_quality.py took 0.045 seconds
[2026-01-09T16:37:59.744+0000] {processor.py:161} INFO - Started process (PID=995) to work on /opt/airflow/dags/example_data_quality.py
[2026-01-09T16:37:59.745+0000] {processor.py:830} INFO - Processing file /opt/airflow/dags/example_data_quality.py for tasks to queue
[2026-01-09T16:37:59.745+0000] {logging_mixin.py:188} INFO - [2026-01-09T16:37:59.745+0000] {dagbag.py:538} INFO - Filling up the DagBag from /opt/airflow/dags/example_data_quality.py
[2026-01-09T16:37:59.758+0000] {processor.py:840} INFO - DAG(s) 'data_quality_monitoring' retrieved from /opt/airflow/dags/example_data_quality.py
[2026-01-09T16:37:59.777+0000] {logging_mixin.py:188} INFO - [2026-01-09T16:37:59.777+0000] {dag.py:3036} INFO - Sync 1 DAGs
[2026-01-09T16:37:59.790+0000] {logging_mixin.py:188} INFO - [2026-01-09T16:37:59.790+0000] {dag.py:3823} INFO - Setting next_dagrun for data_quality_monitoring to 2026-01-09 12:00:00+00:00, run_after=2026-01-09 16:00:00+00:00
[2026-01-09T16:37:59.798+0000] {processor.py:183} INFO - Processing /opt/airflow/dags/example_data_quality.py took 0.056 seconds
[2026-01-09T16:38:30.334+0000] {processor.py:161} INFO - Started process (PID=1026) to work on /opt/airflow/dags/example_data_quality.py
[2026-01-09T16:38:30.334+0000] {processor.py:830} INFO - Processing file /opt/airflow/dags/example_data_quality.py for tasks to queue
[2026-01-09T16:38:30.335+0000] {logging_mixin.py:188} INFO - [2026-01-09T16:38:30.334+0000] {dagbag.py:538} INFO - Filling up the DagBag from /opt/airflow/dags/example_data_quality.py
[2026-01-09T16:38:30.345+0000] {processor.py:840} INFO - DAG(s) 'data_quality_monitoring' retrieved from /opt/airflow/dags/example_data_quality.py
[2026-01-09T16:38:30.361+0000] {logging_mixin.py:188} INFO - [2026-01-09T16:38:30.360+0000] {dag.py:3036} INFO - Sync 1 DAGs
[2026-01-09T16:38:30.373+0000] {logging_mixin.py:188} INFO - [2026-01-09T16:38:30.373+0000] {dag.py:3823} INFO - Setting next_dagrun for data_quality_monitoring to 2026-01-09 12:00:00+00:00, run_after=2026-01-09 16:00:00+00:00
[2026-01-09T16:38:30.382+0000] {processor.py:183} INFO - Processing /opt/airflow/dags/example_data_quality.py took 0.050 seconds
[2026-01-09T16:39:00.975+0000] {processor.py:161} INFO - Started process (PID=1057) to work on /opt/airflow/dags/example_data_quality.py
[2026-01-09T16:39:00.976+0000] {processor.py:830} INFO - Processing file /opt/airflow/dags/example_data_quality.py for tasks to queue
[2026-01-09T16:39:00.976+0000] {logging_mixin.py:188} INFO - [2026-01-09T16:39:00.976+0000] {dagbag.py:538} INFO - Filling up the DagBag from /opt/airflow/dags/example_data_quality.py
[2026-01-09T16:39:00.987+0000] {processor.py:840} INFO - DAG(s) 'data_quality_monitoring' retrieved from /opt/airflow/dags/example_data_quality.py
[2026-01-09T16:39:00.999+0000] {logging_mixin.py:188} INFO - [2026-01-09T16:39:00.999+0000] {dag.py:3036} INFO - Sync 1 DAGs
[2026-01-09T16:39:01.009+0000] {logging_mixin.py:188} INFO - [2026-01-09T16:39:01.009+0000] {dag.py:3823} INFO - Setting next_dagrun for data_quality_monitoring to 2026-01-09 12:00:00+00:00, run_after=2026-01-09 16:00:00+00:00
[2026-01-09T16:39:01.016+0000] {processor.py:183} INFO - Processing /opt/airflow/dags/example_data_quality.py took 0.042 seconds
[2026-01-09T16:39:31.648+0000] {processor.py:161} INFO - Started process (PID=1088) to work on /opt/airflow/dags/example_data_quality.py
[2026-01-09T16:39:31.649+0000] {processor.py:830} INFO - Processing file /opt/airflow/dags/example_data_quality.py for tasks to queue
[2026-01-09T16:39:31.649+0000] {logging_mixin.py:188} INFO - [2026-01-09T16:39:31.649+0000] {dagbag.py:538} INFO - Filling up the DagBag from /opt/airflow/dags/example_data_quality.py
[2026-01-09T16:39:31.661+0000] {processor.py:840} INFO - DAG(s) 'data_quality_monitoring' retrieved from /opt/airflow/dags/example_data_quality.py
[2026-01-09T16:39:31.675+0000] {logging_mixin.py:188} INFO - [2026-01-09T16:39:31.675+0000] {dag.py:3036} INFO - Sync 1 DAGs
[2026-01-09T16:39:31.686+0000] {logging_mixin.py:188} INFO - [2026-01-09T16:39:31.686+0000] {dag.py:3823} INFO - Setting next_dagrun for data_quality_monitoring to 2026-01-09 12:00:00+00:00, run_after=2026-01-09 16:00:00+00:00
[2026-01-09T16:39:31.694+0000] {processor.py:183} INFO - Processing /opt/airflow/dags/example_data_quality.py took 0.048 seconds
[2026-01-09T16:40:02.250+0000] {processor.py:161} INFO - Started process (PID=1119) to work on /opt/airflow/dags/example_data_quality.py
[2026-01-09T16:40:02.251+0000] {processor.py:830} INFO - Processing file /opt/airflow/dags/example_data_quality.py for tasks to queue
[2026-01-09T16:40:02.252+0000] {logging_mixin.py:188} INFO - [2026-01-09T16:40:02.251+0000] {dagbag.py:538} INFO - Filling up the DagBag from /opt/airflow/dags/example_data_quality.py
[2026-01-09T16:40:02.262+0000] {processor.py:840} INFO - DAG(s) 'data_quality_monitoring' retrieved from /opt/airflow/dags/example_data_quality.py
[2026-01-09T16:40:02.276+0000] {logging_mixin.py:188} INFO - [2026-01-09T16:40:02.276+0000] {dag.py:3036} INFO - Sync 1 DAGs
[2026-01-09T16:40:02.287+0000] {logging_mixin.py:188} INFO - [2026-01-09T16:40:02.286+0000] {dag.py:3823} INFO - Setting next_dagrun for data_quality_monitoring to 2026-01-09 12:00:00+00:00, run_after=2026-01-09 16:00:00+00:00
[2026-01-09T16:40:02.297+0000] {processor.py:183} INFO - Processing /opt/airflow/dags/example_data_quality.py took 0.048 seconds
[2026-01-09T16:40:32.847+0000] {processor.py:161} INFO - Started process (PID=1150) to work on /opt/airflow/dags/example_data_quality.py
[2026-01-09T16:40:32.848+0000] {processor.py:830} INFO - Processing file /opt/airflow/dags/example_data_quality.py for tasks to queue
[2026-01-09T16:40:32.848+0000] {logging_mixin.py:188} INFO - [2026-01-09T16:40:32.848+0000] {dagbag.py:538} INFO - Filling up the DagBag from /opt/airflow/dags/example_data_quality.py
[2026-01-09T16:40:32.858+0000] {processor.py:840} INFO - DAG(s) 'data_quality_monitoring' retrieved from /opt/airflow/dags/example_data_quality.py
[2026-01-09T16:40:32.871+0000] {logging_mixin.py:188} INFO - [2026-01-09T16:40:32.871+0000] {dag.py:3036} INFO - Sync 1 DAGs
[2026-01-09T16:40:32.880+0000] {logging_mixin.py:188} INFO - [2026-01-09T16:40:32.880+0000] {dag.py:3823} INFO - Setting next_dagrun for data_quality_monitoring to 2026-01-09 12:00:00+00:00, run_after=2026-01-09 16:00:00+00:00
[2026-01-09T16:40:32.888+0000] {processor.py:183} INFO - Processing /opt/airflow/dags/example_data_quality.py took 0.042 seconds
[2026-01-09T16:41:03.405+0000] {processor.py:161} INFO - Started process (PID=1181) to work on /opt/airflow/dags/example_data_quality.py
[2026-01-09T16:41:03.405+0000] {processor.py:830} INFO - Processing file /opt/airflow/dags/example_data_quality.py for tasks to queue
[2026-01-09T16:41:03.406+0000] {logging_mixin.py:188} INFO - [2026-01-09T16:41:03.406+0000] {dagbag.py:538} INFO - Filling up the DagBag from /opt/airflow/dags/example_data_quality.py
[2026-01-09T16:41:03.418+0000] {processor.py:840} INFO - DAG(s) 'data_quality_monitoring' retrieved from /opt/airflow/dags/example_data_quality.py
[2026-01-09T16:41:03.434+0000] {logging_mixin.py:188} INFO - [2026-01-09T16:41:03.434+0000] {dag.py:3036} INFO - Sync 1 DAGs
[2026-01-09T16:41:03.445+0000] {logging_mixin.py:188} INFO - [2026-01-09T16:41:03.445+0000] {dag.py:3823} INFO - Setting next_dagrun for data_quality_monitoring to 2026-01-09 12:00:00+00:00, run_after=2026-01-09 16:00:00+00:00
[2026-01-09T16:41:03.455+0000] {processor.py:183} INFO - Processing /opt/airflow/dags/example_data_quality.py took 0.052 seconds
[2026-01-09T16:41:33.996+0000] {processor.py:161} INFO - Started process (PID=1212) to work on /opt/airflow/dags/example_data_quality.py
[2026-01-09T16:41:33.996+0000] {processor.py:830} INFO - Processing file /opt/airflow/dags/example_data_quality.py for tasks to queue
[2026-01-09T16:41:33.997+0000] {logging_mixin.py:188} INFO - [2026-01-09T16:41:33.997+0000] {dagbag.py:538} INFO - Filling up the DagBag from /opt/airflow/dags/example_data_quality.py
[2026-01-09T16:41:34.008+0000] {processor.py:840} INFO - DAG(s) 'data_quality_monitoring' retrieved from /opt/airflow/dags/example_data_quality.py
[2026-01-09T16:41:34.023+0000] {logging_mixin.py:188} INFO - [2026-01-09T16:41:34.023+0000] {dag.py:3036} INFO - Sync 1 DAGs
[2026-01-09T16:41:34.036+0000] {logging_mixin.py:188} INFO - [2026-01-09T16:41:34.035+0000] {dag.py:3823} INFO - Setting next_dagrun for data_quality_monitoring to 2026-01-09 12:00:00+00:00, run_after=2026-01-09 16:00:00+00:00
[2026-01-09T16:41:34.047+0000] {processor.py:183} INFO - Processing /opt/airflow/dags/example_data_quality.py took 0.053 seconds
[2026-01-09T16:42:04.627+0000] {processor.py:161} INFO - Started process (PID=1243) to work on /opt/airflow/dags/example_data_quality.py
[2026-01-09T16:42:04.628+0000] {processor.py:830} INFO - Processing file /opt/airflow/dags/example_data_quality.py for tasks to queue
[2026-01-09T16:42:04.628+0000] {logging_mixin.py:188} INFO - [2026-01-09T16:42:04.628+0000] {dagbag.py:538} INFO - Filling up the DagBag from /opt/airflow/dags/example_data_quality.py
[2026-01-09T16:42:04.638+0000] {processor.py:840} INFO - DAG(s) 'data_quality_monitoring' retrieved from /opt/airflow/dags/example_data_quality.py
[2026-01-09T16:42:04.653+0000] {logging_mixin.py:188} INFO - [2026-01-09T16:42:04.653+0000] {dag.py:3036} INFO - Sync 1 DAGs
[2026-01-09T16:42:04.665+0000] {logging_mixin.py:188} INFO - [2026-01-09T16:42:04.665+0000] {dag.py:3823} INFO - Setting next_dagrun for data_quality_monitoring to 2026-01-09 12:00:00+00:00, run_after=2026-01-09 16:00:00+00:00
[2026-01-09T16:42:04.676+0000] {processor.py:183} INFO - Processing /opt/airflow/dags/example_data_quality.py took 0.050 seconds
[2026-01-09T16:42:35.187+0000] {processor.py:161} INFO - Started process (PID=1274) to work on /opt/airflow/dags/example_data_quality.py
[2026-01-09T16:42:35.187+0000] {processor.py:830} INFO - Processing file /opt/airflow/dags/example_data_quality.py for tasks to queue
[2026-01-09T16:42:35.188+0000] {logging_mixin.py:188} INFO - [2026-01-09T16:42:35.188+0000] {dagbag.py:538} INFO - Filling up the DagBag from /opt/airflow/dags/example_data_quality.py
[2026-01-09T16:42:35.198+0000] {processor.py:840} INFO - DAG(s) 'data_quality_monitoring' retrieved from /opt/airflow/dags/example_data_quality.py
[2026-01-09T16:42:35.212+0000] {logging_mixin.py:188} INFO - [2026-01-09T16:42:35.212+0000] {dag.py:3036} INFO - Sync 1 DAGs
[2026-01-09T16:42:35.222+0000] {logging_mixin.py:188} INFO - [2026-01-09T16:42:35.222+0000] {dag.py:3823} INFO - Setting next_dagrun for data_quality_monitoring to 2026-01-09 12:00:00+00:00, run_after=2026-01-09 16:00:00+00:00
[2026-01-09T16:42:35.229+0000] {processor.py:183} INFO - Processing /opt/airflow/dags/example_data_quality.py took 0.044 seconds
[2026-01-09T16:43:05.760+0000] {processor.py:161} INFO - Started process (PID=1305) to work on /opt/airflow/dags/example_data_quality.py
[2026-01-09T16:43:05.761+0000] {processor.py:830} INFO - Processing file /opt/airflow/dags/example_data_quality.py for tasks to queue
[2026-01-09T16:43:05.761+0000] {logging_mixin.py:188} INFO - [2026-01-09T16:43:05.761+0000] {dagbag.py:538} INFO - Filling up the DagBag from /opt/airflow/dags/example_data_quality.py
[2026-01-09T16:43:05.775+0000] {processor.py:840} INFO - DAG(s) 'data_quality_monitoring' retrieved from /opt/airflow/dags/example_data_quality.py
[2026-01-09T16:43:05.793+0000] {logging_mixin.py:188} INFO - [2026-01-09T16:43:05.793+0000] {dag.py:3036} INFO - Sync 1 DAGs
[2026-01-09T16:43:05.806+0000] {logging_mixin.py:188} INFO - [2026-01-09T16:43:05.805+0000] {dag.py:3823} INFO - Setting next_dagrun for data_quality_monitoring to 2026-01-09 12:00:00+00:00, run_after=2026-01-09 16:00:00+00:00
[2026-01-09T16:43:05.817+0000] {processor.py:183} INFO - Processing /opt/airflow/dags/example_data_quality.py took 0.059 seconds
[2026-01-09T16:43:36.432+0000] {processor.py:161} INFO - Started process (PID=1336) to work on /opt/airflow/dags/example_data_quality.py
[2026-01-09T16:43:36.433+0000] {processor.py:830} INFO - Processing file /opt/airflow/dags/example_data_quality.py for tasks to queue
[2026-01-09T16:43:36.433+0000] {logging_mixin.py:188} INFO - [2026-01-09T16:43:36.433+0000] {dagbag.py:538} INFO - Filling up the DagBag from /opt/airflow/dags/example_data_quality.py
[2026-01-09T16:43:36.447+0000] {processor.py:840} INFO - DAG(s) 'data_quality_monitoring' retrieved from /opt/airflow/dags/example_data_quality.py
[2026-01-09T16:43:36.466+0000] {logging_mixin.py:188} INFO - [2026-01-09T16:43:36.466+0000] {dag.py:3036} INFO - Sync 1 DAGs
[2026-01-09T16:43:36.480+0000] {logging_mixin.py:188} INFO - [2026-01-09T16:43:36.480+0000] {dag.py:3823} INFO - Setting next_dagrun for data_quality_monitoring to 2026-01-09 12:00:00+00:00, run_after=2026-01-09 16:00:00+00:00
[2026-01-09T16:43:36.495+0000] {processor.py:183} INFO - Processing /opt/airflow/dags/example_data_quality.py took 0.065 seconds
[2026-01-09T16:44:07.167+0000] {processor.py:161} INFO - Started process (PID=1367) to work on /opt/airflow/dags/example_data_quality.py
[2026-01-09T16:44:07.167+0000] {processor.py:830} INFO - Processing file /opt/airflow/dags/example_data_quality.py for tasks to queue
[2026-01-09T16:44:07.168+0000] {logging_mixin.py:188} INFO - [2026-01-09T16:44:07.168+0000] {dagbag.py:538} INFO - Filling up the DagBag from /opt/airflow/dags/example_data_quality.py
[2026-01-09T16:44:07.182+0000] {processor.py:840} INFO - DAG(s) 'data_quality_monitoring' retrieved from /opt/airflow/dags/example_data_quality.py
[2026-01-09T16:44:07.202+0000] {logging_mixin.py:188} INFO - [2026-01-09T16:44:07.202+0000] {dag.py:3036} INFO - Sync 1 DAGs
[2026-01-09T16:44:07.213+0000] {logging_mixin.py:188} INFO - [2026-01-09T16:44:07.213+0000] {dag.py:3823} INFO - Setting next_dagrun for data_quality_monitoring to 2026-01-09 12:00:00+00:00, run_after=2026-01-09 16:00:00+00:00
[2026-01-09T16:44:07.225+0000] {processor.py:183} INFO - Processing /opt/airflow/dags/example_data_quality.py took 0.060 seconds
[2026-01-09T16:44:37.695+0000] {processor.py:161} INFO - Started process (PID=1398) to work on /opt/airflow/dags/example_data_quality.py
[2026-01-09T16:44:37.696+0000] {processor.py:830} INFO - Processing file /opt/airflow/dags/example_data_quality.py for tasks to queue
[2026-01-09T16:44:37.696+0000] {logging_mixin.py:188} INFO - [2026-01-09T16:44:37.696+0000] {dagbag.py:538} INFO - Filling up the DagBag from /opt/airflow/dags/example_data_quality.py
[2026-01-09T16:44:37.707+0000] {processor.py:840} INFO - DAG(s) 'data_quality_monitoring' retrieved from /opt/airflow/dags/example_data_quality.py
[2026-01-09T16:44:37.722+0000] {logging_mixin.py:188} INFO - [2026-01-09T16:44:37.722+0000] {dag.py:3036} INFO - Sync 1 DAGs
[2026-01-09T16:44:37.732+0000] {logging_mixin.py:188} INFO - [2026-01-09T16:44:37.732+0000] {dag.py:3823} INFO - Setting next_dagrun for data_quality_monitoring to 2026-01-09 12:00:00+00:00, run_after=2026-01-09 16:00:00+00:00
[2026-01-09T16:44:37.740+0000] {processor.py:183} INFO - Processing /opt/airflow/dags/example_data_quality.py took 0.047 seconds
[2026-01-09T16:45:08.271+0000] {processor.py:161} INFO - Started process (PID=1429) to work on /opt/airflow/dags/example_data_quality.py
[2026-01-09T16:45:08.272+0000] {processor.py:830} INFO - Processing file /opt/airflow/dags/example_data_quality.py for tasks to queue
[2026-01-09T16:45:08.272+0000] {logging_mixin.py:188} INFO - [2026-01-09T16:45:08.272+0000] {dagbag.py:538} INFO - Filling up the DagBag from /opt/airflow/dags/example_data_quality.py
[2026-01-09T16:45:08.282+0000] {processor.py:840} INFO - DAG(s) 'data_quality_monitoring' retrieved from /opt/airflow/dags/example_data_quality.py
[2026-01-09T16:45:08.295+0000] {logging_mixin.py:188} INFO - [2026-01-09T16:45:08.295+0000] {dag.py:3036} INFO - Sync 1 DAGs
[2026-01-09T16:45:08.437+0000] {logging_mixin.py:188} INFO - [2026-01-09T16:45:08.437+0000] {dag.py:3823} INFO - Setting next_dagrun for data_quality_monitoring to 2026-01-09 12:00:00+00:00, run_after=2026-01-09 16:00:00+00:00
[2026-01-09T16:45:08.444+0000] {processor.py:183} INFO - Processing /opt/airflow/dags/example_data_quality.py took 0.175 seconds
