[2026-01-09T16:00:48.863+0000] {processor.py:161} INFO - Started process (PID=208) to work on /opt/airflow/dags/example_api_ingestion.py
[2026-01-09T16:00:48.867+0000] {processor.py:830} INFO - Processing file /opt/airflow/dags/example_api_ingestion.py for tasks to queue
[2026-01-09T16:00:48.870+0000] {logging_mixin.py:188} INFO - [2026-01-09T16:00:48.870+0000] {dagbag.py:538} INFO - Filling up the DagBag from /opt/airflow/dags/example_api_ingestion.py
[2026-01-09T16:00:48.936+0000] {processor.py:840} INFO - DAG(s) 'api_data_ingestion' retrieved from /opt/airflow/dags/example_api_ingestion.py
[2026-01-09T16:00:49.021+0000] {logging_mixin.py:188} INFO - [2026-01-09T16:00:49.020+0000] {override.py:1769} INFO - Created Permission View: can delete on DAG:api_data_ingestion
[2026-01-09T16:00:49.025+0000] {logging_mixin.py:188} INFO - [2026-01-09T16:00:49.025+0000] {override.py:1769} INFO - Created Permission View: can read on DAG:api_data_ingestion
[2026-01-09T16:00:49.028+0000] {logging_mixin.py:188} INFO - [2026-01-09T16:00:49.028+0000] {override.py:1769} INFO - Created Permission View: can edit on DAG:api_data_ingestion
[2026-01-09T16:00:49.028+0000] {logging_mixin.py:188} INFO - [2026-01-09T16:00:49.028+0000] {dag.py:3036} INFO - Sync 1 DAGs
[2026-01-09T16:00:49.037+0000] {logging_mixin.py:188} INFO - [2026-01-09T16:00:49.037+0000] {dag.py:3058} INFO - Creating ORM DAG for api_data_ingestion
[2026-01-09T16:00:49.044+0000] {logging_mixin.py:188} INFO - [2026-01-09T16:00:49.043+0000] {dag.py:3823} INFO - Setting next_dagrun for api_data_ingestion to 2026-01-08 05:00:00+00:00, run_after=2026-01-09 05:00:00+00:00
[2026-01-09T16:00:49.053+0000] {processor.py:183} INFO - Processing /opt/airflow/dags/example_api_ingestion.py took 0.197 seconds
[2026-01-09T16:01:19.521+0000] {processor.py:161} INFO - Started process (PID=234) to work on /opt/airflow/dags/example_api_ingestion.py
[2026-01-09T16:01:19.522+0000] {processor.py:830} INFO - Processing file /opt/airflow/dags/example_api_ingestion.py for tasks to queue
[2026-01-09T16:01:19.522+0000] {logging_mixin.py:188} INFO - [2026-01-09T16:01:19.522+0000] {dagbag.py:538} INFO - Filling up the DagBag from /opt/airflow/dags/example_api_ingestion.py
[2026-01-09T16:01:19.537+0000] {processor.py:840} INFO - DAG(s) 'api_data_ingestion' retrieved from /opt/airflow/dags/example_api_ingestion.py
[2026-01-09T16:01:19.555+0000] {logging_mixin.py:188} INFO - [2026-01-09T16:01:19.554+0000] {dag.py:3036} INFO - Sync 1 DAGs
[2026-01-09T16:01:19.572+0000] {logging_mixin.py:188} INFO - [2026-01-09T16:01:19.572+0000] {dag.py:3823} INFO - Setting next_dagrun for api_data_ingestion to 2026-01-08 05:00:00+00:00, run_after=2026-01-09 05:00:00+00:00
[2026-01-09T16:01:19.581+0000] {processor.py:183} INFO - Processing /opt/airflow/dags/example_api_ingestion.py took 0.062 seconds
[2026-01-09T16:01:49.896+0000] {processor.py:161} INFO - Started process (PID=261) to work on /opt/airflow/dags/example_api_ingestion.py
[2026-01-09T16:01:49.897+0000] {processor.py:830} INFO - Processing file /opt/airflow/dags/example_api_ingestion.py for tasks to queue
[2026-01-09T16:01:49.897+0000] {logging_mixin.py:188} INFO - [2026-01-09T16:01:49.897+0000] {dagbag.py:538} INFO - Filling up the DagBag from /opt/airflow/dags/example_api_ingestion.py
[2026-01-09T16:01:49.911+0000] {processor.py:840} INFO - DAG(s) 'api_data_ingestion' retrieved from /opt/airflow/dags/example_api_ingestion.py
[2026-01-09T16:01:49.928+0000] {logging_mixin.py:188} INFO - [2026-01-09T16:01:49.928+0000] {dag.py:3036} INFO - Sync 1 DAGs
[2026-01-09T16:01:49.939+0000] {logging_mixin.py:188} INFO - [2026-01-09T16:01:49.939+0000] {dag.py:3823} INFO - Setting next_dagrun for api_data_ingestion to 2026-01-08 05:00:00+00:00, run_after=2026-01-09 05:00:00+00:00
[2026-01-09T16:01:49.947+0000] {processor.py:183} INFO - Processing /opt/airflow/dags/example_api_ingestion.py took 0.053 seconds
[2026-01-09T16:02:20.304+0000] {processor.py:161} INFO - Started process (PID=294) to work on /opt/airflow/dags/example_api_ingestion.py
[2026-01-09T16:02:20.305+0000] {processor.py:830} INFO - Processing file /opt/airflow/dags/example_api_ingestion.py for tasks to queue
[2026-01-09T16:02:20.305+0000] {logging_mixin.py:188} INFO - [2026-01-09T16:02:20.305+0000] {dagbag.py:538} INFO - Filling up the DagBag from /opt/airflow/dags/example_api_ingestion.py
[2026-01-09T16:02:20.317+0000] {processor.py:840} INFO - DAG(s) 'api_data_ingestion' retrieved from /opt/airflow/dags/example_api_ingestion.py
[2026-01-09T16:02:20.332+0000] {logging_mixin.py:188} INFO - [2026-01-09T16:02:20.332+0000] {dag.py:3036} INFO - Sync 1 DAGs
[2026-01-09T16:02:20.346+0000] {logging_mixin.py:188} INFO - [2026-01-09T16:02:20.346+0000] {dag.py:3823} INFO - Setting next_dagrun for api_data_ingestion to 2026-01-08 05:00:00+00:00, run_after=2026-01-09 05:00:00+00:00
[2026-01-09T16:02:20.364+0000] {processor.py:183} INFO - Processing /opt/airflow/dags/example_api_ingestion.py took 0.062 seconds
[2026-01-09T16:02:50.621+0000] {processor.py:161} INFO - Started process (PID=327) to work on /opt/airflow/dags/example_api_ingestion.py
[2026-01-09T16:02:50.623+0000] {processor.py:830} INFO - Processing file /opt/airflow/dags/example_api_ingestion.py for tasks to queue
[2026-01-09T16:02:50.624+0000] {logging_mixin.py:188} INFO - [2026-01-09T16:02:50.623+0000] {dagbag.py:538} INFO - Filling up the DagBag from /opt/airflow/dags/example_api_ingestion.py
[2026-01-09T16:02:50.639+0000] {processor.py:840} INFO - DAG(s) 'api_data_ingestion' retrieved from /opt/airflow/dags/example_api_ingestion.py
[2026-01-09T16:02:50.667+0000] {logging_mixin.py:188} INFO - [2026-01-09T16:02:50.666+0000] {dag.py:3036} INFO - Sync 1 DAGs
[2026-01-09T16:02:50.691+0000] {logging_mixin.py:188} INFO - [2026-01-09T16:02:50.691+0000] {dag.py:3823} INFO - Setting next_dagrun for api_data_ingestion to 2026-01-08 05:00:00+00:00, run_after=2026-01-09 05:00:00+00:00
[2026-01-09T16:02:50.721+0000] {processor.py:183} INFO - Processing /opt/airflow/dags/example_api_ingestion.py took 0.106 seconds
[2026-01-09T16:03:38.569+0000] {processor.py:161} INFO - Started process (PID=360) to work on /opt/airflow/dags/example_api_ingestion.py
[2026-01-09T16:03:38.570+0000] {processor.py:830} INFO - Processing file /opt/airflow/dags/example_api_ingestion.py for tasks to queue
[2026-01-09T16:03:38.572+0000] {logging_mixin.py:188} INFO - [2026-01-09T16:03:38.571+0000] {dagbag.py:538} INFO - Filling up the DagBag from /opt/airflow/dags/example_api_ingestion.py
[2026-01-09T16:03:38.610+0000] {processor.py:840} INFO - DAG(s) 'api_data_ingestion' retrieved from /opt/airflow/dags/example_api_ingestion.py
[2026-01-09T16:03:38.650+0000] {logging_mixin.py:188} INFO - [2026-01-09T16:03:38.649+0000] {dag.py:3036} INFO - Sync 1 DAGs
[2026-01-09T16:03:38.671+0000] {logging_mixin.py:188} INFO - [2026-01-09T16:03:38.671+0000] {dag.py:3823} INFO - Setting next_dagrun for api_data_ingestion to 2026-01-08 05:00:00+00:00, run_after=2026-01-09 05:00:00+00:00
[2026-01-09T16:03:38.681+0000] {processor.py:183} INFO - Processing /opt/airflow/dags/example_api_ingestion.py took 0.117 seconds
[2026-01-09T16:04:09.087+0000] {processor.py:161} INFO - Started process (PID=395) to work on /opt/airflow/dags/example_api_ingestion.py
[2026-01-09T16:04:09.087+0000] {processor.py:830} INFO - Processing file /opt/airflow/dags/example_api_ingestion.py for tasks to queue
[2026-01-09T16:04:09.088+0000] {logging_mixin.py:188} INFO - [2026-01-09T16:04:09.088+0000] {dagbag.py:538} INFO - Filling up the DagBag from /opt/airflow/dags/example_api_ingestion.py
[2026-01-09T16:04:09.098+0000] {processor.py:840} INFO - DAG(s) 'api_data_ingestion' retrieved from /opt/airflow/dags/example_api_ingestion.py
[2026-01-09T16:04:09.113+0000] {logging_mixin.py:188} INFO - [2026-01-09T16:04:09.112+0000] {dag.py:3036} INFO - Sync 1 DAGs
[2026-01-09T16:04:09.123+0000] {logging_mixin.py:188} INFO - [2026-01-09T16:04:09.123+0000] {dag.py:3823} INFO - Setting next_dagrun for api_data_ingestion to 2026-01-08 05:00:00+00:00, run_after=2026-01-09 05:00:00+00:00
[2026-01-09T16:04:09.135+0000] {processor.py:183} INFO - Processing /opt/airflow/dags/example_api_ingestion.py took 0.050 seconds
[2026-01-09T16:04:39.624+0000] {processor.py:161} INFO - Started process (PID=428) to work on /opt/airflow/dags/example_api_ingestion.py
[2026-01-09T16:04:39.625+0000] {processor.py:830} INFO - Processing file /opt/airflow/dags/example_api_ingestion.py for tasks to queue
[2026-01-09T16:04:39.625+0000] {logging_mixin.py:188} INFO - [2026-01-09T16:04:39.625+0000] {dagbag.py:538} INFO - Filling up the DagBag from /opt/airflow/dags/example_api_ingestion.py
[2026-01-09T16:04:39.638+0000] {processor.py:840} INFO - DAG(s) 'api_data_ingestion' retrieved from /opt/airflow/dags/example_api_ingestion.py
[2026-01-09T16:04:39.658+0000] {logging_mixin.py:188} INFO - [2026-01-09T16:04:39.658+0000] {dag.py:3036} INFO - Sync 1 DAGs
[2026-01-09T16:04:39.670+0000] {logging_mixin.py:188} INFO - [2026-01-09T16:04:39.670+0000] {dag.py:3823} INFO - Setting next_dagrun for api_data_ingestion to 2026-01-08 05:00:00+00:00, run_after=2026-01-09 05:00:00+00:00
[2026-01-09T16:04:39.905+0000] {processor.py:183} INFO - Processing /opt/airflow/dags/example_api_ingestion.py took 0.283 seconds
[2026-01-09T16:06:15.987+0000] {processor.py:161} INFO - Started process (PID=200) to work on /opt/airflow/dags/example_api_ingestion.py
[2026-01-09T16:06:15.988+0000] {processor.py:830} INFO - Processing file /opt/airflow/dags/example_api_ingestion.py for tasks to queue
[2026-01-09T16:06:15.989+0000] {logging_mixin.py:188} INFO - [2026-01-09T16:06:15.988+0000] {dagbag.py:538} INFO - Filling up the DagBag from /opt/airflow/dags/example_api_ingestion.py
[2026-01-09T16:06:16.021+0000] {processor.py:840} INFO - DAG(s) 'api_data_ingestion' retrieved from /opt/airflow/dags/example_api_ingestion.py
[2026-01-09T16:06:16.044+0000] {logging_mixin.py:188} INFO - [2026-01-09T16:06:16.044+0000] {dag.py:3036} INFO - Sync 1 DAGs
[2026-01-09T16:06:16.073+0000] {logging_mixin.py:188} INFO - [2026-01-09T16:06:16.073+0000] {dag.py:3823} INFO - Setting next_dagrun for api_data_ingestion to 2026-01-08 05:00:00+00:00, run_after=2026-01-09 05:00:00+00:00
[2026-01-09T16:06:16.093+0000] {processor.py:183} INFO - Processing /opt/airflow/dags/example_api_ingestion.py took 0.109 seconds
[2026-01-09T16:06:46.315+0000] {processor.py:161} INFO - Started process (PID=232) to work on /opt/airflow/dags/example_api_ingestion.py
[2026-01-09T16:06:46.316+0000] {processor.py:830} INFO - Processing file /opt/airflow/dags/example_api_ingestion.py for tasks to queue
[2026-01-09T16:06:46.317+0000] {logging_mixin.py:188} INFO - [2026-01-09T16:06:46.316+0000] {dagbag.py:538} INFO - Filling up the DagBag from /opt/airflow/dags/example_api_ingestion.py
[2026-01-09T16:06:46.343+0000] {processor.py:840} INFO - DAG(s) 'api_data_ingestion' retrieved from /opt/airflow/dags/example_api_ingestion.py
[2026-01-09T16:06:46.403+0000] {logging_mixin.py:188} INFO - [2026-01-09T16:06:46.403+0000] {dag.py:3036} INFO - Sync 1 DAGs
[2026-01-09T16:06:46.412+0000] {logging_mixin.py:188} INFO - [2026-01-09T16:06:46.412+0000] {dag.py:3823} INFO - Setting next_dagrun for api_data_ingestion to 2026-01-08 05:00:00+00:00, run_after=2026-01-09 05:00:00+00:00
[2026-01-09T16:06:46.421+0000] {processor.py:183} INFO - Processing /opt/airflow/dags/example_api_ingestion.py took 0.108 seconds
[2026-01-09T16:07:16.910+0000] {processor.py:161} INFO - Started process (PID=262) to work on /opt/airflow/dags/example_api_ingestion.py
[2026-01-09T16:07:16.911+0000] {processor.py:830} INFO - Processing file /opt/airflow/dags/example_api_ingestion.py for tasks to queue
[2026-01-09T16:07:16.911+0000] {logging_mixin.py:188} INFO - [2026-01-09T16:07:16.911+0000] {dagbag.py:538} INFO - Filling up the DagBag from /opt/airflow/dags/example_api_ingestion.py
[2026-01-09T16:07:16.923+0000] {processor.py:840} INFO - DAG(s) 'api_data_ingestion' retrieved from /opt/airflow/dags/example_api_ingestion.py
[2026-01-09T16:07:16.943+0000] {logging_mixin.py:188} INFO - [2026-01-09T16:07:16.943+0000] {dag.py:3036} INFO - Sync 1 DAGs
[2026-01-09T16:07:16.959+0000] {logging_mixin.py:188} INFO - [2026-01-09T16:07:16.959+0000] {dag.py:3823} INFO - Setting next_dagrun for api_data_ingestion to 2026-01-08 05:00:00+00:00, run_after=2026-01-09 05:00:00+00:00
[2026-01-09T16:07:16.969+0000] {processor.py:183} INFO - Processing /opt/airflow/dags/example_api_ingestion.py took 0.061 seconds
[2026-01-09T16:07:47.434+0000] {processor.py:161} INFO - Started process (PID=295) to work on /opt/airflow/dags/example_api_ingestion.py
[2026-01-09T16:07:47.435+0000] {processor.py:830} INFO - Processing file /opt/airflow/dags/example_api_ingestion.py for tasks to queue
[2026-01-09T16:07:47.435+0000] {logging_mixin.py:188} INFO - [2026-01-09T16:07:47.435+0000] {dagbag.py:538} INFO - Filling up the DagBag from /opt/airflow/dags/example_api_ingestion.py
[2026-01-09T16:07:47.445+0000] {processor.py:840} INFO - DAG(s) 'api_data_ingestion' retrieved from /opt/airflow/dags/example_api_ingestion.py
[2026-01-09T16:07:47.460+0000] {logging_mixin.py:188} INFO - [2026-01-09T16:07:47.460+0000] {dag.py:3036} INFO - Sync 1 DAGs
[2026-01-09T16:07:47.475+0000] {logging_mixin.py:188} INFO - [2026-01-09T16:07:47.475+0000] {dag.py:3823} INFO - Setting next_dagrun for api_data_ingestion to 2026-01-08 05:00:00+00:00, run_after=2026-01-09 05:00:00+00:00
[2026-01-09T16:07:47.486+0000] {processor.py:183} INFO - Processing /opt/airflow/dags/example_api_ingestion.py took 0.054 seconds
[2026-01-09T16:08:17.920+0000] {processor.py:161} INFO - Started process (PID=328) to work on /opt/airflow/dags/example_api_ingestion.py
[2026-01-09T16:08:17.921+0000] {processor.py:830} INFO - Processing file /opt/airflow/dags/example_api_ingestion.py for tasks to queue
[2026-01-09T16:08:17.921+0000] {logging_mixin.py:188} INFO - [2026-01-09T16:08:17.921+0000] {dagbag.py:538} INFO - Filling up the DagBag from /opt/airflow/dags/example_api_ingestion.py
[2026-01-09T16:08:17.939+0000] {processor.py:840} INFO - DAG(s) 'api_data_ingestion' retrieved from /opt/airflow/dags/example_api_ingestion.py
[2026-01-09T16:08:17.955+0000] {logging_mixin.py:188} INFO - [2026-01-09T16:08:17.955+0000] {dag.py:3036} INFO - Sync 1 DAGs
[2026-01-09T16:08:17.964+0000] {logging_mixin.py:188} INFO - [2026-01-09T16:08:17.964+0000] {dag.py:3823} INFO - Setting next_dagrun for api_data_ingestion to 2026-01-08 05:00:00+00:00, run_after=2026-01-09 05:00:00+00:00
[2026-01-09T16:08:17.971+0000] {processor.py:183} INFO - Processing /opt/airflow/dags/example_api_ingestion.py took 0.053 seconds
[2026-01-09T16:09:18.999+0000] {processor.py:161} INFO - Started process (PID=372) to work on /opt/airflow/dags/example_api_ingestion.py
[2026-01-09T16:09:19.000+0000] {processor.py:830} INFO - Processing file /opt/airflow/dags/example_api_ingestion.py for tasks to queue
[2026-01-09T16:09:19.001+0000] {logging_mixin.py:188} INFO - [2026-01-09T16:09:19.001+0000] {dagbag.py:538} INFO - Filling up the DagBag from /opt/airflow/dags/example_api_ingestion.py
[2026-01-09T16:09:19.025+0000] {processor.py:840} INFO - DAG(s) 'api_data_ingestion' retrieved from /opt/airflow/dags/example_api_ingestion.py
[2026-01-09T16:09:19.042+0000] {logging_mixin.py:188} INFO - [2026-01-09T16:09:19.042+0000] {dag.py:3036} INFO - Sync 1 DAGs
[2026-01-09T16:09:19.063+0000] {logging_mixin.py:188} INFO - [2026-01-09T16:09:19.063+0000] {dag.py:3823} INFO - Setting next_dagrun for api_data_ingestion to 2026-01-08 05:00:00+00:00, run_after=2026-01-09 05:00:00+00:00
[2026-01-09T16:09:19.076+0000] {processor.py:183} INFO - Processing /opt/airflow/dags/example_api_ingestion.py took 0.084 seconds
[2026-01-09T16:09:50.062+0000] {processor.py:161} INFO - Started process (PID=397) to work on /opt/airflow/dags/example_api_ingestion.py
[2026-01-09T16:09:50.063+0000] {processor.py:830} INFO - Processing file /opt/airflow/dags/example_api_ingestion.py for tasks to queue
[2026-01-09T16:09:50.063+0000] {logging_mixin.py:188} INFO - [2026-01-09T16:09:50.063+0000] {dagbag.py:538} INFO - Filling up the DagBag from /opt/airflow/dags/example_api_ingestion.py
[2026-01-09T16:09:50.077+0000] {processor.py:840} INFO - DAG(s) 'api_data_ingestion' retrieved from /opt/airflow/dags/example_api_ingestion.py
[2026-01-09T16:09:50.099+0000] {logging_mixin.py:188} INFO - [2026-01-09T16:09:50.099+0000] {dag.py:3036} INFO - Sync 1 DAGs
[2026-01-09T16:09:50.112+0000] {logging_mixin.py:188} INFO - [2026-01-09T16:09:50.112+0000] {dag.py:3823} INFO - Setting next_dagrun for api_data_ingestion to 2026-01-08 05:00:00+00:00, run_after=2026-01-09 05:00:00+00:00
[2026-01-09T16:09:50.121+0000] {processor.py:183} INFO - Processing /opt/airflow/dags/example_api_ingestion.py took 0.063 seconds
[2026-01-09T16:10:20.516+0000] {processor.py:161} INFO - Started process (PID=426) to work on /opt/airflow/dags/example_api_ingestion.py
[2026-01-09T16:10:20.517+0000] {processor.py:830} INFO - Processing file /opt/airflow/dags/example_api_ingestion.py for tasks to queue
[2026-01-09T16:10:20.518+0000] {logging_mixin.py:188} INFO - [2026-01-09T16:10:20.517+0000] {dagbag.py:538} INFO - Filling up the DagBag from /opt/airflow/dags/example_api_ingestion.py
[2026-01-09T16:10:20.530+0000] {processor.py:840} INFO - DAG(s) 'api_data_ingestion' retrieved from /opt/airflow/dags/example_api_ingestion.py
[2026-01-09T16:10:20.549+0000] {logging_mixin.py:188} INFO - [2026-01-09T16:10:20.549+0000] {dag.py:3036} INFO - Sync 1 DAGs
[2026-01-09T16:10:20.562+0000] {logging_mixin.py:188} INFO - [2026-01-09T16:10:20.562+0000] {dag.py:3823} INFO - Setting next_dagrun for api_data_ingestion to 2026-01-08 05:00:00+00:00, run_after=2026-01-09 05:00:00+00:00
[2026-01-09T16:10:20.570+0000] {processor.py:183} INFO - Processing /opt/airflow/dags/example_api_ingestion.py took 0.056 seconds
[2026-01-09T16:10:51.001+0000] {processor.py:161} INFO - Started process (PID=458) to work on /opt/airflow/dags/example_api_ingestion.py
[2026-01-09T16:10:51.002+0000] {processor.py:830} INFO - Processing file /opt/airflow/dags/example_api_ingestion.py for tasks to queue
[2026-01-09T16:10:51.002+0000] {logging_mixin.py:188} INFO - [2026-01-09T16:10:51.002+0000] {dagbag.py:538} INFO - Filling up the DagBag from /opt/airflow/dags/example_api_ingestion.py
[2026-01-09T16:10:51.014+0000] {processor.py:840} INFO - DAG(s) 'api_data_ingestion' retrieved from /opt/airflow/dags/example_api_ingestion.py
[2026-01-09T16:10:51.031+0000] {logging_mixin.py:188} INFO - [2026-01-09T16:10:51.030+0000] {dag.py:3036} INFO - Sync 1 DAGs
[2026-01-09T16:10:51.041+0000] {logging_mixin.py:188} INFO - [2026-01-09T16:10:51.041+0000] {dag.py:3823} INFO - Setting next_dagrun for api_data_ingestion to 2026-01-08 05:00:00+00:00, run_after=2026-01-09 05:00:00+00:00
[2026-01-09T16:10:51.053+0000] {processor.py:183} INFO - Processing /opt/airflow/dags/example_api_ingestion.py took 0.055 seconds
[2026-01-09T16:11:21.477+0000] {processor.py:161} INFO - Started process (PID=494) to work on /opt/airflow/dags/example_api_ingestion.py
[2026-01-09T16:11:21.478+0000] {processor.py:830} INFO - Processing file /opt/airflow/dags/example_api_ingestion.py for tasks to queue
[2026-01-09T16:11:21.479+0000] {logging_mixin.py:188} INFO - [2026-01-09T16:11:21.478+0000] {dagbag.py:538} INFO - Filling up the DagBag from /opt/airflow/dags/example_api_ingestion.py
[2026-01-09T16:11:21.496+0000] {processor.py:840} INFO - DAG(s) 'api_data_ingestion' retrieved from /opt/airflow/dags/example_api_ingestion.py
[2026-01-09T16:11:21.514+0000] {logging_mixin.py:188} INFO - [2026-01-09T16:11:21.514+0000] {dag.py:3036} INFO - Sync 1 DAGs
[2026-01-09T16:11:21.526+0000] {logging_mixin.py:188} INFO - [2026-01-09T16:11:21.526+0000] {dag.py:3823} INFO - Setting next_dagrun for api_data_ingestion to 2026-01-08 05:00:00+00:00, run_after=2026-01-09 05:00:00+00:00
[2026-01-09T16:11:21.540+0000] {processor.py:183} INFO - Processing /opt/airflow/dags/example_api_ingestion.py took 0.066 seconds
[2026-01-09T16:11:52.298+0000] {processor.py:161} INFO - Started process (PID=527) to work on /opt/airflow/dags/example_api_ingestion.py
[2026-01-09T16:11:52.299+0000] {processor.py:830} INFO - Processing file /opt/airflow/dags/example_api_ingestion.py for tasks to queue
[2026-01-09T16:11:52.299+0000] {logging_mixin.py:188} INFO - [2026-01-09T16:11:52.299+0000] {dagbag.py:538} INFO - Filling up the DagBag from /opt/airflow/dags/example_api_ingestion.py
[2026-01-09T16:11:52.312+0000] {processor.py:840} INFO - DAG(s) 'api_data_ingestion' retrieved from /opt/airflow/dags/example_api_ingestion.py
[2026-01-09T16:11:52.332+0000] {logging_mixin.py:188} INFO - [2026-01-09T16:11:52.332+0000] {dag.py:3036} INFO - Sync 1 DAGs
[2026-01-09T16:11:52.345+0000] {logging_mixin.py:188} INFO - [2026-01-09T16:11:52.345+0000] {dag.py:3823} INFO - Setting next_dagrun for api_data_ingestion to 2026-01-08 05:00:00+00:00, run_after=2026-01-09 05:00:00+00:00
[2026-01-09T16:11:52.523+0000] {processor.py:183} INFO - Processing /opt/airflow/dags/example_api_ingestion.py took 0.228 seconds
[2026-01-09T16:12:22.724+0000] {processor.py:161} INFO - Started process (PID=558) to work on /opt/airflow/dags/example_api_ingestion.py
[2026-01-09T16:12:22.725+0000] {processor.py:830} INFO - Processing file /opt/airflow/dags/example_api_ingestion.py for tasks to queue
[2026-01-09T16:12:22.725+0000] {logging_mixin.py:188} INFO - [2026-01-09T16:12:22.725+0000] {dagbag.py:538} INFO - Filling up the DagBag from /opt/airflow/dags/example_api_ingestion.py
[2026-01-09T16:12:22.737+0000] {processor.py:840} INFO - DAG(s) 'api_data_ingestion' retrieved from /opt/airflow/dags/example_api_ingestion.py
[2026-01-09T16:12:22.755+0000] {logging_mixin.py:188} INFO - [2026-01-09T16:12:22.754+0000] {dag.py:3036} INFO - Sync 1 DAGs
[2026-01-09T16:12:22.764+0000] {logging_mixin.py:188} INFO - [2026-01-09T16:12:22.764+0000] {dag.py:3823} INFO - Setting next_dagrun for api_data_ingestion to 2026-01-08 05:00:00+00:00, run_after=2026-01-09 05:00:00+00:00
[2026-01-09T16:12:22.772+0000] {processor.py:183} INFO - Processing /opt/airflow/dags/example_api_ingestion.py took 0.050 seconds
[2026-01-09T16:12:53.433+0000] {processor.py:161} INFO - Started process (PID=592) to work on /opt/airflow/dags/example_api_ingestion.py
[2026-01-09T16:12:53.433+0000] {processor.py:830} INFO - Processing file /opt/airflow/dags/example_api_ingestion.py for tasks to queue
[2026-01-09T16:12:53.434+0000] {logging_mixin.py:188} INFO - [2026-01-09T16:12:53.434+0000] {dagbag.py:538} INFO - Filling up the DagBag from /opt/airflow/dags/example_api_ingestion.py
[2026-01-09T16:12:53.444+0000] {processor.py:840} INFO - DAG(s) 'api_data_ingestion' retrieved from /opt/airflow/dags/example_api_ingestion.py
[2026-01-09T16:12:53.457+0000] {logging_mixin.py:188} INFO - [2026-01-09T16:12:53.457+0000] {dag.py:3036} INFO - Sync 1 DAGs
[2026-01-09T16:12:53.465+0000] {logging_mixin.py:188} INFO - [2026-01-09T16:12:53.465+0000] {dag.py:3823} INFO - Setting next_dagrun for api_data_ingestion to 2026-01-08 05:00:00+00:00, run_after=2026-01-09 05:00:00+00:00
[2026-01-09T16:12:53.472+0000] {processor.py:183} INFO - Processing /opt/airflow/dags/example_api_ingestion.py took 0.041 seconds
[2026-01-09T16:13:30.875+0000] {processor.py:161} INFO - Started process (PID=628) to work on /opt/airflow/dags/example_api_ingestion.py
[2026-01-09T16:13:30.905+0000] {processor.py:830} INFO - Processing file /opt/airflow/dags/example_api_ingestion.py for tasks to queue
[2026-01-09T16:13:30.974+0000] {logging_mixin.py:188} INFO - [2026-01-09T16:13:30.947+0000] {dagbag.py:538} INFO - Filling up the DagBag from /opt/airflow/dags/example_api_ingestion.py
[2026-01-09T16:13:31.366+0000] {processor.py:840} INFO - DAG(s) 'api_data_ingestion' retrieved from /opt/airflow/dags/example_api_ingestion.py
[2026-01-09T16:13:32.749+0000] {logging_mixin.py:188} INFO - [2026-01-09T16:13:32.669+0000] {dag.py:3036} INFO - Sync 1 DAGs
[2026-01-09T16:13:33.112+0000] {logging_mixin.py:188} INFO - [2026-01-09T16:13:33.111+0000] {dag.py:3823} INFO - Setting next_dagrun for api_data_ingestion to 2026-01-08 05:00:00+00:00, run_after=2026-01-09 05:00:00+00:00
[2026-01-09T16:13:33.124+0000] {processor.py:183} INFO - Processing /opt/airflow/dags/example_api_ingestion.py took 2.288 seconds
[2026-01-09T16:14:03.670+0000] {processor.py:161} INFO - Started process (PID=660) to work on /opt/airflow/dags/example_api_ingestion.py
[2026-01-09T16:14:03.670+0000] {processor.py:830} INFO - Processing file /opt/airflow/dags/example_api_ingestion.py for tasks to queue
[2026-01-09T16:14:03.672+0000] {logging_mixin.py:188} INFO - [2026-01-09T16:14:03.672+0000] {dagbag.py:538} INFO - Filling up the DagBag from /opt/airflow/dags/example_api_ingestion.py
[2026-01-09T16:14:03.688+0000] {processor.py:840} INFO - DAG(s) 'api_data_ingestion' retrieved from /opt/airflow/dags/example_api_ingestion.py
[2026-01-09T16:14:03.705+0000] {logging_mixin.py:188} INFO - [2026-01-09T16:14:03.704+0000] {dag.py:3036} INFO - Sync 1 DAGs
[2026-01-09T16:14:03.716+0000] {logging_mixin.py:188} INFO - [2026-01-09T16:14:03.716+0000] {dag.py:3823} INFO - Setting next_dagrun for api_data_ingestion to 2026-01-08 05:00:00+00:00, run_after=2026-01-09 05:00:00+00:00
[2026-01-09T16:14:03.723+0000] {processor.py:183} INFO - Processing /opt/airflow/dags/example_api_ingestion.py took 0.057 seconds
[2026-01-09T16:14:34.455+0000] {processor.py:161} INFO - Started process (PID=693) to work on /opt/airflow/dags/example_api_ingestion.py
[2026-01-09T16:14:34.472+0000] {processor.py:830} INFO - Processing file /opt/airflow/dags/example_api_ingestion.py for tasks to queue
[2026-01-09T16:14:34.491+0000] {logging_mixin.py:188} INFO - [2026-01-09T16:14:34.479+0000] {dagbag.py:538} INFO - Filling up the DagBag from /opt/airflow/dags/example_api_ingestion.py
[2026-01-09T16:14:34.900+0000] {processor.py:840} INFO - DAG(s) 'api_data_ingestion' retrieved from /opt/airflow/dags/example_api_ingestion.py
[2026-01-09T16:14:35.161+0000] {logging_mixin.py:188} INFO - [2026-01-09T16:14:35.149+0000] {dag.py:3036} INFO - Sync 1 DAGs
[2026-01-09T16:14:36.550+0000] {logging_mixin.py:188} INFO - [2026-01-09T16:14:36.518+0000] {dag.py:3823} INFO - Setting next_dagrun for api_data_ingestion to 2026-01-08 05:00:00+00:00, run_after=2026-01-09 05:00:00+00:00
[2026-01-09T16:14:37.103+0000] {processor.py:183} INFO - Processing /opt/airflow/dags/example_api_ingestion.py took 2.660 seconds
[2026-01-09T16:15:07.438+0000] {processor.py:161} INFO - Started process (PID=716) to work on /opt/airflow/dags/example_api_ingestion.py
[2026-01-09T16:15:07.439+0000] {processor.py:830} INFO - Processing file /opt/airflow/dags/example_api_ingestion.py for tasks to queue
[2026-01-09T16:15:07.440+0000] {logging_mixin.py:188} INFO - [2026-01-09T16:15:07.440+0000] {dagbag.py:538} INFO - Filling up the DagBag from /opt/airflow/dags/example_api_ingestion.py
[2026-01-09T16:15:07.456+0000] {processor.py:840} INFO - DAG(s) 'api_data_ingestion' retrieved from /opt/airflow/dags/example_api_ingestion.py
[2026-01-09T16:15:07.475+0000] {logging_mixin.py:188} INFO - [2026-01-09T16:15:07.475+0000] {dag.py:3036} INFO - Sync 1 DAGs
[2026-01-09T16:15:07.487+0000] {logging_mixin.py:188} INFO - [2026-01-09T16:15:07.487+0000] {dag.py:3823} INFO - Setting next_dagrun for api_data_ingestion to 2026-01-08 05:00:00+00:00, run_after=2026-01-09 05:00:00+00:00
[2026-01-09T16:15:07.496+0000] {processor.py:183} INFO - Processing /opt/airflow/dags/example_api_ingestion.py took 0.061 seconds
[2026-01-09T16:15:37.920+0000] {processor.py:161} INFO - Started process (PID=749) to work on /opt/airflow/dags/example_api_ingestion.py
[2026-01-09T16:15:37.920+0000] {processor.py:830} INFO - Processing file /opt/airflow/dags/example_api_ingestion.py for tasks to queue
[2026-01-09T16:15:37.921+0000] {logging_mixin.py:188} INFO - [2026-01-09T16:15:37.921+0000] {dagbag.py:538} INFO - Filling up the DagBag from /opt/airflow/dags/example_api_ingestion.py
[2026-01-09T16:15:37.935+0000] {processor.py:840} INFO - DAG(s) 'api_data_ingestion' retrieved from /opt/airflow/dags/example_api_ingestion.py
[2026-01-09T16:15:37.953+0000] {logging_mixin.py:188} INFO - [2026-01-09T16:15:37.953+0000] {dag.py:3036} INFO - Sync 1 DAGs
[2026-01-09T16:15:37.965+0000] {logging_mixin.py:188} INFO - [2026-01-09T16:15:37.965+0000] {dag.py:3823} INFO - Setting next_dagrun for api_data_ingestion to 2026-01-08 05:00:00+00:00, run_after=2026-01-09 05:00:00+00:00
[2026-01-09T16:15:37.973+0000] {processor.py:183} INFO - Processing /opt/airflow/dags/example_api_ingestion.py took 0.056 seconds
[2026-01-09T16:17:05.224+0000] {processor.py:161} INFO - Started process (PID=208) to work on /opt/airflow/dags/example_api_ingestion.py
[2026-01-09T16:17:05.225+0000] {processor.py:830} INFO - Processing file /opt/airflow/dags/example_api_ingestion.py for tasks to queue
[2026-01-09T16:17:05.227+0000] {logging_mixin.py:188} INFO - [2026-01-09T16:17:05.226+0000] {dagbag.py:538} INFO - Filling up the DagBag from /opt/airflow/dags/example_api_ingestion.py
[2026-01-09T16:17:05.243+0000] {processor.py:840} INFO - DAG(s) 'api_data_ingestion' retrieved from /opt/airflow/dags/example_api_ingestion.py
[2026-01-09T16:17:05.250+0000] {logging_mixin.py:188} INFO - [2026-01-09T16:17:05.250+0000] {dag.py:3036} INFO - Sync 1 DAGs
[2026-01-09T16:17:05.261+0000] {logging_mixin.py:188} INFO - [2026-01-09T16:17:05.261+0000] {dag.py:3823} INFO - Setting next_dagrun for api_data_ingestion to 2026-01-08 05:00:00+00:00, run_after=2026-01-09 05:00:00+00:00
[2026-01-09T16:17:05.269+0000] {processor.py:183} INFO - Processing /opt/airflow/dags/example_api_ingestion.py took 0.046 seconds
[2026-01-09T16:17:36.179+0000] {processor.py:161} INFO - Started process (PID=244) to work on /opt/airflow/dags/example_api_ingestion.py
[2026-01-09T16:17:36.180+0000] {processor.py:830} INFO - Processing file /opt/airflow/dags/example_api_ingestion.py for tasks to queue
[2026-01-09T16:17:36.182+0000] {logging_mixin.py:188} INFO - [2026-01-09T16:17:36.181+0000] {dagbag.py:538} INFO - Filling up the DagBag from /opt/airflow/dags/example_api_ingestion.py
[2026-01-09T16:17:36.224+0000] {processor.py:840} INFO - DAG(s) 'api_data_ingestion' retrieved from /opt/airflow/dags/example_api_ingestion.py
[2026-01-09T16:17:40.063+0000] {logging_mixin.py:188} INFO - [2026-01-09T16:17:40.056+0000] {dag.py:3036} INFO - Sync 1 DAGs
[2026-01-09T16:17:55.049+0000] {logging_mixin.py:188} INFO - [2026-01-09T16:17:55.019+0000] {dag.py:3823} INFO - Setting next_dagrun for api_data_ingestion to 2026-01-08 05:00:00+00:00, run_after=2026-01-09 05:00:00+00:00
[2026-01-09T16:17:55.736+0000] {processor.py:183} INFO - Processing /opt/airflow/dags/example_api_ingestion.py took 19.562 seconds
[2026-01-09T16:18:26.374+0000] {processor.py:161} INFO - Started process (PID=288) to work on /opt/airflow/dags/example_api_ingestion.py
[2026-01-09T16:18:26.374+0000] {processor.py:830} INFO - Processing file /opt/airflow/dags/example_api_ingestion.py for tasks to queue
[2026-01-09T16:18:26.375+0000] {logging_mixin.py:188} INFO - [2026-01-09T16:18:26.374+0000] {dagbag.py:538} INFO - Filling up the DagBag from /opt/airflow/dags/example_api_ingestion.py
[2026-01-09T16:18:26.389+0000] {processor.py:840} INFO - DAG(s) 'api_data_ingestion' retrieved from /opt/airflow/dags/example_api_ingestion.py
[2026-01-09T16:18:26.408+0000] {logging_mixin.py:188} INFO - [2026-01-09T16:18:26.408+0000] {dag.py:3036} INFO - Sync 1 DAGs
[2026-01-09T16:18:26.422+0000] {logging_mixin.py:188} INFO - [2026-01-09T16:18:26.422+0000] {dag.py:3823} INFO - Setting next_dagrun for api_data_ingestion to 2026-01-08 05:00:00+00:00, run_after=2026-01-09 05:00:00+00:00
[2026-01-09T16:18:26.431+0000] {processor.py:183} INFO - Processing /opt/airflow/dags/example_api_ingestion.py took 0.059 seconds
[2026-01-09T16:18:56.883+0000] {processor.py:161} INFO - Started process (PID=326) to work on /opt/airflow/dags/example_api_ingestion.py
[2026-01-09T16:18:56.886+0000] {processor.py:830} INFO - Processing file /opt/airflow/dags/example_api_ingestion.py for tasks to queue
[2026-01-09T16:18:56.889+0000] {logging_mixin.py:188} INFO - [2026-01-09T16:18:56.888+0000] {dagbag.py:538} INFO - Filling up the DagBag from /opt/airflow/dags/example_api_ingestion.py
[2026-01-09T16:18:56.902+0000] {processor.py:840} INFO - DAG(s) 'api_data_ingestion' retrieved from /opt/airflow/dags/example_api_ingestion.py
[2026-01-09T16:18:56.922+0000] {logging_mixin.py:188} INFO - [2026-01-09T16:18:56.922+0000] {dag.py:3036} INFO - Sync 1 DAGs
[2026-01-09T16:18:56.934+0000] {logging_mixin.py:188} INFO - [2026-01-09T16:18:56.934+0000] {dag.py:3823} INFO - Setting next_dagrun for api_data_ingestion to 2026-01-08 05:00:00+00:00, run_after=2026-01-09 05:00:00+00:00
[2026-01-09T16:18:56.941+0000] {processor.py:183} INFO - Processing /opt/airflow/dags/example_api_ingestion.py took 0.062 seconds
[2026-01-09T16:19:27.427+0000] {processor.py:161} INFO - Started process (PID=363) to work on /opt/airflow/dags/example_api_ingestion.py
[2026-01-09T16:19:27.428+0000] {processor.py:830} INFO - Processing file /opt/airflow/dags/example_api_ingestion.py for tasks to queue
[2026-01-09T16:19:27.429+0000] {logging_mixin.py:188} INFO - [2026-01-09T16:19:27.429+0000] {dagbag.py:538} INFO - Filling up the DagBag from /opt/airflow/dags/example_api_ingestion.py
[2026-01-09T16:19:27.444+0000] {processor.py:840} INFO - DAG(s) 'api_data_ingestion' retrieved from /opt/airflow/dags/example_api_ingestion.py
[2026-01-09T16:19:27.461+0000] {logging_mixin.py:188} INFO - [2026-01-09T16:19:27.461+0000] {dag.py:3036} INFO - Sync 1 DAGs
[2026-01-09T16:19:27.473+0000] {logging_mixin.py:188} INFO - [2026-01-09T16:19:27.473+0000] {dag.py:3823} INFO - Setting next_dagrun for api_data_ingestion to 2026-01-08 05:00:00+00:00, run_after=2026-01-09 05:00:00+00:00
[2026-01-09T16:19:27.481+0000] {processor.py:183} INFO - Processing /opt/airflow/dags/example_api_ingestion.py took 0.057 seconds
[2026-01-09T16:19:57.949+0000] {processor.py:161} INFO - Started process (PID=400) to work on /opt/airflow/dags/example_api_ingestion.py
[2026-01-09T16:19:57.952+0000] {processor.py:830} INFO - Processing file /opt/airflow/dags/example_api_ingestion.py for tasks to queue
[2026-01-09T16:19:57.953+0000] {logging_mixin.py:188} INFO - [2026-01-09T16:19:57.953+0000] {dagbag.py:538} INFO - Filling up the DagBag from /opt/airflow/dags/example_api_ingestion.py
[2026-01-09T16:19:57.998+0000] {processor.py:840} INFO - DAG(s) 'api_data_ingestion' retrieved from /opt/airflow/dags/example_api_ingestion.py
[2026-01-09T16:19:58.063+0000] {logging_mixin.py:188} INFO - [2026-01-09T16:19:58.063+0000] {dag.py:3036} INFO - Sync 1 DAGs
[2026-01-09T16:19:58.107+0000] {logging_mixin.py:188} INFO - [2026-01-09T16:19:58.107+0000] {dag.py:3823} INFO - Setting next_dagrun for api_data_ingestion to 2026-01-08 05:00:00+00:00, run_after=2026-01-09 05:00:00+00:00
[2026-01-09T16:19:58.145+0000] {processor.py:183} INFO - Processing /opt/airflow/dags/example_api_ingestion.py took 0.205 seconds
[2026-01-09T16:20:28.210+0000] {processor.py:161} INFO - Started process (PID=429) to work on /opt/airflow/dags/example_api_ingestion.py
[2026-01-09T16:20:28.211+0000] {processor.py:830} INFO - Processing file /opt/airflow/dags/example_api_ingestion.py for tasks to queue
[2026-01-09T16:20:28.213+0000] {logging_mixin.py:188} INFO - [2026-01-09T16:20:28.212+0000] {dagbag.py:538} INFO - Filling up the DagBag from /opt/airflow/dags/example_api_ingestion.py
[2026-01-09T16:20:28.230+0000] {processor.py:840} INFO - DAG(s) 'api_data_ingestion' retrieved from /opt/airflow/dags/example_api_ingestion.py
[2026-01-09T16:20:28.254+0000] {logging_mixin.py:188} INFO - [2026-01-09T16:20:28.253+0000] {dag.py:3036} INFO - Sync 1 DAGs
[2026-01-09T16:20:28.276+0000] {logging_mixin.py:188} INFO - [2026-01-09T16:20:28.276+0000] {dag.py:3823} INFO - Setting next_dagrun for api_data_ingestion to 2026-01-08 05:00:00+00:00, run_after=2026-01-09 05:00:00+00:00
[2026-01-09T16:20:28.288+0000] {processor.py:183} INFO - Processing /opt/airflow/dags/example_api_ingestion.py took 0.081 seconds
[2026-01-09T16:20:58.649+0000] {processor.py:161} INFO - Started process (PID=467) to work on /opt/airflow/dags/example_api_ingestion.py
[2026-01-09T16:20:58.654+0000] {processor.py:830} INFO - Processing file /opt/airflow/dags/example_api_ingestion.py for tasks to queue
[2026-01-09T16:20:58.656+0000] {logging_mixin.py:188} INFO - [2026-01-09T16:20:58.655+0000] {dagbag.py:538} INFO - Filling up the DagBag from /opt/airflow/dags/example_api_ingestion.py
[2026-01-09T16:20:58.694+0000] {processor.py:840} INFO - DAG(s) 'api_data_ingestion' retrieved from /opt/airflow/dags/example_api_ingestion.py
[2026-01-09T16:20:58.800+0000] {logging_mixin.py:188} INFO - [2026-01-09T16:20:58.795+0000] {dag.py:3036} INFO - Sync 1 DAGs
[2026-01-09T16:20:58.918+0000] {logging_mixin.py:188} INFO - [2026-01-09T16:20:58.916+0000] {dag.py:3823} INFO - Setting next_dagrun for api_data_ingestion to 2026-01-08 05:00:00+00:00, run_after=2026-01-09 05:00:00+00:00
[2026-01-09T16:20:59.125+0000] {processor.py:183} INFO - Processing /opt/airflow/dags/example_api_ingestion.py took 0.483 seconds
[2026-01-09T16:21:30.070+0000] {processor.py:161} INFO - Started process (PID=505) to work on /opt/airflow/dags/example_api_ingestion.py
[2026-01-09T16:21:30.071+0000] {processor.py:830} INFO - Processing file /opt/airflow/dags/example_api_ingestion.py for tasks to queue
[2026-01-09T16:21:30.072+0000] {logging_mixin.py:188} INFO - [2026-01-09T16:21:30.071+0000] {dagbag.py:538} INFO - Filling up the DagBag from /opt/airflow/dags/example_api_ingestion.py
[2026-01-09T16:21:30.088+0000] {processor.py:840} INFO - DAG(s) 'api_data_ingestion' retrieved from /opt/airflow/dags/example_api_ingestion.py
[2026-01-09T16:21:30.124+0000] {logging_mixin.py:188} INFO - [2026-01-09T16:21:30.124+0000] {dag.py:3036} INFO - Sync 1 DAGs
[2026-01-09T16:21:30.144+0000] {logging_mixin.py:188} INFO - [2026-01-09T16:21:30.144+0000] {dag.py:3823} INFO - Setting next_dagrun for api_data_ingestion to 2026-01-08 05:00:00+00:00, run_after=2026-01-09 05:00:00+00:00
[2026-01-09T16:21:30.165+0000] {processor.py:183} INFO - Processing /opt/airflow/dags/example_api_ingestion.py took 0.098 seconds
[2026-01-09T16:22:00.229+0000] {processor.py:161} INFO - Started process (PID=543) to work on /opt/airflow/dags/example_api_ingestion.py
[2026-01-09T16:22:00.229+0000] {processor.py:830} INFO - Processing file /opt/airflow/dags/example_api_ingestion.py for tasks to queue
[2026-01-09T16:22:00.230+0000] {logging_mixin.py:188} INFO - [2026-01-09T16:22:00.230+0000] {dagbag.py:538} INFO - Filling up the DagBag from /opt/airflow/dags/example_api_ingestion.py
[2026-01-09T16:22:00.245+0000] {processor.py:840} INFO - DAG(s) 'api_data_ingestion' retrieved from /opt/airflow/dags/example_api_ingestion.py
[2026-01-09T16:22:00.267+0000] {logging_mixin.py:188} INFO - [2026-01-09T16:22:00.267+0000] {dag.py:3036} INFO - Sync 1 DAGs
[2026-01-09T16:22:00.278+0000] {logging_mixin.py:188} INFO - [2026-01-09T16:22:00.277+0000] {dag.py:3823} INFO - Setting next_dagrun for api_data_ingestion to 2026-01-08 05:00:00+00:00, run_after=2026-01-09 05:00:00+00:00
[2026-01-09T16:22:00.286+0000] {processor.py:183} INFO - Processing /opt/airflow/dags/example_api_ingestion.py took 0.059 seconds
[2026-01-09T16:22:33.184+0000] {processor.py:161} INFO - Started process (PID=592) to work on /opt/airflow/dags/example_api_ingestion.py
[2026-01-09T16:22:33.192+0000] {processor.py:830} INFO - Processing file /opt/airflow/dags/example_api_ingestion.py for tasks to queue
[2026-01-09T16:22:33.194+0000] {logging_mixin.py:188} INFO - [2026-01-09T16:22:33.193+0000] {dagbag.py:538} INFO - Filling up the DagBag from /opt/airflow/dags/example_api_ingestion.py
[2026-01-09T16:22:33.297+0000] {processor.py:840} INFO - DAG(s) 'api_data_ingestion' retrieved from /opt/airflow/dags/example_api_ingestion.py
[2026-01-09T16:22:45.022+0000] {logging_mixin.py:188} INFO - [2026-01-09T16:22:44.959+0000] {dag.py:3036} INFO - Sync 1 DAGs
[2026-01-09T16:22:53.901+0000] {logging_mixin.py:188} INFO - [2026-01-09T16:22:53.898+0000] {dag.py:3823} INFO - Setting next_dagrun for api_data_ingestion to 2026-01-08 05:00:00+00:00, run_after=2026-01-09 05:00:00+00:00
[2026-01-09T16:22:53.914+0000] {processor.py:183} INFO - Processing /opt/airflow/dags/example_api_ingestion.py took 20.736 seconds
[2026-01-09T16:23:24.961+0000] {processor.py:161} INFO - Started process (PID=648) to work on /opt/airflow/dags/example_api_ingestion.py
[2026-01-09T16:23:24.962+0000] {processor.py:830} INFO - Processing file /opt/airflow/dags/example_api_ingestion.py for tasks to queue
[2026-01-09T16:23:24.962+0000] {logging_mixin.py:188} INFO - [2026-01-09T16:23:24.962+0000] {dagbag.py:538} INFO - Filling up the DagBag from /opt/airflow/dags/example_api_ingestion.py
[2026-01-09T16:23:24.974+0000] {processor.py:840} INFO - DAG(s) 'api_data_ingestion' retrieved from /opt/airflow/dags/example_api_ingestion.py
[2026-01-09T16:23:24.991+0000] {logging_mixin.py:188} INFO - [2026-01-09T16:23:24.990+0000] {dag.py:3036} INFO - Sync 1 DAGs
[2026-01-09T16:23:25.002+0000] {logging_mixin.py:188} INFO - [2026-01-09T16:23:25.002+0000] {dag.py:3823} INFO - Setting next_dagrun for api_data_ingestion to 2026-01-08 05:00:00+00:00, run_after=2026-01-09 05:00:00+00:00
[2026-01-09T16:23:25.010+0000] {processor.py:183} INFO - Processing /opt/airflow/dags/example_api_ingestion.py took 0.051 seconds
[2026-01-09T16:24:09.839+0000] {processor.py:161} INFO - Started process (PID=182) to work on /opt/airflow/dags/example_api_ingestion.py
[2026-01-09T16:24:09.840+0000] {processor.py:830} INFO - Processing file /opt/airflow/dags/example_api_ingestion.py for tasks to queue
[2026-01-09T16:24:09.840+0000] {logging_mixin.py:188} INFO - [2026-01-09T16:24:09.840+0000] {dagbag.py:538} INFO - Filling up the DagBag from /opt/airflow/dags/example_api_ingestion.py
[2026-01-09T16:24:09.854+0000] {processor.py:840} INFO - DAG(s) 'api_data_ingestion' retrieved from /opt/airflow/dags/example_api_ingestion.py
[2026-01-09T16:24:09.861+0000] {logging_mixin.py:188} INFO - [2026-01-09T16:24:09.861+0000] {dag.py:3036} INFO - Sync 1 DAGs
[2026-01-09T16:24:09.871+0000] {logging_mixin.py:188} INFO - [2026-01-09T16:24:09.871+0000] {dag.py:3823} INFO - Setting next_dagrun for api_data_ingestion to 2026-01-08 05:00:00+00:00, run_after=2026-01-09 05:00:00+00:00
[2026-01-09T16:24:09.885+0000] {processor.py:183} INFO - Processing /opt/airflow/dags/example_api_ingestion.py took 0.048 seconds
[2026-01-09T16:24:43.688+0000] {processor.py:161} INFO - Started process (PID=184) to work on /opt/airflow/dags/example_api_ingestion.py
[2026-01-09T16:24:43.688+0000] {processor.py:830} INFO - Processing file /opt/airflow/dags/example_api_ingestion.py for tasks to queue
[2026-01-09T16:24:43.689+0000] {logging_mixin.py:188} INFO - [2026-01-09T16:24:43.688+0000] {dagbag.py:538} INFO - Filling up the DagBag from /opt/airflow/dags/example_api_ingestion.py
[2026-01-09T16:24:43.699+0000] {processor.py:840} INFO - DAG(s) 'api_data_ingestion' retrieved from /opt/airflow/dags/example_api_ingestion.py
[2026-01-09T16:24:43.706+0000] {logging_mixin.py:188} INFO - [2026-01-09T16:24:43.706+0000] {dag.py:3036} INFO - Sync 1 DAGs
[2026-01-09T16:24:43.717+0000] {logging_mixin.py:188} INFO - [2026-01-09T16:24:43.717+0000] {dag.py:3823} INFO - Setting next_dagrun for api_data_ingestion to 2026-01-08 05:00:00+00:00, run_after=2026-01-09 05:00:00+00:00
[2026-01-09T16:24:43.726+0000] {processor.py:183} INFO - Processing /opt/airflow/dags/example_api_ingestion.py took 0.040 seconds
[2026-01-09T16:25:14.427+0000] {processor.py:161} INFO - Started process (PID=213) to work on /opt/airflow/dags/example_api_ingestion.py
[2026-01-09T16:25:14.427+0000] {processor.py:830} INFO - Processing file /opt/airflow/dags/example_api_ingestion.py for tasks to queue
[2026-01-09T16:25:14.428+0000] {logging_mixin.py:188} INFO - [2026-01-09T16:25:14.427+0000] {dagbag.py:538} INFO - Filling up the DagBag from /opt/airflow/dags/example_api_ingestion.py
[2026-01-09T16:25:14.438+0000] {processor.py:840} INFO - DAG(s) 'api_data_ingestion' retrieved from /opt/airflow/dags/example_api_ingestion.py
[2026-01-09T16:25:14.512+0000] {logging_mixin.py:188} INFO - [2026-01-09T16:25:14.512+0000] {dag.py:3036} INFO - Sync 1 DAGs
[2026-01-09T16:25:14.521+0000] {logging_mixin.py:188} INFO - [2026-01-09T16:25:14.521+0000] {dag.py:3823} INFO - Setting next_dagrun for api_data_ingestion to 2026-01-08 05:00:00+00:00, run_after=2026-01-09 05:00:00+00:00
[2026-01-09T16:25:14.539+0000] {processor.py:183} INFO - Processing /opt/airflow/dags/example_api_ingestion.py took 0.114 seconds
[2026-01-09T16:25:45.098+0000] {processor.py:161} INFO - Started process (PID=252) to work on /opt/airflow/dags/example_api_ingestion.py
[2026-01-09T16:25:45.099+0000] {processor.py:830} INFO - Processing file /opt/airflow/dags/example_api_ingestion.py for tasks to queue
[2026-01-09T16:25:45.099+0000] {logging_mixin.py:188} INFO - [2026-01-09T16:25:45.099+0000] {dagbag.py:538} INFO - Filling up the DagBag from /opt/airflow/dags/example_api_ingestion.py
[2026-01-09T16:25:45.113+0000] {processor.py:840} INFO - DAG(s) 'api_data_ingestion' retrieved from /opt/airflow/dags/example_api_ingestion.py
[2026-01-09T16:25:45.132+0000] {logging_mixin.py:188} INFO - [2026-01-09T16:25:45.132+0000] {dag.py:3036} INFO - Sync 1 DAGs
[2026-01-09T16:25:45.146+0000] {logging_mixin.py:188} INFO - [2026-01-09T16:25:45.146+0000] {dag.py:3823} INFO - Setting next_dagrun for api_data_ingestion to 2026-01-08 05:00:00+00:00, run_after=2026-01-09 05:00:00+00:00
[2026-01-09T16:25:45.172+0000] {processor.py:183} INFO - Processing /opt/airflow/dags/example_api_ingestion.py took 0.077 seconds
[2026-01-09T16:26:15.801+0000] {processor.py:161} INFO - Started process (PID=287) to work on /opt/airflow/dags/example_api_ingestion.py
[2026-01-09T16:26:15.802+0000] {processor.py:830} INFO - Processing file /opt/airflow/dags/example_api_ingestion.py for tasks to queue
[2026-01-09T16:26:15.803+0000] {logging_mixin.py:188} INFO - [2026-01-09T16:26:15.802+0000] {dagbag.py:538} INFO - Filling up the DagBag from /opt/airflow/dags/example_api_ingestion.py
[2026-01-09T16:26:15.817+0000] {processor.py:840} INFO - DAG(s) 'api_data_ingestion' retrieved from /opt/airflow/dags/example_api_ingestion.py
[2026-01-09T16:26:15.835+0000] {logging_mixin.py:188} INFO - [2026-01-09T16:26:15.835+0000] {dag.py:3036} INFO - Sync 1 DAGs
[2026-01-09T16:26:15.847+0000] {logging_mixin.py:188} INFO - [2026-01-09T16:26:15.846+0000] {dag.py:3823} INFO - Setting next_dagrun for api_data_ingestion to 2026-01-08 05:00:00+00:00, run_after=2026-01-09 05:00:00+00:00
[2026-01-09T16:26:15.853+0000] {processor.py:183} INFO - Processing /opt/airflow/dags/example_api_ingestion.py took 0.054 seconds
[2026-01-09T16:26:46.444+0000] {processor.py:161} INFO - Started process (PID=318) to work on /opt/airflow/dags/example_api_ingestion.py
[2026-01-09T16:26:46.445+0000] {processor.py:830} INFO - Processing file /opt/airflow/dags/example_api_ingestion.py for tasks to queue
[2026-01-09T16:26:46.445+0000] {logging_mixin.py:188} INFO - [2026-01-09T16:26:46.445+0000] {dagbag.py:538} INFO - Filling up the DagBag from /opt/airflow/dags/example_api_ingestion.py
[2026-01-09T16:26:46.462+0000] {processor.py:840} INFO - DAG(s) 'api_data_ingestion' retrieved from /opt/airflow/dags/example_api_ingestion.py
[2026-01-09T16:26:46.478+0000] {logging_mixin.py:188} INFO - [2026-01-09T16:26:46.478+0000] {dag.py:3036} INFO - Sync 1 DAGs
[2026-01-09T16:26:46.489+0000] {logging_mixin.py:188} INFO - [2026-01-09T16:26:46.488+0000] {dag.py:3823} INFO - Setting next_dagrun for api_data_ingestion to 2026-01-08 05:00:00+00:00, run_after=2026-01-09 05:00:00+00:00
[2026-01-09T16:26:46.496+0000] {processor.py:183} INFO - Processing /opt/airflow/dags/example_api_ingestion.py took 0.054 seconds
[2026-01-09T16:27:17.050+0000] {processor.py:161} INFO - Started process (PID=349) to work on /opt/airflow/dags/example_api_ingestion.py
[2026-01-09T16:27:17.051+0000] {processor.py:830} INFO - Processing file /opt/airflow/dags/example_api_ingestion.py for tasks to queue
[2026-01-09T16:27:17.051+0000] {logging_mixin.py:188} INFO - [2026-01-09T16:27:17.051+0000] {dagbag.py:538} INFO - Filling up the DagBag from /opt/airflow/dags/example_api_ingestion.py
[2026-01-09T16:27:17.063+0000] {processor.py:840} INFO - DAG(s) 'api_data_ingestion' retrieved from /opt/airflow/dags/example_api_ingestion.py
[2026-01-09T16:27:17.082+0000] {logging_mixin.py:188} INFO - [2026-01-09T16:27:17.082+0000] {dag.py:3036} INFO - Sync 1 DAGs
[2026-01-09T16:27:17.097+0000] {logging_mixin.py:188} INFO - [2026-01-09T16:27:17.097+0000] {dag.py:3823} INFO - Setting next_dagrun for api_data_ingestion to 2026-01-08 05:00:00+00:00, run_after=2026-01-09 05:00:00+00:00
[2026-01-09T16:27:17.107+0000] {processor.py:183} INFO - Processing /opt/airflow/dags/example_api_ingestion.py took 0.058 seconds
[2026-01-09T16:27:47.675+0000] {processor.py:161} INFO - Started process (PID=380) to work on /opt/airflow/dags/example_api_ingestion.py
[2026-01-09T16:27:47.676+0000] {processor.py:830} INFO - Processing file /opt/airflow/dags/example_api_ingestion.py for tasks to queue
[2026-01-09T16:27:47.676+0000] {logging_mixin.py:188} INFO - [2026-01-09T16:27:47.676+0000] {dagbag.py:538} INFO - Filling up the DagBag from /opt/airflow/dags/example_api_ingestion.py
[2026-01-09T16:27:47.686+0000] {processor.py:840} INFO - DAG(s) 'api_data_ingestion' retrieved from /opt/airflow/dags/example_api_ingestion.py
[2026-01-09T16:27:47.701+0000] {logging_mixin.py:188} INFO - [2026-01-09T16:27:47.701+0000] {dag.py:3036} INFO - Sync 1 DAGs
[2026-01-09T16:27:47.712+0000] {logging_mixin.py:188} INFO - [2026-01-09T16:27:47.712+0000] {dag.py:3823} INFO - Setting next_dagrun for api_data_ingestion to 2026-01-08 05:00:00+00:00, run_after=2026-01-09 05:00:00+00:00
[2026-01-09T16:27:47.723+0000] {processor.py:183} INFO - Processing /opt/airflow/dags/example_api_ingestion.py took 0.050 seconds
[2026-01-09T16:28:18.279+0000] {processor.py:161} INFO - Started process (PID=411) to work on /opt/airflow/dags/example_api_ingestion.py
[2026-01-09T16:28:18.280+0000] {processor.py:830} INFO - Processing file /opt/airflow/dags/example_api_ingestion.py for tasks to queue
[2026-01-09T16:28:18.281+0000] {logging_mixin.py:188} INFO - [2026-01-09T16:28:18.280+0000] {dagbag.py:538} INFO - Filling up the DagBag from /opt/airflow/dags/example_api_ingestion.py
[2026-01-09T16:28:18.296+0000] {processor.py:840} INFO - DAG(s) 'api_data_ingestion' retrieved from /opt/airflow/dags/example_api_ingestion.py
[2026-01-09T16:28:18.314+0000] {logging_mixin.py:188} INFO - [2026-01-09T16:28:18.314+0000] {dag.py:3036} INFO - Sync 1 DAGs
[2026-01-09T16:28:18.324+0000] {logging_mixin.py:188} INFO - [2026-01-09T16:28:18.324+0000] {dag.py:3823} INFO - Setting next_dagrun for api_data_ingestion to 2026-01-08 05:00:00+00:00, run_after=2026-01-09 05:00:00+00:00
[2026-01-09T16:28:18.334+0000] {processor.py:183} INFO - Processing /opt/airflow/dags/example_api_ingestion.py took 0.057 seconds
[2026-01-09T16:28:49.001+0000] {processor.py:161} INFO - Started process (PID=442) to work on /opt/airflow/dags/example_api_ingestion.py
[2026-01-09T16:28:49.002+0000] {processor.py:830} INFO - Processing file /opt/airflow/dags/example_api_ingestion.py for tasks to queue
[2026-01-09T16:28:49.002+0000] {logging_mixin.py:188} INFO - [2026-01-09T16:28:49.002+0000] {dagbag.py:538} INFO - Filling up the DagBag from /opt/airflow/dags/example_api_ingestion.py
[2026-01-09T16:28:49.012+0000] {processor.py:840} INFO - DAG(s) 'api_data_ingestion' retrieved from /opt/airflow/dags/example_api_ingestion.py
[2026-01-09T16:28:49.026+0000] {logging_mixin.py:188} INFO - [2026-01-09T16:28:49.026+0000] {dag.py:3036} INFO - Sync 1 DAGs
[2026-01-09T16:28:49.035+0000] {logging_mixin.py:188} INFO - [2026-01-09T16:28:49.035+0000] {dag.py:3823} INFO - Setting next_dagrun for api_data_ingestion to 2026-01-08 05:00:00+00:00, run_after=2026-01-09 05:00:00+00:00
[2026-01-09T16:28:49.043+0000] {processor.py:183} INFO - Processing /opt/airflow/dags/example_api_ingestion.py took 0.043 seconds
[2026-01-09T16:29:19.610+0000] {processor.py:161} INFO - Started process (PID=473) to work on /opt/airflow/dags/example_api_ingestion.py
[2026-01-09T16:29:19.610+0000] {processor.py:830} INFO - Processing file /opt/airflow/dags/example_api_ingestion.py for tasks to queue
[2026-01-09T16:29:19.611+0000] {logging_mixin.py:188} INFO - [2026-01-09T16:29:19.611+0000] {dagbag.py:538} INFO - Filling up the DagBag from /opt/airflow/dags/example_api_ingestion.py
[2026-01-09T16:29:19.632+0000] {processor.py:840} INFO - DAG(s) 'api_data_ingestion' retrieved from /opt/airflow/dags/example_api_ingestion.py
[2026-01-09T16:29:19.661+0000] {logging_mixin.py:188} INFO - [2026-01-09T16:29:19.661+0000] {dag.py:3036} INFO - Sync 1 DAGs
[2026-01-09T16:29:19.969+0000] {logging_mixin.py:188} INFO - [2026-01-09T16:29:19.969+0000] {dag.py:3823} INFO - Setting next_dagrun for api_data_ingestion to 2026-01-08 05:00:00+00:00, run_after=2026-01-09 05:00:00+00:00
[2026-01-09T16:29:19.985+0000] {processor.py:183} INFO - Processing /opt/airflow/dags/example_api_ingestion.py took 0.377 seconds
[2026-01-09T16:29:50.714+0000] {processor.py:161} INFO - Started process (PID=504) to work on /opt/airflow/dags/example_api_ingestion.py
[2026-01-09T16:29:50.714+0000] {processor.py:830} INFO - Processing file /opt/airflow/dags/example_api_ingestion.py for tasks to queue
[2026-01-09T16:29:50.715+0000] {logging_mixin.py:188} INFO - [2026-01-09T16:29:50.714+0000] {dagbag.py:538} INFO - Filling up the DagBag from /opt/airflow/dags/example_api_ingestion.py
[2026-01-09T16:29:50.731+0000] {processor.py:840} INFO - DAG(s) 'api_data_ingestion' retrieved from /opt/airflow/dags/example_api_ingestion.py
[2026-01-09T16:29:50.746+0000] {logging_mixin.py:188} INFO - [2026-01-09T16:29:50.746+0000] {dag.py:3036} INFO - Sync 1 DAGs
[2026-01-09T16:29:50.756+0000] {logging_mixin.py:188} INFO - [2026-01-09T16:29:50.756+0000] {dag.py:3823} INFO - Setting next_dagrun for api_data_ingestion to 2026-01-08 05:00:00+00:00, run_after=2026-01-09 05:00:00+00:00
[2026-01-09T16:29:50.765+0000] {processor.py:183} INFO - Processing /opt/airflow/dags/example_api_ingestion.py took 0.053 seconds
[2026-01-09T16:30:21.325+0000] {processor.py:161} INFO - Started process (PID=535) to work on /opt/airflow/dags/example_api_ingestion.py
[2026-01-09T16:30:21.326+0000] {processor.py:830} INFO - Processing file /opt/airflow/dags/example_api_ingestion.py for tasks to queue
[2026-01-09T16:30:21.326+0000] {logging_mixin.py:188} INFO - [2026-01-09T16:30:21.326+0000] {dagbag.py:538} INFO - Filling up the DagBag from /opt/airflow/dags/example_api_ingestion.py
[2026-01-09T16:30:21.338+0000] {processor.py:840} INFO - DAG(s) 'api_data_ingestion' retrieved from /opt/airflow/dags/example_api_ingestion.py
[2026-01-09T16:30:21.354+0000] {logging_mixin.py:188} INFO - [2026-01-09T16:30:21.354+0000] {dag.py:3036} INFO - Sync 1 DAGs
[2026-01-09T16:30:21.367+0000] {logging_mixin.py:188} INFO - [2026-01-09T16:30:21.366+0000] {dag.py:3823} INFO - Setting next_dagrun for api_data_ingestion to 2026-01-08 05:00:00+00:00, run_after=2026-01-09 05:00:00+00:00
[2026-01-09T16:30:21.376+0000] {processor.py:183} INFO - Processing /opt/airflow/dags/example_api_ingestion.py took 0.053 seconds
[2026-01-09T16:30:51.911+0000] {processor.py:161} INFO - Started process (PID=566) to work on /opt/airflow/dags/example_api_ingestion.py
[2026-01-09T16:30:51.911+0000] {processor.py:830} INFO - Processing file /opt/airflow/dags/example_api_ingestion.py for tasks to queue
[2026-01-09T16:30:51.912+0000] {logging_mixin.py:188} INFO - [2026-01-09T16:30:51.912+0000] {dagbag.py:538} INFO - Filling up the DagBag from /opt/airflow/dags/example_api_ingestion.py
[2026-01-09T16:30:51.924+0000] {processor.py:840} INFO - DAG(s) 'api_data_ingestion' retrieved from /opt/airflow/dags/example_api_ingestion.py
[2026-01-09T16:30:51.941+0000] {logging_mixin.py:188} INFO - [2026-01-09T16:30:51.941+0000] {dag.py:3036} INFO - Sync 1 DAGs
[2026-01-09T16:30:51.958+0000] {logging_mixin.py:188} INFO - [2026-01-09T16:30:51.958+0000] {dag.py:3823} INFO - Setting next_dagrun for api_data_ingestion to 2026-01-08 05:00:00+00:00, run_after=2026-01-09 05:00:00+00:00
[2026-01-09T16:30:51.965+0000] {processor.py:183} INFO - Processing /opt/airflow/dags/example_api_ingestion.py took 0.057 seconds
[2026-01-09T16:31:22.415+0000] {processor.py:161} INFO - Started process (PID=597) to work on /opt/airflow/dags/example_api_ingestion.py
[2026-01-09T16:31:22.415+0000] {processor.py:830} INFO - Processing file /opt/airflow/dags/example_api_ingestion.py for tasks to queue
[2026-01-09T16:31:22.416+0000] {logging_mixin.py:188} INFO - [2026-01-09T16:31:22.416+0000] {dagbag.py:538} INFO - Filling up the DagBag from /opt/airflow/dags/example_api_ingestion.py
[2026-01-09T16:31:22.430+0000] {processor.py:840} INFO - DAG(s) 'api_data_ingestion' retrieved from /opt/airflow/dags/example_api_ingestion.py
[2026-01-09T16:31:22.445+0000] {logging_mixin.py:188} INFO - [2026-01-09T16:31:22.445+0000] {dag.py:3036} INFO - Sync 1 DAGs
[2026-01-09T16:31:22.455+0000] {logging_mixin.py:188} INFO - [2026-01-09T16:31:22.455+0000] {dag.py:3823} INFO - Setting next_dagrun for api_data_ingestion to 2026-01-08 05:00:00+00:00, run_after=2026-01-09 05:00:00+00:00
[2026-01-09T16:31:22.465+0000] {processor.py:183} INFO - Processing /opt/airflow/dags/example_api_ingestion.py took 0.052 seconds
[2026-01-09T16:31:52.961+0000] {processor.py:161} INFO - Started process (PID=628) to work on /opt/airflow/dags/example_api_ingestion.py
[2026-01-09T16:31:52.962+0000] {processor.py:830} INFO - Processing file /opt/airflow/dags/example_api_ingestion.py for tasks to queue
[2026-01-09T16:31:52.962+0000] {logging_mixin.py:188} INFO - [2026-01-09T16:31:52.962+0000] {dagbag.py:538} INFO - Filling up the DagBag from /opt/airflow/dags/example_api_ingestion.py
[2026-01-09T16:31:52.973+0000] {processor.py:840} INFO - DAG(s) 'api_data_ingestion' retrieved from /opt/airflow/dags/example_api_ingestion.py
[2026-01-09T16:31:52.989+0000] {logging_mixin.py:188} INFO - [2026-01-09T16:31:52.989+0000] {dag.py:3036} INFO - Sync 1 DAGs
[2026-01-09T16:31:53.005+0000] {logging_mixin.py:188} INFO - [2026-01-09T16:31:53.005+0000] {dag.py:3823} INFO - Setting next_dagrun for api_data_ingestion to 2026-01-08 05:00:00+00:00, run_after=2026-01-09 05:00:00+00:00
[2026-01-09T16:31:53.017+0000] {processor.py:183} INFO - Processing /opt/airflow/dags/example_api_ingestion.py took 0.058 seconds
[2026-01-09T16:32:23.516+0000] {processor.py:161} INFO - Started process (PID=659) to work on /opt/airflow/dags/example_api_ingestion.py
[2026-01-09T16:32:23.517+0000] {processor.py:830} INFO - Processing file /opt/airflow/dags/example_api_ingestion.py for tasks to queue
[2026-01-09T16:32:23.517+0000] {logging_mixin.py:188} INFO - [2026-01-09T16:32:23.517+0000] {dagbag.py:538} INFO - Filling up the DagBag from /opt/airflow/dags/example_api_ingestion.py
[2026-01-09T16:32:23.529+0000] {processor.py:840} INFO - DAG(s) 'api_data_ingestion' retrieved from /opt/airflow/dags/example_api_ingestion.py
[2026-01-09T16:32:23.551+0000] {logging_mixin.py:188} INFO - [2026-01-09T16:32:23.550+0000] {dag.py:3036} INFO - Sync 1 DAGs
[2026-01-09T16:32:23.564+0000] {logging_mixin.py:188} INFO - [2026-01-09T16:32:23.564+0000] {dag.py:3823} INFO - Setting next_dagrun for api_data_ingestion to 2026-01-08 05:00:00+00:00, run_after=2026-01-09 05:00:00+00:00
[2026-01-09T16:32:23.571+0000] {processor.py:183} INFO - Processing /opt/airflow/dags/example_api_ingestion.py took 0.057 seconds
[2026-01-09T16:32:54.060+0000] {processor.py:161} INFO - Started process (PID=690) to work on /opt/airflow/dags/example_api_ingestion.py
[2026-01-09T16:32:54.061+0000] {processor.py:830} INFO - Processing file /opt/airflow/dags/example_api_ingestion.py for tasks to queue
[2026-01-09T16:32:54.062+0000] {logging_mixin.py:188} INFO - [2026-01-09T16:32:54.061+0000] {dagbag.py:538} INFO - Filling up the DagBag from /opt/airflow/dags/example_api_ingestion.py
[2026-01-09T16:32:54.076+0000] {processor.py:840} INFO - DAG(s) 'api_data_ingestion' retrieved from /opt/airflow/dags/example_api_ingestion.py
[2026-01-09T16:32:54.092+0000] {logging_mixin.py:188} INFO - [2026-01-09T16:32:54.092+0000] {dag.py:3036} INFO - Sync 1 DAGs
[2026-01-09T16:32:54.105+0000] {logging_mixin.py:188} INFO - [2026-01-09T16:32:54.105+0000] {dag.py:3823} INFO - Setting next_dagrun for api_data_ingestion to 2026-01-08 05:00:00+00:00, run_after=2026-01-09 05:00:00+00:00
[2026-01-09T16:32:54.117+0000] {processor.py:183} INFO - Processing /opt/airflow/dags/example_api_ingestion.py took 0.059 seconds
[2026-01-09T16:33:24.550+0000] {processor.py:161} INFO - Started process (PID=721) to work on /opt/airflow/dags/example_api_ingestion.py
[2026-01-09T16:33:24.551+0000] {processor.py:830} INFO - Processing file /opt/airflow/dags/example_api_ingestion.py for tasks to queue
[2026-01-09T16:33:24.552+0000] {logging_mixin.py:188} INFO - [2026-01-09T16:33:24.551+0000] {dagbag.py:538} INFO - Filling up the DagBag from /opt/airflow/dags/example_api_ingestion.py
[2026-01-09T16:33:24.568+0000] {processor.py:840} INFO - DAG(s) 'api_data_ingestion' retrieved from /opt/airflow/dags/example_api_ingestion.py
[2026-01-09T16:33:24.584+0000] {logging_mixin.py:188} INFO - [2026-01-09T16:33:24.584+0000] {dag.py:3036} INFO - Sync 1 DAGs
[2026-01-09T16:33:24.596+0000] {logging_mixin.py:188} INFO - [2026-01-09T16:33:24.596+0000] {dag.py:3823} INFO - Setting next_dagrun for api_data_ingestion to 2026-01-08 05:00:00+00:00, run_after=2026-01-09 05:00:00+00:00
[2026-01-09T16:33:24.605+0000] {processor.py:183} INFO - Processing /opt/airflow/dags/example_api_ingestion.py took 0.057 seconds
[2026-01-09T16:33:55.117+0000] {processor.py:161} INFO - Started process (PID=752) to work on /opt/airflow/dags/example_api_ingestion.py
[2026-01-09T16:33:55.117+0000] {processor.py:830} INFO - Processing file /opt/airflow/dags/example_api_ingestion.py for tasks to queue
[2026-01-09T16:33:55.118+0000] {logging_mixin.py:188} INFO - [2026-01-09T16:33:55.118+0000] {dagbag.py:538} INFO - Filling up the DagBag from /opt/airflow/dags/example_api_ingestion.py
[2026-01-09T16:33:55.133+0000] {processor.py:840} INFO - DAG(s) 'api_data_ingestion' retrieved from /opt/airflow/dags/example_api_ingestion.py
[2026-01-09T16:33:55.148+0000] {logging_mixin.py:188} INFO - [2026-01-09T16:33:55.148+0000] {dag.py:3036} INFO - Sync 1 DAGs
[2026-01-09T16:33:55.159+0000] {logging_mixin.py:188} INFO - [2026-01-09T16:33:55.159+0000] {dag.py:3823} INFO - Setting next_dagrun for api_data_ingestion to 2026-01-08 05:00:00+00:00, run_after=2026-01-09 05:00:00+00:00
[2026-01-09T16:33:55.168+0000] {processor.py:183} INFO - Processing /opt/airflow/dags/example_api_ingestion.py took 0.053 seconds
[2026-01-09T16:34:25.656+0000] {processor.py:161} INFO - Started process (PID=783) to work on /opt/airflow/dags/example_api_ingestion.py
[2026-01-09T16:34:25.656+0000] {processor.py:830} INFO - Processing file /opt/airflow/dags/example_api_ingestion.py for tasks to queue
[2026-01-09T16:34:25.657+0000] {logging_mixin.py:188} INFO - [2026-01-09T16:34:25.656+0000] {dagbag.py:538} INFO - Filling up the DagBag from /opt/airflow/dags/example_api_ingestion.py
[2026-01-09T16:34:25.669+0000] {processor.py:840} INFO - DAG(s) 'api_data_ingestion' retrieved from /opt/airflow/dags/example_api_ingestion.py
[2026-01-09T16:34:25.686+0000] {logging_mixin.py:188} INFO - [2026-01-09T16:34:25.685+0000] {dag.py:3036} INFO - Sync 1 DAGs
[2026-01-09T16:34:25.703+0000] {logging_mixin.py:188} INFO - [2026-01-09T16:34:25.703+0000] {dag.py:3823} INFO - Setting next_dagrun for api_data_ingestion to 2026-01-08 05:00:00+00:00, run_after=2026-01-09 05:00:00+00:00
[2026-01-09T16:34:25.722+0000] {processor.py:183} INFO - Processing /opt/airflow/dags/example_api_ingestion.py took 0.068 seconds
[2026-01-09T16:34:56.196+0000] {processor.py:161} INFO - Started process (PID=814) to work on /opt/airflow/dags/example_api_ingestion.py
[2026-01-09T16:34:56.196+0000] {processor.py:830} INFO - Processing file /opt/airflow/dags/example_api_ingestion.py for tasks to queue
[2026-01-09T16:34:56.197+0000] {logging_mixin.py:188} INFO - [2026-01-09T16:34:56.196+0000] {dagbag.py:538} INFO - Filling up the DagBag from /opt/airflow/dags/example_api_ingestion.py
[2026-01-09T16:34:56.208+0000] {processor.py:840} INFO - DAG(s) 'api_data_ingestion' retrieved from /opt/airflow/dags/example_api_ingestion.py
[2026-01-09T16:34:56.223+0000] {logging_mixin.py:188} INFO - [2026-01-09T16:34:56.223+0000] {dag.py:3036} INFO - Sync 1 DAGs
[2026-01-09T16:34:56.237+0000] {logging_mixin.py:188} INFO - [2026-01-09T16:34:56.237+0000] {dag.py:3823} INFO - Setting next_dagrun for api_data_ingestion to 2026-01-08 05:00:00+00:00, run_after=2026-01-09 05:00:00+00:00
[2026-01-09T16:34:56.245+0000] {processor.py:183} INFO - Processing /opt/airflow/dags/example_api_ingestion.py took 0.051 seconds
[2026-01-09T16:35:26.764+0000] {processor.py:161} INFO - Started process (PID=845) to work on /opt/airflow/dags/example_api_ingestion.py
[2026-01-09T16:35:26.765+0000] {processor.py:830} INFO - Processing file /opt/airflow/dags/example_api_ingestion.py for tasks to queue
[2026-01-09T16:35:26.765+0000] {logging_mixin.py:188} INFO - [2026-01-09T16:35:26.765+0000] {dagbag.py:538} INFO - Filling up the DagBag from /opt/airflow/dags/example_api_ingestion.py
[2026-01-09T16:35:26.776+0000] {processor.py:840} INFO - DAG(s) 'api_data_ingestion' retrieved from /opt/airflow/dags/example_api_ingestion.py
[2026-01-09T16:35:26.791+0000] {logging_mixin.py:188} INFO - [2026-01-09T16:35:26.791+0000] {dag.py:3036} INFO - Sync 1 DAGs
[2026-01-09T16:35:26.803+0000] {logging_mixin.py:188} INFO - [2026-01-09T16:35:26.803+0000] {dag.py:3823} INFO - Setting next_dagrun for api_data_ingestion to 2026-01-08 05:00:00+00:00, run_after=2026-01-09 05:00:00+00:00
[2026-01-09T16:35:26.816+0000] {processor.py:183} INFO - Processing /opt/airflow/dags/example_api_ingestion.py took 0.053 seconds
[2026-01-09T16:35:57.399+0000] {processor.py:161} INFO - Started process (PID=876) to work on /opt/airflow/dags/example_api_ingestion.py
[2026-01-09T16:35:57.399+0000] {processor.py:830} INFO - Processing file /opt/airflow/dags/example_api_ingestion.py for tasks to queue
[2026-01-09T16:35:57.400+0000] {logging_mixin.py:188} INFO - [2026-01-09T16:35:57.400+0000] {dagbag.py:538} INFO - Filling up the DagBag from /opt/airflow/dags/example_api_ingestion.py
[2026-01-09T16:35:57.410+0000] {processor.py:840} INFO - DAG(s) 'api_data_ingestion' retrieved from /opt/airflow/dags/example_api_ingestion.py
[2026-01-09T16:35:57.425+0000] {logging_mixin.py:188} INFO - [2026-01-09T16:35:57.424+0000] {dag.py:3036} INFO - Sync 1 DAGs
[2026-01-09T16:35:57.435+0000] {logging_mixin.py:188} INFO - [2026-01-09T16:35:57.435+0000] {dag.py:3823} INFO - Setting next_dagrun for api_data_ingestion to 2026-01-08 05:00:00+00:00, run_after=2026-01-09 05:00:00+00:00
[2026-01-09T16:35:57.443+0000] {processor.py:183} INFO - Processing /opt/airflow/dags/example_api_ingestion.py took 0.046 seconds
[2026-01-09T16:36:27.983+0000] {processor.py:161} INFO - Started process (PID=907) to work on /opt/airflow/dags/example_api_ingestion.py
[2026-01-09T16:36:27.984+0000] {processor.py:830} INFO - Processing file /opt/airflow/dags/example_api_ingestion.py for tasks to queue
[2026-01-09T16:36:27.985+0000] {logging_mixin.py:188} INFO - [2026-01-09T16:36:27.985+0000] {dagbag.py:538} INFO - Filling up the DagBag from /opt/airflow/dags/example_api_ingestion.py
[2026-01-09T16:36:27.995+0000] {processor.py:840} INFO - DAG(s) 'api_data_ingestion' retrieved from /opt/airflow/dags/example_api_ingestion.py
[2026-01-09T16:36:28.009+0000] {logging_mixin.py:188} INFO - [2026-01-09T16:36:28.009+0000] {dag.py:3036} INFO - Sync 1 DAGs
[2026-01-09T16:36:28.024+0000] {logging_mixin.py:188} INFO - [2026-01-09T16:36:28.023+0000] {dag.py:3823} INFO - Setting next_dagrun for api_data_ingestion to 2026-01-08 05:00:00+00:00, run_after=2026-01-09 05:00:00+00:00
[2026-01-09T16:36:28.033+0000] {processor.py:183} INFO - Processing /opt/airflow/dags/example_api_ingestion.py took 0.051 seconds
[2026-01-09T16:36:58.602+0000] {processor.py:161} INFO - Started process (PID=938) to work on /opt/airflow/dags/example_api_ingestion.py
[2026-01-09T16:36:58.602+0000] {processor.py:830} INFO - Processing file /opt/airflow/dags/example_api_ingestion.py for tasks to queue
[2026-01-09T16:36:58.603+0000] {logging_mixin.py:188} INFO - [2026-01-09T16:36:58.603+0000] {dagbag.py:538} INFO - Filling up the DagBag from /opt/airflow/dags/example_api_ingestion.py
[2026-01-09T16:36:58.614+0000] {processor.py:840} INFO - DAG(s) 'api_data_ingestion' retrieved from /opt/airflow/dags/example_api_ingestion.py
[2026-01-09T16:36:58.630+0000] {logging_mixin.py:188} INFO - [2026-01-09T16:36:58.630+0000] {dag.py:3036} INFO - Sync 1 DAGs
[2026-01-09T16:36:58.651+0000] {logging_mixin.py:188} INFO - [2026-01-09T16:36:58.651+0000] {dag.py:3823} INFO - Setting next_dagrun for api_data_ingestion to 2026-01-08 05:00:00+00:00, run_after=2026-01-09 05:00:00+00:00
[2026-01-09T16:36:58.659+0000] {processor.py:183} INFO - Processing /opt/airflow/dags/example_api_ingestion.py took 0.059 seconds
[2026-01-09T16:37:29.174+0000] {processor.py:161} INFO - Started process (PID=969) to work on /opt/airflow/dags/example_api_ingestion.py
[2026-01-09T16:37:29.175+0000] {processor.py:830} INFO - Processing file /opt/airflow/dags/example_api_ingestion.py for tasks to queue
[2026-01-09T16:37:29.175+0000] {logging_mixin.py:188} INFO - [2026-01-09T16:37:29.175+0000] {dagbag.py:538} INFO - Filling up the DagBag from /opt/airflow/dags/example_api_ingestion.py
[2026-01-09T16:37:29.185+0000] {processor.py:840} INFO - DAG(s) 'api_data_ingestion' retrieved from /opt/airflow/dags/example_api_ingestion.py
[2026-01-09T16:37:29.200+0000] {logging_mixin.py:188} INFO - [2026-01-09T16:37:29.200+0000] {dag.py:3036} INFO - Sync 1 DAGs
[2026-01-09T16:37:29.210+0000] {logging_mixin.py:188} INFO - [2026-01-09T16:37:29.210+0000] {dag.py:3823} INFO - Setting next_dagrun for api_data_ingestion to 2026-01-08 05:00:00+00:00, run_after=2026-01-09 05:00:00+00:00
[2026-01-09T16:37:29.219+0000] {processor.py:183} INFO - Processing /opt/airflow/dags/example_api_ingestion.py took 0.047 seconds
[2026-01-09T16:37:59.816+0000] {processor.py:161} INFO - Started process (PID=1000) to work on /opt/airflow/dags/example_api_ingestion.py
[2026-01-09T16:37:59.817+0000] {processor.py:830} INFO - Processing file /opt/airflow/dags/example_api_ingestion.py for tasks to queue
[2026-01-09T16:37:59.817+0000] {logging_mixin.py:188} INFO - [2026-01-09T16:37:59.817+0000] {dagbag.py:538} INFO - Filling up the DagBag from /opt/airflow/dags/example_api_ingestion.py
[2026-01-09T16:37:59.828+0000] {processor.py:840} INFO - DAG(s) 'api_data_ingestion' retrieved from /opt/airflow/dags/example_api_ingestion.py
[2026-01-09T16:37:59.843+0000] {logging_mixin.py:188} INFO - [2026-01-09T16:37:59.843+0000] {dag.py:3036} INFO - Sync 1 DAGs
[2026-01-09T16:37:59.854+0000] {logging_mixin.py:188} INFO - [2026-01-09T16:37:59.854+0000] {dag.py:3823} INFO - Setting next_dagrun for api_data_ingestion to 2026-01-08 05:00:00+00:00, run_after=2026-01-09 05:00:00+00:00
[2026-01-09T16:37:59.861+0000] {processor.py:183} INFO - Processing /opt/airflow/dags/example_api_ingestion.py took 0.047 seconds
[2026-01-09T16:38:30.405+0000] {processor.py:161} INFO - Started process (PID=1031) to work on /opt/airflow/dags/example_api_ingestion.py
[2026-01-09T16:38:30.405+0000] {processor.py:830} INFO - Processing file /opt/airflow/dags/example_api_ingestion.py for tasks to queue
[2026-01-09T16:38:30.406+0000] {logging_mixin.py:188} INFO - [2026-01-09T16:38:30.406+0000] {dagbag.py:538} INFO - Filling up the DagBag from /opt/airflow/dags/example_api_ingestion.py
[2026-01-09T16:38:30.418+0000] {processor.py:840} INFO - DAG(s) 'api_data_ingestion' retrieved from /opt/airflow/dags/example_api_ingestion.py
[2026-01-09T16:38:30.436+0000] {logging_mixin.py:188} INFO - [2026-01-09T16:38:30.436+0000] {dag.py:3036} INFO - Sync 1 DAGs
[2026-01-09T16:38:30.449+0000] {logging_mixin.py:188} INFO - [2026-01-09T16:38:30.449+0000] {dag.py:3823} INFO - Setting next_dagrun for api_data_ingestion to 2026-01-08 05:00:00+00:00, run_after=2026-01-09 05:00:00+00:00
[2026-01-09T16:38:30.457+0000] {processor.py:183} INFO - Processing /opt/airflow/dags/example_api_ingestion.py took 0.054 seconds
[2026-01-09T16:39:01.041+0000] {processor.py:161} INFO - Started process (PID=1062) to work on /opt/airflow/dags/example_api_ingestion.py
[2026-01-09T16:39:01.041+0000] {processor.py:830} INFO - Processing file /opt/airflow/dags/example_api_ingestion.py for tasks to queue
[2026-01-09T16:39:01.042+0000] {logging_mixin.py:188} INFO - [2026-01-09T16:39:01.042+0000] {dagbag.py:538} INFO - Filling up the DagBag from /opt/airflow/dags/example_api_ingestion.py
[2026-01-09T16:39:01.052+0000] {processor.py:840} INFO - DAG(s) 'api_data_ingestion' retrieved from /opt/airflow/dags/example_api_ingestion.py
[2026-01-09T16:39:01.066+0000] {logging_mixin.py:188} INFO - [2026-01-09T16:39:01.066+0000] {dag.py:3036} INFO - Sync 1 DAGs
[2026-01-09T16:39:01.076+0000] {logging_mixin.py:188} INFO - [2026-01-09T16:39:01.076+0000] {dag.py:3823} INFO - Setting next_dagrun for api_data_ingestion to 2026-01-08 05:00:00+00:00, run_after=2026-01-09 05:00:00+00:00
[2026-01-09T16:39:01.085+0000] {processor.py:183} INFO - Processing /opt/airflow/dags/example_api_ingestion.py took 0.046 seconds
[2026-01-09T16:39:31.717+0000] {processor.py:161} INFO - Started process (PID=1093) to work on /opt/airflow/dags/example_api_ingestion.py
[2026-01-09T16:39:31.718+0000] {processor.py:830} INFO - Processing file /opt/airflow/dags/example_api_ingestion.py for tasks to queue
[2026-01-09T16:39:31.719+0000] {logging_mixin.py:188} INFO - [2026-01-09T16:39:31.718+0000] {dagbag.py:538} INFO - Filling up the DagBag from /opt/airflow/dags/example_api_ingestion.py
[2026-01-09T16:39:31.730+0000] {processor.py:840} INFO - DAG(s) 'api_data_ingestion' retrieved from /opt/airflow/dags/example_api_ingestion.py
[2026-01-09T16:39:31.746+0000] {logging_mixin.py:188} INFO - [2026-01-09T16:39:31.746+0000] {dag.py:3036} INFO - Sync 1 DAGs
[2026-01-09T16:39:31.764+0000] {logging_mixin.py:188} INFO - [2026-01-09T16:39:31.764+0000] {dag.py:3823} INFO - Setting next_dagrun for api_data_ingestion to 2026-01-08 05:00:00+00:00, run_after=2026-01-09 05:00:00+00:00
[2026-01-09T16:39:31.772+0000] {processor.py:183} INFO - Processing /opt/airflow/dags/example_api_ingestion.py took 0.057 seconds
[2026-01-09T16:40:02.316+0000] {processor.py:161} INFO - Started process (PID=1124) to work on /opt/airflow/dags/example_api_ingestion.py
[2026-01-09T16:40:02.317+0000] {processor.py:830} INFO - Processing file /opt/airflow/dags/example_api_ingestion.py for tasks to queue
[2026-01-09T16:40:02.318+0000] {logging_mixin.py:188} INFO - [2026-01-09T16:40:02.317+0000] {dagbag.py:538} INFO - Filling up the DagBag from /opt/airflow/dags/example_api_ingestion.py
[2026-01-09T16:40:02.327+0000] {processor.py:840} INFO - DAG(s) 'api_data_ingestion' retrieved from /opt/airflow/dags/example_api_ingestion.py
[2026-01-09T16:40:02.341+0000] {logging_mixin.py:188} INFO - [2026-01-09T16:40:02.341+0000] {dag.py:3036} INFO - Sync 1 DAGs
[2026-01-09T16:40:02.351+0000] {logging_mixin.py:188} INFO - [2026-01-09T16:40:02.351+0000] {dag.py:3823} INFO - Setting next_dagrun for api_data_ingestion to 2026-01-08 05:00:00+00:00, run_after=2026-01-09 05:00:00+00:00
[2026-01-09T16:40:02.359+0000] {processor.py:183} INFO - Processing /opt/airflow/dags/example_api_ingestion.py took 0.044 seconds
[2026-01-09T16:40:32.909+0000] {processor.py:161} INFO - Started process (PID=1155) to work on /opt/airflow/dags/example_api_ingestion.py
[2026-01-09T16:40:32.910+0000] {processor.py:830} INFO - Processing file /opt/airflow/dags/example_api_ingestion.py for tasks to queue
[2026-01-09T16:40:32.910+0000] {logging_mixin.py:188} INFO - [2026-01-09T16:40:32.910+0000] {dagbag.py:538} INFO - Filling up the DagBag from /opt/airflow/dags/example_api_ingestion.py
[2026-01-09T16:40:32.922+0000] {processor.py:840} INFO - DAG(s) 'api_data_ingestion' retrieved from /opt/airflow/dags/example_api_ingestion.py
[2026-01-09T16:40:32.937+0000] {logging_mixin.py:188} INFO - [2026-01-09T16:40:32.937+0000] {dag.py:3036} INFO - Sync 1 DAGs
[2026-01-09T16:40:32.948+0000] {logging_mixin.py:188} INFO - [2026-01-09T16:40:32.948+0000] {dag.py:3823} INFO - Setting next_dagrun for api_data_ingestion to 2026-01-08 05:00:00+00:00, run_after=2026-01-09 05:00:00+00:00
[2026-01-09T16:40:32.956+0000] {processor.py:183} INFO - Processing /opt/airflow/dags/example_api_ingestion.py took 0.051 seconds
[2026-01-09T16:41:03.484+0000] {processor.py:161} INFO - Started process (PID=1186) to work on /opt/airflow/dags/example_api_ingestion.py
[2026-01-09T16:41:03.485+0000] {processor.py:830} INFO - Processing file /opt/airflow/dags/example_api_ingestion.py for tasks to queue
[2026-01-09T16:41:03.485+0000] {logging_mixin.py:188} INFO - [2026-01-09T16:41:03.485+0000] {dagbag.py:538} INFO - Filling up the DagBag from /opt/airflow/dags/example_api_ingestion.py
[2026-01-09T16:41:03.498+0000] {processor.py:840} INFO - DAG(s) 'api_data_ingestion' retrieved from /opt/airflow/dags/example_api_ingestion.py
[2026-01-09T16:41:03.519+0000] {logging_mixin.py:188} INFO - [2026-01-09T16:41:03.519+0000] {dag.py:3036} INFO - Sync 1 DAGs
[2026-01-09T16:41:03.535+0000] {logging_mixin.py:188} INFO - [2026-01-09T16:41:03.535+0000] {dag.py:3823} INFO - Setting next_dagrun for api_data_ingestion to 2026-01-08 05:00:00+00:00, run_after=2026-01-09 05:00:00+00:00
[2026-01-09T16:41:03.544+0000] {processor.py:183} INFO - Processing /opt/airflow/dags/example_api_ingestion.py took 0.063 seconds
[2026-01-09T16:41:34.070+0000] {processor.py:161} INFO - Started process (PID=1217) to work on /opt/airflow/dags/example_api_ingestion.py
[2026-01-09T16:41:34.070+0000] {processor.py:830} INFO - Processing file /opt/airflow/dags/example_api_ingestion.py for tasks to queue
[2026-01-09T16:41:34.071+0000] {logging_mixin.py:188} INFO - [2026-01-09T16:41:34.071+0000] {dagbag.py:538} INFO - Filling up the DagBag from /opt/airflow/dags/example_api_ingestion.py
[2026-01-09T16:41:34.084+0000] {processor.py:840} INFO - DAG(s) 'api_data_ingestion' retrieved from /opt/airflow/dags/example_api_ingestion.py
[2026-01-09T16:41:34.101+0000] {logging_mixin.py:188} INFO - [2026-01-09T16:41:34.101+0000] {dag.py:3036} INFO - Sync 1 DAGs
[2026-01-09T16:41:34.118+0000] {logging_mixin.py:188} INFO - [2026-01-09T16:41:34.117+0000] {dag.py:3823} INFO - Setting next_dagrun for api_data_ingestion to 2026-01-08 05:00:00+00:00, run_after=2026-01-09 05:00:00+00:00
[2026-01-09T16:41:34.129+0000] {processor.py:183} INFO - Processing /opt/airflow/dags/example_api_ingestion.py took 0.061 seconds
[2026-01-09T16:42:04.698+0000] {processor.py:161} INFO - Started process (PID=1248) to work on /opt/airflow/dags/example_api_ingestion.py
[2026-01-09T16:42:04.699+0000] {processor.py:830} INFO - Processing file /opt/airflow/dags/example_api_ingestion.py for tasks to queue
[2026-01-09T16:42:04.699+0000] {logging_mixin.py:188} INFO - [2026-01-09T16:42:04.699+0000] {dagbag.py:538} INFO - Filling up the DagBag from /opt/airflow/dags/example_api_ingestion.py
[2026-01-09T16:42:04.711+0000] {processor.py:840} INFO - DAG(s) 'api_data_ingestion' retrieved from /opt/airflow/dags/example_api_ingestion.py
[2026-01-09T16:42:04.729+0000] {logging_mixin.py:188} INFO - [2026-01-09T16:42:04.729+0000] {dag.py:3036} INFO - Sync 1 DAGs
[2026-01-09T16:42:04.741+0000] {logging_mixin.py:188} INFO - [2026-01-09T16:42:04.741+0000] {dag.py:3823} INFO - Setting next_dagrun for api_data_ingestion to 2026-01-08 05:00:00+00:00, run_after=2026-01-09 05:00:00+00:00
[2026-01-09T16:42:04.751+0000] {processor.py:183} INFO - Processing /opt/airflow/dags/example_api_ingestion.py took 0.056 seconds
[2026-01-09T16:42:35.255+0000] {processor.py:161} INFO - Started process (PID=1279) to work on /opt/airflow/dags/example_api_ingestion.py
[2026-01-09T16:42:35.256+0000] {processor.py:830} INFO - Processing file /opt/airflow/dags/example_api_ingestion.py for tasks to queue
[2026-01-09T16:42:35.256+0000] {logging_mixin.py:188} INFO - [2026-01-09T16:42:35.256+0000] {dagbag.py:538} INFO - Filling up the DagBag from /opt/airflow/dags/example_api_ingestion.py
[2026-01-09T16:42:35.268+0000] {processor.py:840} INFO - DAG(s) 'api_data_ingestion' retrieved from /opt/airflow/dags/example_api_ingestion.py
[2026-01-09T16:42:35.282+0000] {logging_mixin.py:188} INFO - [2026-01-09T16:42:35.282+0000] {dag.py:3036} INFO - Sync 1 DAGs
[2026-01-09T16:42:35.294+0000] {logging_mixin.py:188} INFO - [2026-01-09T16:42:35.294+0000] {dag.py:3823} INFO - Setting next_dagrun for api_data_ingestion to 2026-01-08 05:00:00+00:00, run_after=2026-01-09 05:00:00+00:00
[2026-01-09T16:42:35.305+0000] {processor.py:183} INFO - Processing /opt/airflow/dags/example_api_ingestion.py took 0.052 seconds
[2026-01-09T16:43:05.838+0000] {processor.py:161} INFO - Started process (PID=1310) to work on /opt/airflow/dags/example_api_ingestion.py
[2026-01-09T16:43:05.839+0000] {processor.py:830} INFO - Processing file /opt/airflow/dags/example_api_ingestion.py for tasks to queue
[2026-01-09T16:43:05.839+0000] {logging_mixin.py:188} INFO - [2026-01-09T16:43:05.839+0000] {dagbag.py:538} INFO - Filling up the DagBag from /opt/airflow/dags/example_api_ingestion.py
[2026-01-09T16:43:05.850+0000] {processor.py:840} INFO - DAG(s) 'api_data_ingestion' retrieved from /opt/airflow/dags/example_api_ingestion.py
[2026-01-09T16:43:05.866+0000] {logging_mixin.py:188} INFO - [2026-01-09T16:43:05.866+0000] {dag.py:3036} INFO - Sync 1 DAGs
[2026-01-09T16:43:05.879+0000] {logging_mixin.py:188} INFO - [2026-01-09T16:43:05.878+0000] {dag.py:3823} INFO - Setting next_dagrun for api_data_ingestion to 2026-01-08 05:00:00+00:00, run_after=2026-01-09 05:00:00+00:00
[2026-01-09T16:43:05.886+0000] {processor.py:183} INFO - Processing /opt/airflow/dags/example_api_ingestion.py took 0.050 seconds
[2026-01-09T16:43:36.522+0000] {processor.py:161} INFO - Started process (PID=1341) to work on /opt/airflow/dags/example_api_ingestion.py
[2026-01-09T16:43:36.523+0000] {processor.py:830} INFO - Processing file /opt/airflow/dags/example_api_ingestion.py for tasks to queue
[2026-01-09T16:43:36.524+0000] {logging_mixin.py:188} INFO - [2026-01-09T16:43:36.523+0000] {dagbag.py:538} INFO - Filling up the DagBag from /opt/airflow/dags/example_api_ingestion.py
[2026-01-09T16:43:36.555+0000] {processor.py:840} INFO - DAG(s) 'api_data_ingestion' retrieved from /opt/airflow/dags/example_api_ingestion.py
[2026-01-09T16:43:36.608+0000] {logging_mixin.py:188} INFO - [2026-01-09T16:43:36.608+0000] {dag.py:3036} INFO - Sync 1 DAGs
[2026-01-09T16:43:36.628+0000] {logging_mixin.py:188} INFO - [2026-01-09T16:43:36.627+0000] {dag.py:3823} INFO - Setting next_dagrun for api_data_ingestion to 2026-01-08 05:00:00+00:00, run_after=2026-01-09 05:00:00+00:00
[2026-01-09T16:43:36.639+0000] {processor.py:183} INFO - Processing /opt/airflow/dags/example_api_ingestion.py took 0.119 seconds
[2026-01-09T16:44:07.244+0000] {processor.py:161} INFO - Started process (PID=1372) to work on /opt/airflow/dags/example_api_ingestion.py
[2026-01-09T16:44:07.245+0000] {processor.py:830} INFO - Processing file /opt/airflow/dags/example_api_ingestion.py for tasks to queue
[2026-01-09T16:44:07.245+0000] {logging_mixin.py:188} INFO - [2026-01-09T16:44:07.245+0000] {dagbag.py:538} INFO - Filling up the DagBag from /opt/airflow/dags/example_api_ingestion.py
[2026-01-09T16:44:07.255+0000] {processor.py:840} INFO - DAG(s) 'api_data_ingestion' retrieved from /opt/airflow/dags/example_api_ingestion.py
[2026-01-09T16:44:07.271+0000] {logging_mixin.py:188} INFO - [2026-01-09T16:44:07.271+0000] {dag.py:3036} INFO - Sync 1 DAGs
[2026-01-09T16:44:07.282+0000] {logging_mixin.py:188} INFO - [2026-01-09T16:44:07.282+0000] {dag.py:3823} INFO - Setting next_dagrun for api_data_ingestion to 2026-01-08 05:00:00+00:00, run_after=2026-01-09 05:00:00+00:00
[2026-01-09T16:44:07.290+0000] {processor.py:183} INFO - Processing /opt/airflow/dags/example_api_ingestion.py took 0.047 seconds
[2026-01-09T16:44:37.765+0000] {processor.py:161} INFO - Started process (PID=1403) to work on /opt/airflow/dags/example_api_ingestion.py
[2026-01-09T16:44:37.765+0000] {processor.py:830} INFO - Processing file /opt/airflow/dags/example_api_ingestion.py for tasks to queue
[2026-01-09T16:44:37.766+0000] {logging_mixin.py:188} INFO - [2026-01-09T16:44:37.766+0000] {dagbag.py:538} INFO - Filling up the DagBag from /opt/airflow/dags/example_api_ingestion.py
[2026-01-09T16:44:37.777+0000] {processor.py:840} INFO - DAG(s) 'api_data_ingestion' retrieved from /opt/airflow/dags/example_api_ingestion.py
[2026-01-09T16:44:37.792+0000] {logging_mixin.py:188} INFO - [2026-01-09T16:44:37.792+0000] {dag.py:3036} INFO - Sync 1 DAGs
[2026-01-09T16:44:37.803+0000] {logging_mixin.py:188} INFO - [2026-01-09T16:44:37.803+0000] {dag.py:3823} INFO - Setting next_dagrun for api_data_ingestion to 2026-01-08 05:00:00+00:00, run_after=2026-01-09 05:00:00+00:00
[2026-01-09T16:44:37.816+0000] {processor.py:183} INFO - Processing /opt/airflow/dags/example_api_ingestion.py took 0.053 seconds
[2026-01-09T16:45:08.468+0000] {processor.py:161} INFO - Started process (PID=1434) to work on /opt/airflow/dags/example_api_ingestion.py
[2026-01-09T16:45:08.469+0000] {processor.py:830} INFO - Processing file /opt/airflow/dags/example_api_ingestion.py for tasks to queue
[2026-01-09T16:45:08.470+0000] {logging_mixin.py:188} INFO - [2026-01-09T16:45:08.469+0000] {dagbag.py:538} INFO - Filling up the DagBag from /opt/airflow/dags/example_api_ingestion.py
[2026-01-09T16:45:08.481+0000] {processor.py:840} INFO - DAG(s) 'api_data_ingestion' retrieved from /opt/airflow/dags/example_api_ingestion.py
[2026-01-09T16:45:08.499+0000] {logging_mixin.py:188} INFO - [2026-01-09T16:45:08.499+0000] {dag.py:3036} INFO - Sync 1 DAGs
[2026-01-09T16:45:08.509+0000] {logging_mixin.py:188} INFO - [2026-01-09T16:45:08.509+0000] {dag.py:3823} INFO - Setting next_dagrun for api_data_ingestion to 2026-01-08 05:00:00+00:00, run_after=2026-01-09 05:00:00+00:00
[2026-01-09T16:45:08.519+0000] {processor.py:183} INFO - Processing /opt/airflow/dags/example_api_ingestion.py took 0.052 seconds
