[2026-01-09T16:00:47.073+0000] {processor.py:161} INFO - Started process (PID=198) to work on /opt/airflow/dags/example_report_generation.py
[2026-01-09T16:00:47.077+0000] {processor.py:830} INFO - Processing file /opt/airflow/dags/example_report_generation.py for tasks to queue
[2026-01-09T16:00:47.078+0000] {logging_mixin.py:188} INFO - [2026-01-09T16:00:47.077+0000] {dagbag.py:538} INFO - Filling up the DagBag from /opt/airflow/dags/example_report_generation.py
[2026-01-09T16:00:47.139+0000] {processor.py:840} INFO - DAG(s) 'weekly_executive_report' retrieved from /opt/airflow/dags/example_report_generation.py
[2026-01-09T16:00:47.593+0000] {logging_mixin.py:188} INFO - [2026-01-09T16:00:47.591+0000] {override.py:1769} INFO - Created Permission View: can delete on DAG:weekly_executive_report
[2026-01-09T16:00:47.607+0000] {logging_mixin.py:188} INFO - [2026-01-09T16:00:47.607+0000] {override.py:1769} INFO - Created Permission View: can read on DAG:weekly_executive_report
[2026-01-09T16:00:47.620+0000] {logging_mixin.py:188} INFO - [2026-01-09T16:00:47.619+0000] {override.py:1769} INFO - Created Permission View: can edit on DAG:weekly_executive_report
[2026-01-09T16:00:47.622+0000] {logging_mixin.py:188} INFO - [2026-01-09T16:00:47.620+0000] {dag.py:3036} INFO - Sync 1 DAGs
[2026-01-09T16:00:47.646+0000] {logging_mixin.py:188} INFO - [2026-01-09T16:00:47.646+0000] {dag.py:3058} INFO - Creating ORM DAG for weekly_executive_report
[2026-01-09T16:00:47.669+0000] {logging_mixin.py:188} INFO - [2026-01-09T16:00:47.667+0000] {dag.py:3823} INFO - Setting next_dagrun for weekly_executive_report to 2025-12-29 08:00:00+00:00, run_after=2026-01-05 08:00:00+00:00
[2026-01-09T16:00:47.745+0000] {processor.py:183} INFO - Processing /opt/airflow/dags/example_report_generation.py took 0.682 seconds
[2026-01-09T16:01:18.307+0000] {processor.py:161} INFO - Started process (PID=220) to work on /opt/airflow/dags/example_report_generation.py
[2026-01-09T16:01:18.308+0000] {processor.py:830} INFO - Processing file /opt/airflow/dags/example_report_generation.py for tasks to queue
[2026-01-09T16:01:18.309+0000] {logging_mixin.py:188} INFO - [2026-01-09T16:01:18.309+0000] {dagbag.py:538} INFO - Filling up the DagBag from /opt/airflow/dags/example_report_generation.py
[2026-01-09T16:01:18.342+0000] {processor.py:840} INFO - DAG(s) 'weekly_executive_report' retrieved from /opt/airflow/dags/example_report_generation.py
[2026-01-09T16:01:18.365+0000] {logging_mixin.py:188} INFO - [2026-01-09T16:01:18.365+0000] {dag.py:3036} INFO - Sync 1 DAGs
[2026-01-09T16:01:18.378+0000] {logging_mixin.py:188} INFO - [2026-01-09T16:01:18.378+0000] {dag.py:3823} INFO - Setting next_dagrun for weekly_executive_report to 2025-12-29 08:00:00+00:00, run_after=2026-01-05 08:00:00+00:00
[2026-01-09T16:01:18.388+0000] {processor.py:183} INFO - Processing /opt/airflow/dags/example_report_generation.py took 0.086 seconds
[2026-01-09T16:01:48.857+0000] {processor.py:161} INFO - Started process (PID=253) to work on /opt/airflow/dags/example_report_generation.py
[2026-01-09T16:01:48.858+0000] {processor.py:830} INFO - Processing file /opt/airflow/dags/example_report_generation.py for tasks to queue
[2026-01-09T16:01:48.858+0000] {logging_mixin.py:188} INFO - [2026-01-09T16:01:48.858+0000] {dagbag.py:538} INFO - Filling up the DagBag from /opt/airflow/dags/example_report_generation.py
[2026-01-09T16:01:48.876+0000] {processor.py:840} INFO - DAG(s) 'weekly_executive_report' retrieved from /opt/airflow/dags/example_report_generation.py
[2026-01-09T16:01:48.891+0000] {logging_mixin.py:188} INFO - [2026-01-09T16:01:48.891+0000] {dag.py:3036} INFO - Sync 1 DAGs
[2026-01-09T16:01:48.903+0000] {logging_mixin.py:188} INFO - [2026-01-09T16:01:48.902+0000] {dag.py:3823} INFO - Setting next_dagrun for weekly_executive_report to 2025-12-29 08:00:00+00:00, run_after=2026-01-05 08:00:00+00:00
[2026-01-09T16:01:48.912+0000] {processor.py:183} INFO - Processing /opt/airflow/dags/example_report_generation.py took 0.057 seconds
[2026-01-09T16:02:19.221+0000] {processor.py:161} INFO - Started process (PID=286) to work on /opt/airflow/dags/example_report_generation.py
[2026-01-09T16:02:19.222+0000] {processor.py:830} INFO - Processing file /opt/airflow/dags/example_report_generation.py for tasks to queue
[2026-01-09T16:02:19.223+0000] {logging_mixin.py:188} INFO - [2026-01-09T16:02:19.222+0000] {dagbag.py:538} INFO - Filling up the DagBag from /opt/airflow/dags/example_report_generation.py
[2026-01-09T16:02:19.237+0000] {processor.py:840} INFO - DAG(s) 'weekly_executive_report' retrieved from /opt/airflow/dags/example_report_generation.py
[2026-01-09T16:02:19.253+0000] {logging_mixin.py:188} INFO - [2026-01-09T16:02:19.253+0000] {dag.py:3036} INFO - Sync 1 DAGs
[2026-01-09T16:02:19.265+0000] {logging_mixin.py:188} INFO - [2026-01-09T16:02:19.265+0000] {dag.py:3823} INFO - Setting next_dagrun for weekly_executive_report to 2025-12-29 08:00:00+00:00, run_after=2026-01-05 08:00:00+00:00
[2026-01-09T16:02:19.274+0000] {processor.py:183} INFO - Processing /opt/airflow/dags/example_report_generation.py took 0.055 seconds
[2026-01-09T16:02:49.589+0000] {processor.py:161} INFO - Started process (PID=319) to work on /opt/airflow/dags/example_report_generation.py
[2026-01-09T16:02:49.590+0000] {processor.py:830} INFO - Processing file /opt/airflow/dags/example_report_generation.py for tasks to queue
[2026-01-09T16:02:49.591+0000] {logging_mixin.py:188} INFO - [2026-01-09T16:02:49.591+0000] {dagbag.py:538} INFO - Filling up the DagBag from /opt/airflow/dags/example_report_generation.py
[2026-01-09T16:02:49.609+0000] {processor.py:840} INFO - DAG(s) 'weekly_executive_report' retrieved from /opt/airflow/dags/example_report_generation.py
[2026-01-09T16:02:49.631+0000] {logging_mixin.py:188} INFO - [2026-01-09T16:02:49.630+0000] {dag.py:3036} INFO - Sync 1 DAGs
[2026-01-09T16:02:49.642+0000] {logging_mixin.py:188} INFO - [2026-01-09T16:02:49.642+0000] {dag.py:3823} INFO - Setting next_dagrun for weekly_executive_report to 2025-12-29 08:00:00+00:00, run_after=2026-01-05 08:00:00+00:00
[2026-01-09T16:02:49.650+0000] {processor.py:183} INFO - Processing /opt/airflow/dags/example_report_generation.py took 0.064 seconds
[2026-01-09T16:03:33.793+0000] {processor.py:161} INFO - Started process (PID=350) to work on /opt/airflow/dags/example_report_generation.py
[2026-01-09T16:03:33.800+0000] {processor.py:830} INFO - Processing file /opt/airflow/dags/example_report_generation.py for tasks to queue
[2026-01-09T16:03:33.810+0000] {logging_mixin.py:188} INFO - [2026-01-09T16:03:33.803+0000] {dagbag.py:538} INFO - Filling up the DagBag from /opt/airflow/dags/example_report_generation.py
[2026-01-09T16:03:33.907+0000] {processor.py:840} INFO - DAG(s) 'weekly_executive_report' retrieved from /opt/airflow/dags/example_report_generation.py
[2026-01-09T16:03:38.405+0000] {logging_mixin.py:188} INFO - [2026-01-09T16:03:38.404+0000] {dag.py:3036} INFO - Sync 1 DAGs
[2026-01-09T16:03:38.473+0000] {logging_mixin.py:188} INFO - [2026-01-09T16:03:38.472+0000] {dag.py:3823} INFO - Setting next_dagrun for weekly_executive_report to 2025-12-29 08:00:00+00:00, run_after=2026-01-05 08:00:00+00:00
[2026-01-09T16:03:38.509+0000] {processor.py:183} INFO - Processing /opt/airflow/dags/example_report_generation.py took 4.736 seconds
[2026-01-09T16:04:08.962+0000] {processor.py:161} INFO - Started process (PID=383) to work on /opt/airflow/dags/example_report_generation.py
[2026-01-09T16:04:08.963+0000] {processor.py:830} INFO - Processing file /opt/airflow/dags/example_report_generation.py for tasks to queue
[2026-01-09T16:04:08.964+0000] {logging_mixin.py:188} INFO - [2026-01-09T16:04:08.964+0000] {dagbag.py:538} INFO - Filling up the DagBag from /opt/airflow/dags/example_report_generation.py
[2026-01-09T16:04:08.977+0000] {processor.py:840} INFO - DAG(s) 'weekly_executive_report' retrieved from /opt/airflow/dags/example_report_generation.py
[2026-01-09T16:04:08.991+0000] {logging_mixin.py:188} INFO - [2026-01-09T16:04:08.991+0000] {dag.py:3036} INFO - Sync 1 DAGs
[2026-01-09T16:04:09.001+0000] {logging_mixin.py:188} INFO - [2026-01-09T16:04:09.001+0000] {dag.py:3823} INFO - Setting next_dagrun for weekly_executive_report to 2025-12-29 08:00:00+00:00, run_after=2026-01-05 08:00:00+00:00
[2026-01-09T16:04:09.010+0000] {processor.py:183} INFO - Processing /opt/airflow/dags/example_report_generation.py took 0.052 seconds
[2026-01-09T16:04:39.421+0000] {processor.py:161} INFO - Started process (PID=416) to work on /opt/airflow/dags/example_report_generation.py
[2026-01-09T16:04:39.422+0000] {processor.py:830} INFO - Processing file /opt/airflow/dags/example_report_generation.py for tasks to queue
[2026-01-09T16:04:39.423+0000] {logging_mixin.py:188} INFO - [2026-01-09T16:04:39.422+0000] {dagbag.py:538} INFO - Filling up the DagBag from /opt/airflow/dags/example_report_generation.py
[2026-01-09T16:04:39.457+0000] {processor.py:840} INFO - DAG(s) 'weekly_executive_report' retrieved from /opt/airflow/dags/example_report_generation.py
[2026-01-09T16:04:39.486+0000] {logging_mixin.py:188} INFO - [2026-01-09T16:04:39.486+0000] {dag.py:3036} INFO - Sync 1 DAGs
[2026-01-09T16:04:39.506+0000] {logging_mixin.py:188} INFO - [2026-01-09T16:04:39.506+0000] {dag.py:3823} INFO - Setting next_dagrun for weekly_executive_report to 2025-12-29 08:00:00+00:00, run_after=2026-01-05 08:00:00+00:00
[2026-01-09T16:04:39.522+0000] {processor.py:183} INFO - Processing /opt/airflow/dags/example_report_generation.py took 0.104 seconds
[2026-01-09T16:06:15.730+0000] {processor.py:161} INFO - Started process (PID=190) to work on /opt/airflow/dags/example_report_generation.py
[2026-01-09T16:06:15.733+0000] {processor.py:830} INFO - Processing file /opt/airflow/dags/example_report_generation.py for tasks to queue
[2026-01-09T16:06:15.733+0000] {logging_mixin.py:188} INFO - [2026-01-09T16:06:15.733+0000] {dagbag.py:538} INFO - Filling up the DagBag from /opt/airflow/dags/example_report_generation.py
[2026-01-09T16:06:15.757+0000] {processor.py:840} INFO - DAG(s) 'weekly_executive_report' retrieved from /opt/airflow/dags/example_report_generation.py
[2026-01-09T16:06:15.773+0000] {logging_mixin.py:188} INFO - [2026-01-09T16:06:15.772+0000] {dag.py:3036} INFO - Sync 1 DAGs
[2026-01-09T16:06:15.791+0000] {logging_mixin.py:188} INFO - [2026-01-09T16:06:15.791+0000] {dag.py:3823} INFO - Setting next_dagrun for weekly_executive_report to 2025-12-29 08:00:00+00:00, run_after=2026-01-05 08:00:00+00:00
[2026-01-09T16:06:15.804+0000] {processor.py:183} INFO - Processing /opt/airflow/dags/example_report_generation.py took 0.079 seconds
[2026-01-09T16:06:45.965+0000] {processor.py:161} INFO - Started process (PID=217) to work on /opt/airflow/dags/example_report_generation.py
[2026-01-09T16:06:45.966+0000] {processor.py:830} INFO - Processing file /opt/airflow/dags/example_report_generation.py for tasks to queue
[2026-01-09T16:06:45.967+0000] {logging_mixin.py:188} INFO - [2026-01-09T16:06:45.966+0000] {dagbag.py:538} INFO - Filling up the DagBag from /opt/airflow/dags/example_report_generation.py
[2026-01-09T16:06:45.993+0000] {processor.py:840} INFO - DAG(s) 'weekly_executive_report' retrieved from /opt/airflow/dags/example_report_generation.py
[2026-01-09T16:06:46.153+0000] {logging_mixin.py:188} INFO - [2026-01-09T16:06:46.153+0000] {dag.py:3036} INFO - Sync 1 DAGs
[2026-01-09T16:06:46.166+0000] {logging_mixin.py:188} INFO - [2026-01-09T16:06:46.166+0000] {dag.py:3823} INFO - Setting next_dagrun for weekly_executive_report to 2025-12-29 08:00:00+00:00, run_after=2026-01-05 08:00:00+00:00
[2026-01-09T16:06:46.175+0000] {processor.py:183} INFO - Processing /opt/airflow/dags/example_report_generation.py took 0.215 seconds
[2026-01-09T16:07:16.708+0000] {processor.py:161} INFO - Started process (PID=250) to work on /opt/airflow/dags/example_report_generation.py
[2026-01-09T16:07:16.709+0000] {processor.py:830} INFO - Processing file /opt/airflow/dags/example_report_generation.py for tasks to queue
[2026-01-09T16:07:16.710+0000] {logging_mixin.py:188} INFO - [2026-01-09T16:07:16.710+0000] {dagbag.py:538} INFO - Filling up the DagBag from /opt/airflow/dags/example_report_generation.py
[2026-01-09T16:07:16.734+0000] {processor.py:840} INFO - DAG(s) 'weekly_executive_report' retrieved from /opt/airflow/dags/example_report_generation.py
[2026-01-09T16:07:16.762+0000] {logging_mixin.py:188} INFO - [2026-01-09T16:07:16.761+0000] {dag.py:3036} INFO - Sync 1 DAGs
[2026-01-09T16:07:16.788+0000] {logging_mixin.py:188} INFO - [2026-01-09T16:07:16.788+0000] {dag.py:3823} INFO - Setting next_dagrun for weekly_executive_report to 2025-12-29 08:00:00+00:00, run_after=2026-01-05 08:00:00+00:00
[2026-01-09T16:07:16.804+0000] {processor.py:183} INFO - Processing /opt/airflow/dags/example_report_generation.py took 0.098 seconds
[2026-01-09T16:07:47.269+0000] {processor.py:161} INFO - Started process (PID=283) to work on /opt/airflow/dags/example_report_generation.py
[2026-01-09T16:07:47.269+0000] {processor.py:830} INFO - Processing file /opt/airflow/dags/example_report_generation.py for tasks to queue
[2026-01-09T16:07:47.270+0000] {logging_mixin.py:188} INFO - [2026-01-09T16:07:47.270+0000] {dagbag.py:538} INFO - Filling up the DagBag from /opt/airflow/dags/example_report_generation.py
[2026-01-09T16:07:47.294+0000] {processor.py:840} INFO - DAG(s) 'weekly_executive_report' retrieved from /opt/airflow/dags/example_report_generation.py
[2026-01-09T16:07:47.315+0000] {logging_mixin.py:188} INFO - [2026-01-09T16:07:47.314+0000] {dag.py:3036} INFO - Sync 1 DAGs
[2026-01-09T16:07:47.338+0000] {logging_mixin.py:188} INFO - [2026-01-09T16:07:47.338+0000] {dag.py:3823} INFO - Setting next_dagrun for weekly_executive_report to 2025-12-29 08:00:00+00:00, run_after=2026-01-05 08:00:00+00:00
[2026-01-09T16:07:47.348+0000] {processor.py:183} INFO - Processing /opt/airflow/dags/example_report_generation.py took 0.082 seconds
[2026-01-09T16:08:17.749+0000] {processor.py:161} INFO - Started process (PID=316) to work on /opt/airflow/dags/example_report_generation.py
[2026-01-09T16:08:17.749+0000] {processor.py:830} INFO - Processing file /opt/airflow/dags/example_report_generation.py for tasks to queue
[2026-01-09T16:08:17.750+0000] {logging_mixin.py:188} INFO - [2026-01-09T16:08:17.750+0000] {dagbag.py:538} INFO - Filling up the DagBag from /opt/airflow/dags/example_report_generation.py
[2026-01-09T16:08:17.788+0000] {processor.py:840} INFO - DAG(s) 'weekly_executive_report' retrieved from /opt/airflow/dags/example_report_generation.py
[2026-01-09T16:08:17.818+0000] {logging_mixin.py:188} INFO - [2026-01-09T16:08:17.817+0000] {dag.py:3036} INFO - Sync 1 DAGs
[2026-01-09T16:08:17.831+0000] {logging_mixin.py:188} INFO - [2026-01-09T16:08:17.831+0000] {dag.py:3823} INFO - Setting next_dagrun for weekly_executive_report to 2025-12-29 08:00:00+00:00, run_after=2026-01-05 08:00:00+00:00
[2026-01-09T16:08:17.838+0000] {processor.py:183} INFO - Processing /opt/airflow/dags/example_report_generation.py took 0.100 seconds
[2026-01-09T16:09:18.400+0000] {processor.py:161} INFO - Started process (PID=362) to work on /opt/airflow/dags/example_report_generation.py
[2026-01-09T16:09:18.419+0000] {processor.py:830} INFO - Processing file /opt/airflow/dags/example_report_generation.py for tasks to queue
[2026-01-09T16:09:18.419+0000] {logging_mixin.py:188} INFO - [2026-01-09T16:09:18.419+0000] {dagbag.py:538} INFO - Filling up the DagBag from /opt/airflow/dags/example_report_generation.py
[2026-01-09T16:09:18.525+0000] {processor.py:840} INFO - DAG(s) 'weekly_executive_report' retrieved from /opt/airflow/dags/example_report_generation.py
[2026-01-09T16:09:18.669+0000] {logging_mixin.py:188} INFO - [2026-01-09T16:09:18.663+0000] {dag.py:3036} INFO - Sync 1 DAGs
[2026-01-09T16:09:18.693+0000] {logging_mixin.py:188} INFO - [2026-01-09T16:09:18.692+0000] {dag.py:3823} INFO - Setting next_dagrun for weekly_executive_report to 2025-12-29 08:00:00+00:00, run_after=2026-01-05 08:00:00+00:00
[2026-01-09T16:09:18.721+0000] {processor.py:183} INFO - Processing /opt/airflow/dags/example_report_generation.py took 0.325 seconds
[2026-01-09T16:09:48.923+0000] {processor.py:161} INFO - Started process (PID=382) to work on /opt/airflow/dags/example_report_generation.py
[2026-01-09T16:09:48.925+0000] {processor.py:830} INFO - Processing file /opt/airflow/dags/example_report_generation.py for tasks to queue
[2026-01-09T16:09:48.926+0000] {logging_mixin.py:188} INFO - [2026-01-09T16:09:48.925+0000] {dagbag.py:538} INFO - Filling up the DagBag from /opt/airflow/dags/example_report_generation.py
[2026-01-09T16:09:48.954+0000] {processor.py:840} INFO - DAG(s) 'weekly_executive_report' retrieved from /opt/airflow/dags/example_report_generation.py
[2026-01-09T16:09:48.976+0000] {logging_mixin.py:188} INFO - [2026-01-09T16:09:48.976+0000] {dag.py:3036} INFO - Sync 1 DAGs
[2026-01-09T16:09:48.991+0000] {logging_mixin.py:188} INFO - [2026-01-09T16:09:48.991+0000] {dag.py:3823} INFO - Setting next_dagrun for weekly_executive_report to 2025-12-29 08:00:00+00:00, run_after=2026-01-05 08:00:00+00:00
[2026-01-09T16:09:49.001+0000] {processor.py:183} INFO - Processing /opt/airflow/dags/example_report_generation.py took 0.083 seconds
[2026-01-09T16:10:19.399+0000] {processor.py:161} INFO - Started process (PID=414) to work on /opt/airflow/dags/example_report_generation.py
[2026-01-09T16:10:19.400+0000] {processor.py:830} INFO - Processing file /opt/airflow/dags/example_report_generation.py for tasks to queue
[2026-01-09T16:10:19.401+0000] {logging_mixin.py:188} INFO - [2026-01-09T16:10:19.400+0000] {dagbag.py:538} INFO - Filling up the DagBag from /opt/airflow/dags/example_report_generation.py
[2026-01-09T16:10:19.422+0000] {processor.py:840} INFO - DAG(s) 'weekly_executive_report' retrieved from /opt/airflow/dags/example_report_generation.py
[2026-01-09T16:10:19.441+0000] {logging_mixin.py:188} INFO - [2026-01-09T16:10:19.441+0000] {dag.py:3036} INFO - Sync 1 DAGs
[2026-01-09T16:10:19.454+0000] {logging_mixin.py:188} INFO - [2026-01-09T16:10:19.454+0000] {dag.py:3823} INFO - Setting next_dagrun for weekly_executive_report to 2025-12-29 08:00:00+00:00, run_after=2026-01-05 08:00:00+00:00
[2026-01-09T16:10:19.463+0000] {processor.py:183} INFO - Processing /opt/airflow/dags/example_report_generation.py took 0.068 seconds
[2026-01-09T16:10:49.871+0000] {processor.py:161} INFO - Started process (PID=446) to work on /opt/airflow/dags/example_report_generation.py
[2026-01-09T16:10:49.873+0000] {processor.py:830} INFO - Processing file /opt/airflow/dags/example_report_generation.py for tasks to queue
[2026-01-09T16:10:49.874+0000] {logging_mixin.py:188} INFO - [2026-01-09T16:10:49.873+0000] {dagbag.py:538} INFO - Filling up the DagBag from /opt/airflow/dags/example_report_generation.py
[2026-01-09T16:10:49.900+0000] {processor.py:840} INFO - DAG(s) 'weekly_executive_report' retrieved from /opt/airflow/dags/example_report_generation.py
[2026-01-09T16:10:49.923+0000] {logging_mixin.py:188} INFO - [2026-01-09T16:10:49.922+0000] {dag.py:3036} INFO - Sync 1 DAGs
[2026-01-09T16:10:49.942+0000] {logging_mixin.py:188} INFO - [2026-01-09T16:10:49.941+0000] {dag.py:3823} INFO - Setting next_dagrun for weekly_executive_report to 2025-12-29 08:00:00+00:00, run_after=2026-01-05 08:00:00+00:00
[2026-01-09T16:10:49.953+0000] {processor.py:183} INFO - Processing /opt/airflow/dags/example_report_generation.py took 0.087 seconds
[2026-01-09T16:11:20.337+0000] {processor.py:161} INFO - Started process (PID=479) to work on /opt/airflow/dags/example_report_generation.py
[2026-01-09T16:11:20.338+0000] {processor.py:830} INFO - Processing file /opt/airflow/dags/example_report_generation.py for tasks to queue
[2026-01-09T16:11:20.339+0000] {logging_mixin.py:188} INFO - [2026-01-09T16:11:20.339+0000] {dagbag.py:538} INFO - Filling up the DagBag from /opt/airflow/dags/example_report_generation.py
[2026-01-09T16:11:20.378+0000] {processor.py:840} INFO - DAG(s) 'weekly_executive_report' retrieved from /opt/airflow/dags/example_report_generation.py
[2026-01-09T16:11:20.400+0000] {logging_mixin.py:188} INFO - [2026-01-09T16:11:20.400+0000] {dag.py:3036} INFO - Sync 1 DAGs
[2026-01-09T16:11:20.416+0000] {logging_mixin.py:188} INFO - [2026-01-09T16:11:20.416+0000] {dag.py:3823} INFO - Setting next_dagrun for weekly_executive_report to 2025-12-29 08:00:00+00:00, run_after=2026-01-05 08:00:00+00:00
[2026-01-09T16:11:20.426+0000] {processor.py:183} INFO - Processing /opt/airflow/dags/example_report_generation.py took 0.095 seconds
[2026-01-09T16:11:51.191+0000] {processor.py:161} INFO - Started process (PID=512) to work on /opt/airflow/dags/example_report_generation.py
[2026-01-09T16:11:51.191+0000] {processor.py:830} INFO - Processing file /opt/airflow/dags/example_report_generation.py for tasks to queue
[2026-01-09T16:11:51.192+0000] {logging_mixin.py:188} INFO - [2026-01-09T16:11:51.192+0000] {dagbag.py:538} INFO - Filling up the DagBag from /opt/airflow/dags/example_report_generation.py
[2026-01-09T16:11:51.210+0000] {processor.py:840} INFO - DAG(s) 'weekly_executive_report' retrieved from /opt/airflow/dags/example_report_generation.py
[2026-01-09T16:11:51.231+0000] {logging_mixin.py:188} INFO - [2026-01-09T16:11:51.230+0000] {dag.py:3036} INFO - Sync 1 DAGs
[2026-01-09T16:11:51.247+0000] {logging_mixin.py:188} INFO - [2026-01-09T16:11:51.247+0000] {dag.py:3823} INFO - Setting next_dagrun for weekly_executive_report to 2025-12-29 08:00:00+00:00, run_after=2026-01-05 08:00:00+00:00
[2026-01-09T16:11:51.258+0000] {processor.py:183} INFO - Processing /opt/airflow/dags/example_report_generation.py took 0.070 seconds
[2026-01-09T16:12:21.404+0000] {processor.py:161} INFO - Started process (PID=546) to work on /opt/airflow/dags/example_report_generation.py
[2026-01-09T16:12:21.405+0000] {processor.py:830} INFO - Processing file /opt/airflow/dags/example_report_generation.py for tasks to queue
[2026-01-09T16:12:21.406+0000] {logging_mixin.py:188} INFO - [2026-01-09T16:12:21.405+0000] {dagbag.py:538} INFO - Filling up the DagBag from /opt/airflow/dags/example_report_generation.py
[2026-01-09T16:12:21.430+0000] {processor.py:840} INFO - DAG(s) 'weekly_executive_report' retrieved from /opt/airflow/dags/example_report_generation.py
[2026-01-09T16:12:21.455+0000] {logging_mixin.py:188} INFO - [2026-01-09T16:12:21.454+0000] {dag.py:3036} INFO - Sync 1 DAGs
[2026-01-09T16:12:21.467+0000] {logging_mixin.py:188} INFO - [2026-01-09T16:12:21.467+0000] {dag.py:3823} INFO - Setting next_dagrun for weekly_executive_report to 2025-12-29 08:00:00+00:00, run_after=2026-01-05 08:00:00+00:00
[2026-01-09T16:12:21.475+0000] {processor.py:183} INFO - Processing /opt/airflow/dags/example_report_generation.py took 0.073 seconds
[2026-01-09T16:12:52.066+0000] {processor.py:161} INFO - Started process (PID=580) to work on /opt/airflow/dags/example_report_generation.py
[2026-01-09T16:12:52.066+0000] {processor.py:830} INFO - Processing file /opt/airflow/dags/example_report_generation.py for tasks to queue
[2026-01-09T16:12:52.067+0000] {logging_mixin.py:188} INFO - [2026-01-09T16:12:52.067+0000] {dagbag.py:538} INFO - Filling up the DagBag from /opt/airflow/dags/example_report_generation.py
[2026-01-09T16:12:52.082+0000] {processor.py:840} INFO - DAG(s) 'weekly_executive_report' retrieved from /opt/airflow/dags/example_report_generation.py
[2026-01-09T16:12:52.100+0000] {logging_mixin.py:188} INFO - [2026-01-09T16:12:52.099+0000] {dag.py:3036} INFO - Sync 1 DAGs
[2026-01-09T16:12:52.299+0000] {logging_mixin.py:188} INFO - [2026-01-09T16:12:52.299+0000] {dag.py:3823} INFO - Setting next_dagrun for weekly_executive_report to 2025-12-29 08:00:00+00:00, run_after=2026-01-05 08:00:00+00:00
[2026-01-09T16:12:52.307+0000] {processor.py:183} INFO - Processing /opt/airflow/dags/example_report_generation.py took 0.244 seconds
[2026-01-09T16:13:22.705+0000] {processor.py:161} INFO - Started process (PID=612) to work on /opt/airflow/dags/example_report_generation.py
[2026-01-09T16:13:22.707+0000] {processor.py:830} INFO - Processing file /opt/airflow/dags/example_report_generation.py for tasks to queue
[2026-01-09T16:13:22.711+0000] {logging_mixin.py:188} INFO - [2026-01-09T16:13:22.709+0000] {dagbag.py:538} INFO - Filling up the DagBag from /opt/airflow/dags/example_report_generation.py
[2026-01-09T16:13:23.136+0000] {processor.py:840} INFO - DAG(s) 'weekly_executive_report' retrieved from /opt/airflow/dags/example_report_generation.py
[2026-01-09T16:13:23.863+0000] {logging_mixin.py:188} INFO - [2026-01-09T16:13:23.843+0000] {dag.py:3036} INFO - Sync 1 DAGs
[2026-01-09T16:13:25.314+0000] {logging_mixin.py:188} INFO - [2026-01-09T16:13:25.313+0000] {dag.py:3823} INFO - Setting next_dagrun for weekly_executive_report to 2025-12-29 08:00:00+00:00, run_after=2026-01-05 08:00:00+00:00
[2026-01-09T16:13:25.328+0000] {processor.py:183} INFO - Processing /opt/airflow/dags/example_report_generation.py took 2.630 seconds
[2026-01-09T16:13:55.397+0000] {processor.py:161} INFO - Started process (PID=635) to work on /opt/airflow/dags/example_report_generation.py
[2026-01-09T16:13:55.398+0000] {processor.py:830} INFO - Processing file /opt/airflow/dags/example_report_generation.py for tasks to queue
[2026-01-09T16:13:55.399+0000] {logging_mixin.py:188} INFO - [2026-01-09T16:13:55.398+0000] {dagbag.py:538} INFO - Filling up the DagBag from /opt/airflow/dags/example_report_generation.py
[2026-01-09T16:13:55.429+0000] {processor.py:840} INFO - DAG(s) 'weekly_executive_report' retrieved from /opt/airflow/dags/example_report_generation.py
[2026-01-09T16:13:55.452+0000] {logging_mixin.py:188} INFO - [2026-01-09T16:13:55.452+0000] {dag.py:3036} INFO - Sync 1 DAGs
[2026-01-09T16:13:55.479+0000] {logging_mixin.py:188} INFO - [2026-01-09T16:13:55.478+0000] {dag.py:3823} INFO - Setting next_dagrun for weekly_executive_report to 2025-12-29 08:00:00+00:00, run_after=2026-01-05 08:00:00+00:00
[2026-01-09T16:13:55.490+0000] {processor.py:183} INFO - Processing /opt/airflow/dags/example_report_generation.py took 0.096 seconds
[2026-01-09T16:14:26.007+0000] {processor.py:161} INFO - Started process (PID=671) to work on /opt/airflow/dags/example_report_generation.py
[2026-01-09T16:14:26.009+0000] {processor.py:830} INFO - Processing file /opt/airflow/dags/example_report_generation.py for tasks to queue
[2026-01-09T16:14:26.010+0000] {logging_mixin.py:188} INFO - [2026-01-09T16:14:26.010+0000] {dagbag.py:538} INFO - Filling up the DagBag from /opt/airflow/dags/example_report_generation.py
[2026-01-09T16:14:26.036+0000] {processor.py:840} INFO - DAG(s) 'weekly_executive_report' retrieved from /opt/airflow/dags/example_report_generation.py
[2026-01-09T16:14:26.062+0000] {logging_mixin.py:188} INFO - [2026-01-09T16:14:26.062+0000] {dag.py:3036} INFO - Sync 1 DAGs
[2026-01-09T16:14:26.077+0000] {logging_mixin.py:188} INFO - [2026-01-09T16:14:26.077+0000] {dag.py:3823} INFO - Setting next_dagrun for weekly_executive_report to 2025-12-29 08:00:00+00:00, run_after=2026-01-05 08:00:00+00:00
[2026-01-09T16:14:26.090+0000] {processor.py:183} INFO - Processing /opt/airflow/dags/example_report_generation.py took 0.088 seconds
[2026-01-09T16:14:56.243+0000] {processor.py:161} INFO - Started process (PID=704) to work on /opt/airflow/dags/example_report_generation.py
[2026-01-09T16:14:56.244+0000] {processor.py:830} INFO - Processing file /opt/airflow/dags/example_report_generation.py for tasks to queue
[2026-01-09T16:14:56.247+0000] {logging_mixin.py:188} INFO - [2026-01-09T16:14:56.247+0000] {dagbag.py:538} INFO - Filling up the DagBag from /opt/airflow/dags/example_report_generation.py
[2026-01-09T16:14:56.272+0000] {processor.py:840} INFO - DAG(s) 'weekly_executive_report' retrieved from /opt/airflow/dags/example_report_generation.py
[2026-01-09T16:14:56.288+0000] {logging_mixin.py:188} INFO - [2026-01-09T16:14:56.288+0000] {dag.py:3036} INFO - Sync 1 DAGs
[2026-01-09T16:14:56.298+0000] {logging_mixin.py:188} INFO - [2026-01-09T16:14:56.298+0000] {dag.py:3823} INFO - Setting next_dagrun for weekly_executive_report to 2025-12-29 08:00:00+00:00, run_after=2026-01-05 08:00:00+00:00
[2026-01-09T16:14:56.306+0000] {processor.py:183} INFO - Processing /opt/airflow/dags/example_report_generation.py took 0.072 seconds
[2026-01-09T16:15:26.727+0000] {processor.py:161} INFO - Started process (PID=737) to work on /opt/airflow/dags/example_report_generation.py
[2026-01-09T16:15:26.728+0000] {processor.py:830} INFO - Processing file /opt/airflow/dags/example_report_generation.py for tasks to queue
[2026-01-09T16:15:26.729+0000] {logging_mixin.py:188} INFO - [2026-01-09T16:15:26.729+0000] {dagbag.py:538} INFO - Filling up the DagBag from /opt/airflow/dags/example_report_generation.py
[2026-01-09T16:15:26.746+0000] {processor.py:840} INFO - DAG(s) 'weekly_executive_report' retrieved from /opt/airflow/dags/example_report_generation.py
[2026-01-09T16:15:26.765+0000] {logging_mixin.py:188} INFO - [2026-01-09T16:15:26.764+0000] {dag.py:3036} INFO - Sync 1 DAGs
[2026-01-09T16:15:26.778+0000] {logging_mixin.py:188} INFO - [2026-01-09T16:15:26.777+0000] {dag.py:3823} INFO - Setting next_dagrun for weekly_executive_report to 2025-12-29 08:00:00+00:00, run_after=2026-01-05 08:00:00+00:00
[2026-01-09T16:15:26.786+0000] {processor.py:183} INFO - Processing /opt/airflow/dags/example_report_generation.py took 0.062 seconds
[2026-01-09T16:15:57.222+0000] {processor.py:161} INFO - Started process (PID=784) to work on /opt/airflow/dags/example_report_generation.py
[2026-01-09T16:15:57.229+0000] {processor.py:830} INFO - Processing file /opt/airflow/dags/example_report_generation.py for tasks to queue
[2026-01-09T16:15:57.230+0000] {logging_mixin.py:188} INFO - [2026-01-09T16:15:57.229+0000] {dagbag.py:538} INFO - Filling up the DagBag from /opt/airflow/dags/example_report_generation.py
[2026-01-09T16:15:57.294+0000] {processor.py:840} INFO - DAG(s) 'weekly_executive_report' retrieved from /opt/airflow/dags/example_report_generation.py
[2026-01-09T16:15:57.367+0000] {logging_mixin.py:188} INFO - [2026-01-09T16:15:57.367+0000] {dag.py:3036} INFO - Sync 1 DAGs
[2026-01-09T16:15:57.415+0000] {logging_mixin.py:188} INFO - [2026-01-09T16:15:57.415+0000] {dag.py:3823} INFO - Setting next_dagrun for weekly_executive_report to 2025-12-29 08:00:00+00:00, run_after=2026-01-05 08:00:00+00:00
[2026-01-09T16:15:57.450+0000] {processor.py:183} INFO - Processing /opt/airflow/dags/example_report_generation.py took 0.231 seconds
[2026-01-09T16:17:05.133+0000] {processor.py:161} INFO - Started process (PID=198) to work on /opt/airflow/dags/example_report_generation.py
[2026-01-09T16:17:05.133+0000] {processor.py:830} INFO - Processing file /opt/airflow/dags/example_report_generation.py for tasks to queue
[2026-01-09T16:17:05.134+0000] {logging_mixin.py:188} INFO - [2026-01-09T16:17:05.134+0000] {dagbag.py:538} INFO - Filling up the DagBag from /opt/airflow/dags/example_report_generation.py
[2026-01-09T16:17:05.149+0000] {processor.py:840} INFO - DAG(s) 'weekly_executive_report' retrieved from /opt/airflow/dags/example_report_generation.py
[2026-01-09T16:17:05.169+0000] {logging_mixin.py:188} INFO - [2026-01-09T16:17:05.169+0000] {dag.py:3036} INFO - Sync 1 DAGs
[2026-01-09T16:17:05.190+0000] {logging_mixin.py:188} INFO - [2026-01-09T16:17:05.190+0000] {dag.py:3823} INFO - Setting next_dagrun for weekly_executive_report to 2025-12-29 08:00:00+00:00, run_after=2026-01-05 08:00:00+00:00
[2026-01-09T16:17:05.211+0000] {processor.py:183} INFO - Processing /opt/airflow/dags/example_report_generation.py took 0.080 seconds
[2026-01-09T16:17:35.748+0000] {processor.py:161} INFO - Started process (PID=233) to work on /opt/airflow/dags/example_report_generation.py
[2026-01-09T16:17:35.749+0000] {processor.py:830} INFO - Processing file /opt/airflow/dags/example_report_generation.py for tasks to queue
[2026-01-09T16:17:35.749+0000] {logging_mixin.py:188} INFO - [2026-01-09T16:17:35.749+0000] {dagbag.py:538} INFO - Filling up the DagBag from /opt/airflow/dags/example_report_generation.py
[2026-01-09T16:17:35.772+0000] {processor.py:840} INFO - DAG(s) 'weekly_executive_report' retrieved from /opt/airflow/dags/example_report_generation.py
[2026-01-09T16:17:35.832+0000] {logging_mixin.py:188} INFO - [2026-01-09T16:17:35.832+0000] {dag.py:3036} INFO - Sync 1 DAGs
[2026-01-09T16:17:35.842+0000] {logging_mixin.py:188} INFO - [2026-01-09T16:17:35.842+0000] {dag.py:3823} INFO - Setting next_dagrun for weekly_executive_report to 2025-12-29 08:00:00+00:00, run_after=2026-01-05 08:00:00+00:00
[2026-01-09T16:17:35.851+0000] {processor.py:183} INFO - Processing /opt/airflow/dags/example_report_generation.py took 0.105 seconds
[2026-01-09T16:18:06.122+0000] {processor.py:161} INFO - Started process (PID=268) to work on /opt/airflow/dags/example_report_generation.py
[2026-01-09T16:18:06.123+0000] {processor.py:830} INFO - Processing file /opt/airflow/dags/example_report_generation.py for tasks to queue
[2026-01-09T16:18:06.123+0000] {logging_mixin.py:188} INFO - [2026-01-09T16:18:06.123+0000] {dagbag.py:538} INFO - Filling up the DagBag from /opt/airflow/dags/example_report_generation.py
[2026-01-09T16:18:06.136+0000] {processor.py:840} INFO - DAG(s) 'weekly_executive_report' retrieved from /opt/airflow/dags/example_report_generation.py
[2026-01-09T16:18:06.149+0000] {logging_mixin.py:188} INFO - [2026-01-09T16:18:06.149+0000] {dag.py:3036} INFO - Sync 1 DAGs
[2026-01-09T16:18:06.158+0000] {logging_mixin.py:188} INFO - [2026-01-09T16:18:06.158+0000] {dag.py:3823} INFO - Setting next_dagrun for weekly_executive_report to 2025-12-29 08:00:00+00:00, run_after=2026-01-05 08:00:00+00:00
[2026-01-09T16:18:06.166+0000] {processor.py:183} INFO - Processing /opt/airflow/dags/example_report_generation.py took 0.045 seconds
[2026-01-09T16:18:36.606+0000] {processor.py:161} INFO - Started process (PID=306) to work on /opt/airflow/dags/example_report_generation.py
[2026-01-09T16:18:36.607+0000] {processor.py:830} INFO - Processing file /opt/airflow/dags/example_report_generation.py for tasks to queue
[2026-01-09T16:18:36.608+0000] {logging_mixin.py:188} INFO - [2026-01-09T16:18:36.608+0000] {dagbag.py:538} INFO - Filling up the DagBag from /opt/airflow/dags/example_report_generation.py
[2026-01-09T16:18:36.625+0000] {processor.py:840} INFO - DAG(s) 'weekly_executive_report' retrieved from /opt/airflow/dags/example_report_generation.py
[2026-01-09T16:18:36.643+0000] {logging_mixin.py:188} INFO - [2026-01-09T16:18:36.643+0000] {dag.py:3036} INFO - Sync 1 DAGs
[2026-01-09T16:18:36.653+0000] {logging_mixin.py:188} INFO - [2026-01-09T16:18:36.653+0000] {dag.py:3823} INFO - Setting next_dagrun for weekly_executive_report to 2025-12-29 08:00:00+00:00, run_after=2026-01-05 08:00:00+00:00
[2026-01-09T16:18:36.660+0000] {processor.py:183} INFO - Processing /opt/airflow/dags/example_report_generation.py took 0.057 seconds
[2026-01-09T16:19:07.167+0000] {processor.py:161} INFO - Started process (PID=344) to work on /opt/airflow/dags/example_report_generation.py
[2026-01-09T16:19:07.168+0000] {processor.py:830} INFO - Processing file /opt/airflow/dags/example_report_generation.py for tasks to queue
[2026-01-09T16:19:07.168+0000] {logging_mixin.py:188} INFO - [2026-01-09T16:19:07.168+0000] {dagbag.py:538} INFO - Filling up the DagBag from /opt/airflow/dags/example_report_generation.py
[2026-01-09T16:19:07.187+0000] {processor.py:840} INFO - DAG(s) 'weekly_executive_report' retrieved from /opt/airflow/dags/example_report_generation.py
[2026-01-09T16:19:07.200+0000] {logging_mixin.py:188} INFO - [2026-01-09T16:19:07.200+0000] {dag.py:3036} INFO - Sync 1 DAGs
[2026-01-09T16:19:07.211+0000] {logging_mixin.py:188} INFO - [2026-01-09T16:19:07.211+0000] {dag.py:3823} INFO - Setting next_dagrun for weekly_executive_report to 2025-12-29 08:00:00+00:00, run_after=2026-01-05 08:00:00+00:00
[2026-01-09T16:19:07.220+0000] {processor.py:183} INFO - Processing /opt/airflow/dags/example_report_generation.py took 0.055 seconds
[2026-01-09T16:19:37.650+0000] {processor.py:161} INFO - Started process (PID=381) to work on /opt/airflow/dags/example_report_generation.py
[2026-01-09T16:19:37.651+0000] {processor.py:830} INFO - Processing file /opt/airflow/dags/example_report_generation.py for tasks to queue
[2026-01-09T16:19:37.654+0000] {logging_mixin.py:188} INFO - [2026-01-09T16:19:37.654+0000] {dagbag.py:538} INFO - Filling up the DagBag from /opt/airflow/dags/example_report_generation.py
[2026-01-09T16:19:37.672+0000] {processor.py:840} INFO - DAG(s) 'weekly_executive_report' retrieved from /opt/airflow/dags/example_report_generation.py
[2026-01-09T16:19:37.688+0000] {logging_mixin.py:188} INFO - [2026-01-09T16:19:37.688+0000] {dag.py:3036} INFO - Sync 1 DAGs
[2026-01-09T16:19:37.697+0000] {logging_mixin.py:188} INFO - [2026-01-09T16:19:37.697+0000] {dag.py:3823} INFO - Setting next_dagrun for weekly_executive_report to 2025-12-29 08:00:00+00:00, run_after=2026-01-05 08:00:00+00:00
[2026-01-09T16:19:37.703+0000] {processor.py:183} INFO - Processing /opt/airflow/dags/example_report_generation.py took 0.056 seconds
[2026-01-09T16:20:07.903+0000] {processor.py:161} INFO - Started process (PID=419) to work on /opt/airflow/dags/example_report_generation.py
[2026-01-09T16:20:07.909+0000] {processor.py:830} INFO - Processing file /opt/airflow/dags/example_report_generation.py for tasks to queue
[2026-01-09T16:20:07.911+0000] {logging_mixin.py:188} INFO - [2026-01-09T16:20:07.911+0000] {dagbag.py:538} INFO - Filling up the DagBag from /opt/airflow/dags/example_report_generation.py
[2026-01-09T16:20:07.947+0000] {processor.py:840} INFO - DAG(s) 'weekly_executive_report' retrieved from /opt/airflow/dags/example_report_generation.py
[2026-01-09T16:20:07.986+0000] {logging_mixin.py:188} INFO - [2026-01-09T16:20:07.986+0000] {dag.py:3036} INFO - Sync 1 DAGs
[2026-01-09T16:20:08.004+0000] {logging_mixin.py:188} INFO - [2026-01-09T16:20:08.004+0000] {dag.py:3823} INFO - Setting next_dagrun for weekly_executive_report to 2025-12-29 08:00:00+00:00, run_after=2026-01-05 08:00:00+00:00
[2026-01-09T16:20:08.012+0000] {processor.py:183} INFO - Processing /opt/airflow/dags/example_report_generation.py took 0.116 seconds
[2026-01-09T16:20:38.442+0000] {processor.py:161} INFO - Started process (PID=457) to work on /opt/airflow/dags/example_report_generation.py
[2026-01-09T16:20:38.443+0000] {processor.py:830} INFO - Processing file /opt/airflow/dags/example_report_generation.py for tasks to queue
[2026-01-09T16:20:38.444+0000] {logging_mixin.py:188} INFO - [2026-01-09T16:20:38.443+0000] {dagbag.py:538} INFO - Filling up the DagBag from /opt/airflow/dags/example_report_generation.py
[2026-01-09T16:20:38.470+0000] {processor.py:840} INFO - DAG(s) 'weekly_executive_report' retrieved from /opt/airflow/dags/example_report_generation.py
[2026-01-09T16:20:38.521+0000] {logging_mixin.py:188} INFO - [2026-01-09T16:20:38.521+0000] {dag.py:3036} INFO - Sync 1 DAGs
[2026-01-09T16:20:38.544+0000] {logging_mixin.py:188} INFO - [2026-01-09T16:20:38.544+0000] {dag.py:3823} INFO - Setting next_dagrun for weekly_executive_report to 2025-12-29 08:00:00+00:00, run_after=2026-01-05 08:00:00+00:00
[2026-01-09T16:20:38.555+0000] {processor.py:183} INFO - Processing /opt/airflow/dags/example_report_generation.py took 0.114 seconds
[2026-01-09T16:21:12.731+0000] {processor.py:161} INFO - Started process (PID=493) to work on /opt/airflow/dags/example_report_generation.py
[2026-01-09T16:21:12.732+0000] {processor.py:830} INFO - Processing file /opt/airflow/dags/example_report_generation.py for tasks to queue
[2026-01-09T16:21:12.734+0000] {logging_mixin.py:188} INFO - [2026-01-09T16:21:12.733+0000] {dagbag.py:538} INFO - Filling up the DagBag from /opt/airflow/dags/example_report_generation.py
[2026-01-09T16:21:12.774+0000] {processor.py:840} INFO - DAG(s) 'weekly_executive_report' retrieved from /opt/airflow/dags/example_report_generation.py
[2026-01-09T16:21:12.801+0000] {logging_mixin.py:188} INFO - [2026-01-09T16:21:12.801+0000] {dag.py:3036} INFO - Sync 1 DAGs
[2026-01-09T16:21:12.834+0000] {logging_mixin.py:188} INFO - [2026-01-09T16:21:12.833+0000] {dag.py:3823} INFO - Setting next_dagrun for weekly_executive_report to 2025-12-29 08:00:00+00:00, run_after=2026-01-05 08:00:00+00:00
[2026-01-09T16:21:12.856+0000] {processor.py:183} INFO - Processing /opt/airflow/dags/example_report_generation.py took 0.130 seconds
[2026-01-09T16:21:49.595+0000] {processor.py:161} INFO - Started process (PID=531) to work on /opt/airflow/dags/example_report_generation.py
[2026-01-09T16:21:49.598+0000] {processor.py:830} INFO - Processing file /opt/airflow/dags/example_report_generation.py for tasks to queue
[2026-01-09T16:21:49.601+0000] {logging_mixin.py:188} INFO - [2026-01-09T16:21:49.600+0000] {dagbag.py:538} INFO - Filling up the DagBag from /opt/airflow/dags/example_report_generation.py
[2026-01-09T16:21:49.669+0000] {processor.py:840} INFO - DAG(s) 'weekly_executive_report' retrieved from /opt/airflow/dags/example_report_generation.py
[2026-01-09T16:21:49.739+0000] {logging_mixin.py:188} INFO - [2026-01-09T16:21:49.739+0000] {dag.py:3036} INFO - Sync 1 DAGs
[2026-01-09T16:21:49.774+0000] {logging_mixin.py:188} INFO - [2026-01-09T16:21:49.774+0000] {dag.py:3823} INFO - Setting next_dagrun for weekly_executive_report to 2025-12-29 08:00:00+00:00, run_after=2026-01-05 08:00:00+00:00
[2026-01-09T16:21:49.793+0000] {processor.py:183} INFO - Processing /opt/airflow/dags/example_report_generation.py took 0.207 seconds
[2026-01-09T16:22:20.516+0000] {processor.py:161} INFO - Started process (PID=568) to work on /opt/airflow/dags/example_report_generation.py
[2026-01-09T16:22:20.518+0000] {processor.py:830} INFO - Processing file /opt/airflow/dags/example_report_generation.py for tasks to queue
[2026-01-09T16:22:20.519+0000] {logging_mixin.py:188} INFO - [2026-01-09T16:22:20.519+0000] {dagbag.py:538} INFO - Filling up the DagBag from /opt/airflow/dags/example_report_generation.py
[2026-01-09T16:22:20.540+0000] {processor.py:840} INFO - DAG(s) 'weekly_executive_report' retrieved from /opt/airflow/dags/example_report_generation.py
[2026-01-09T16:22:22.334+0000] {logging_mixin.py:188} INFO - [2026-01-09T16:22:22.334+0000] {dag.py:3036} INFO - Sync 1 DAGs
[2026-01-09T16:22:22.345+0000] {logging_mixin.py:188} INFO - [2026-01-09T16:22:22.345+0000] {dag.py:3823} INFO - Setting next_dagrun for weekly_executive_report to 2025-12-29 08:00:00+00:00, run_after=2026-01-05 08:00:00+00:00
[2026-01-09T16:22:22.354+0000] {processor.py:183} INFO - Processing /opt/airflow/dags/example_report_generation.py took 1.840 seconds
[2026-01-09T16:22:54.049+0000] {processor.py:161} INFO - Started process (PID=607) to work on /opt/airflow/dags/example_report_generation.py
[2026-01-09T16:22:54.050+0000] {processor.py:830} INFO - Processing file /opt/airflow/dags/example_report_generation.py for tasks to queue
[2026-01-09T16:22:54.051+0000] {logging_mixin.py:188} INFO - [2026-01-09T16:22:54.051+0000] {dagbag.py:538} INFO - Filling up the DagBag from /opt/airflow/dags/example_report_generation.py
[2026-01-09T16:22:54.074+0000] {processor.py:840} INFO - DAG(s) 'weekly_executive_report' retrieved from /opt/airflow/dags/example_report_generation.py
[2026-01-09T16:22:54.088+0000] {logging_mixin.py:188} INFO - [2026-01-09T16:22:54.088+0000] {dag.py:3036} INFO - Sync 1 DAGs
[2026-01-09T16:22:54.098+0000] {logging_mixin.py:188} INFO - [2026-01-09T16:22:54.098+0000] {dag.py:3823} INFO - Setting next_dagrun for weekly_executive_report to 2025-12-29 08:00:00+00:00, run_after=2026-01-05 08:00:00+00:00
[2026-01-09T16:22:54.107+0000] {processor.py:183} INFO - Processing /opt/airflow/dags/example_report_generation.py took 0.063 seconds
[2026-01-09T16:23:24.627+0000] {processor.py:161} INFO - Started process (PID=640) to work on /opt/airflow/dags/example_report_generation.py
[2026-01-09T16:23:24.628+0000] {processor.py:830} INFO - Processing file /opt/airflow/dags/example_report_generation.py for tasks to queue
[2026-01-09T16:23:24.628+0000] {logging_mixin.py:188} INFO - [2026-01-09T16:23:24.628+0000] {dagbag.py:538} INFO - Filling up the DagBag from /opt/airflow/dags/example_report_generation.py
[2026-01-09T16:23:24.643+0000] {processor.py:840} INFO - DAG(s) 'weekly_executive_report' retrieved from /opt/airflow/dags/example_report_generation.py
[2026-01-09T16:23:24.661+0000] {logging_mixin.py:188} INFO - [2026-01-09T16:23:24.661+0000] {dag.py:3036} INFO - Sync 1 DAGs
[2026-01-09T16:23:24.677+0000] {logging_mixin.py:188} INFO - [2026-01-09T16:23:24.677+0000] {dag.py:3823} INFO - Setting next_dagrun for weekly_executive_report to 2025-12-29 08:00:00+00:00, run_after=2026-01-05 08:00:00+00:00
[2026-01-09T16:23:24.816+0000] {processor.py:183} INFO - Processing /opt/airflow/dags/example_report_generation.py took 0.191 seconds
[2026-01-09T16:24:09.747+0000] {processor.py:161} INFO - Started process (PID=174) to work on /opt/airflow/dags/example_report_generation.py
[2026-01-09T16:24:09.747+0000] {processor.py:830} INFO - Processing file /opt/airflow/dags/example_report_generation.py for tasks to queue
[2026-01-09T16:24:09.749+0000] {logging_mixin.py:188} INFO - [2026-01-09T16:24:09.748+0000] {dagbag.py:538} INFO - Filling up the DagBag from /opt/airflow/dags/example_report_generation.py
[2026-01-09T16:24:09.767+0000] {processor.py:840} INFO - DAG(s) 'weekly_executive_report' retrieved from /opt/airflow/dags/example_report_generation.py
[2026-01-09T16:24:09.785+0000] {logging_mixin.py:188} INFO - [2026-01-09T16:24:09.784+0000] {dag.py:3036} INFO - Sync 1 DAGs
[2026-01-09T16:24:09.812+0000] {logging_mixin.py:188} INFO - [2026-01-09T16:24:09.809+0000] {dag.py:3823} INFO - Setting next_dagrun for weekly_executive_report to 2025-12-29 08:00:00+00:00, run_after=2026-01-05 08:00:00+00:00
[2026-01-09T16:24:09.831+0000] {processor.py:183} INFO - Processing /opt/airflow/dags/example_report_generation.py took 0.087 seconds
[2026-01-09T16:24:43.381+0000] {processor.py:161} INFO - Started process (PID=172) to work on /opt/airflow/dags/example_report_generation.py
[2026-01-09T16:24:43.382+0000] {processor.py:830} INFO - Processing file /opt/airflow/dags/example_report_generation.py for tasks to queue
[2026-01-09T16:24:43.382+0000] {logging_mixin.py:188} INFO - [2026-01-09T16:24:43.382+0000] {dagbag.py:538} INFO - Filling up the DagBag from /opt/airflow/dags/example_report_generation.py
[2026-01-09T16:24:43.428+0000] {processor.py:840} INFO - DAG(s) 'weekly_executive_report' retrieved from /opt/airflow/dags/example_report_generation.py
[2026-01-09T16:24:43.449+0000] {logging_mixin.py:188} INFO - [2026-01-09T16:24:43.449+0000] {dag.py:3036} INFO - Sync 1 DAGs
[2026-01-09T16:24:43.476+0000] {logging_mixin.py:188} INFO - [2026-01-09T16:24:43.476+0000] {dag.py:3823} INFO - Setting next_dagrun for weekly_executive_report to 2025-12-29 08:00:00+00:00, run_after=2026-01-05 08:00:00+00:00
[2026-01-09T16:24:43.499+0000] {processor.py:183} INFO - Processing /opt/airflow/dags/example_report_generation.py took 0.120 seconds
[2026-01-09T16:25:14.163+0000] {processor.py:161} INFO - Started process (PID=202) to work on /opt/airflow/dags/example_report_generation.py
[2026-01-09T16:25:14.164+0000] {processor.py:830} INFO - Processing file /opt/airflow/dags/example_report_generation.py for tasks to queue
[2026-01-09T16:25:14.165+0000] {logging_mixin.py:188} INFO - [2026-01-09T16:25:14.164+0000] {dagbag.py:538} INFO - Filling up the DagBag from /opt/airflow/dags/example_report_generation.py
[2026-01-09T16:25:14.178+0000] {processor.py:840} INFO - DAG(s) 'weekly_executive_report' retrieved from /opt/airflow/dags/example_report_generation.py
[2026-01-09T16:25:14.242+0000] {logging_mixin.py:188} INFO - [2026-01-09T16:25:14.242+0000] {dag.py:3036} INFO - Sync 1 DAGs
[2026-01-09T16:25:14.255+0000] {logging_mixin.py:188} INFO - [2026-01-09T16:25:14.255+0000] {dag.py:3823} INFO - Setting next_dagrun for weekly_executive_report to 2025-12-29 08:00:00+00:00, run_after=2026-01-05 08:00:00+00:00
[2026-01-09T16:25:14.265+0000] {processor.py:183} INFO - Processing /opt/airflow/dags/example_report_generation.py took 0.104 seconds
[2026-01-09T16:25:44.963+0000] {processor.py:161} INFO - Started process (PID=241) to work on /opt/airflow/dags/example_report_generation.py
[2026-01-09T16:25:44.964+0000] {processor.py:830} INFO - Processing file /opt/airflow/dags/example_report_generation.py for tasks to queue
[2026-01-09T16:25:44.965+0000] {logging_mixin.py:188} INFO - [2026-01-09T16:25:44.964+0000] {dagbag.py:538} INFO - Filling up the DagBag from /opt/airflow/dags/example_report_generation.py
[2026-01-09T16:25:44.976+0000] {processor.py:840} INFO - DAG(s) 'weekly_executive_report' retrieved from /opt/airflow/dags/example_report_generation.py
[2026-01-09T16:25:44.989+0000] {logging_mixin.py:188} INFO - [2026-01-09T16:25:44.989+0000] {dag.py:3036} INFO - Sync 1 DAGs
[2026-01-09T16:25:44.998+0000] {logging_mixin.py:188} INFO - [2026-01-09T16:25:44.998+0000] {dag.py:3823} INFO - Setting next_dagrun for weekly_executive_report to 2025-12-29 08:00:00+00:00, run_after=2026-01-05 08:00:00+00:00
[2026-01-09T16:25:45.006+0000] {processor.py:183} INFO - Processing /opt/airflow/dags/example_report_generation.py took 0.045 seconds
[2026-01-09T16:26:15.623+0000] {processor.py:161} INFO - Started process (PID=276) to work on /opt/airflow/dags/example_report_generation.py
[2026-01-09T16:26:15.624+0000] {processor.py:830} INFO - Processing file /opt/airflow/dags/example_report_generation.py for tasks to queue
[2026-01-09T16:26:15.625+0000] {logging_mixin.py:188} INFO - [2026-01-09T16:26:15.624+0000] {dagbag.py:538} INFO - Filling up the DagBag from /opt/airflow/dags/example_report_generation.py
[2026-01-09T16:26:15.645+0000] {processor.py:840} INFO - DAG(s) 'weekly_executive_report' retrieved from /opt/airflow/dags/example_report_generation.py
[2026-01-09T16:26:15.663+0000] {logging_mixin.py:188} INFO - [2026-01-09T16:26:15.663+0000] {dag.py:3036} INFO - Sync 1 DAGs
[2026-01-09T16:26:15.684+0000] {logging_mixin.py:188} INFO - [2026-01-09T16:26:15.684+0000] {dag.py:3823} INFO - Setting next_dagrun for weekly_executive_report to 2025-12-29 08:00:00+00:00, run_after=2026-01-05 08:00:00+00:00
[2026-01-09T16:26:15.696+0000] {processor.py:183} INFO - Processing /opt/airflow/dags/example_report_generation.py took 0.075 seconds
[2026-01-09T16:26:46.295+0000] {processor.py:161} INFO - Started process (PID=307) to work on /opt/airflow/dags/example_report_generation.py
[2026-01-09T16:26:46.296+0000] {processor.py:830} INFO - Processing file /opt/airflow/dags/example_report_generation.py for tasks to queue
[2026-01-09T16:26:46.296+0000] {logging_mixin.py:188} INFO - [2026-01-09T16:26:46.296+0000] {dagbag.py:538} INFO - Filling up the DagBag from /opt/airflow/dags/example_report_generation.py
[2026-01-09T16:26:46.309+0000] {processor.py:840} INFO - DAG(s) 'weekly_executive_report' retrieved from /opt/airflow/dags/example_report_generation.py
[2026-01-09T16:26:46.322+0000] {logging_mixin.py:188} INFO - [2026-01-09T16:26:46.322+0000] {dag.py:3036} INFO - Sync 1 DAGs
[2026-01-09T16:26:46.333+0000] {logging_mixin.py:188} INFO - [2026-01-09T16:26:46.332+0000] {dag.py:3823} INFO - Setting next_dagrun for weekly_executive_report to 2025-12-29 08:00:00+00:00, run_after=2026-01-05 08:00:00+00:00
[2026-01-09T16:26:46.340+0000] {processor.py:183} INFO - Processing /opt/airflow/dags/example_report_generation.py took 0.047 seconds
[2026-01-09T16:27:16.908+0000] {processor.py:161} INFO - Started process (PID=338) to work on /opt/airflow/dags/example_report_generation.py
[2026-01-09T16:27:16.909+0000] {processor.py:830} INFO - Processing file /opt/airflow/dags/example_report_generation.py for tasks to queue
[2026-01-09T16:27:16.909+0000] {logging_mixin.py:188} INFO - [2026-01-09T16:27:16.909+0000] {dagbag.py:538} INFO - Filling up the DagBag from /opt/airflow/dags/example_report_generation.py
[2026-01-09T16:27:16.923+0000] {processor.py:840} INFO - DAG(s) 'weekly_executive_report' retrieved from /opt/airflow/dags/example_report_generation.py
[2026-01-09T16:27:16.938+0000] {logging_mixin.py:188} INFO - [2026-01-09T16:27:16.938+0000] {dag.py:3036} INFO - Sync 1 DAGs
[2026-01-09T16:27:16.952+0000] {logging_mixin.py:188} INFO - [2026-01-09T16:27:16.952+0000] {dag.py:3823} INFO - Setting next_dagrun for weekly_executive_report to 2025-12-29 08:00:00+00:00, run_after=2026-01-05 08:00:00+00:00
[2026-01-09T16:27:16.960+0000] {processor.py:183} INFO - Processing /opt/airflow/dags/example_report_generation.py took 0.054 seconds
[2026-01-09T16:27:47.551+0000] {processor.py:161} INFO - Started process (PID=369) to work on /opt/airflow/dags/example_report_generation.py
[2026-01-09T16:27:47.552+0000] {processor.py:830} INFO - Processing file /opt/airflow/dags/example_report_generation.py for tasks to queue
[2026-01-09T16:27:47.552+0000] {logging_mixin.py:188} INFO - [2026-01-09T16:27:47.552+0000] {dagbag.py:538} INFO - Filling up the DagBag from /opt/airflow/dags/example_report_generation.py
[2026-01-09T16:27:47.564+0000] {processor.py:840} INFO - DAG(s) 'weekly_executive_report' retrieved from /opt/airflow/dags/example_report_generation.py
[2026-01-09T16:27:47.577+0000] {logging_mixin.py:188} INFO - [2026-01-09T16:27:47.577+0000] {dag.py:3036} INFO - Sync 1 DAGs
[2026-01-09T16:27:47.587+0000] {logging_mixin.py:188} INFO - [2026-01-09T16:27:47.587+0000] {dag.py:3823} INFO - Setting next_dagrun for weekly_executive_report to 2025-12-29 08:00:00+00:00, run_after=2026-01-05 08:00:00+00:00
[2026-01-09T16:27:47.595+0000] {processor.py:183} INFO - Processing /opt/airflow/dags/example_report_generation.py took 0.045 seconds
[2026-01-09T16:28:18.113+0000] {processor.py:161} INFO - Started process (PID=400) to work on /opt/airflow/dags/example_report_generation.py
[2026-01-09T16:28:18.114+0000] {processor.py:830} INFO - Processing file /opt/airflow/dags/example_report_generation.py for tasks to queue
[2026-01-09T16:28:18.115+0000] {logging_mixin.py:188} INFO - [2026-01-09T16:28:18.114+0000] {dagbag.py:538} INFO - Filling up the DagBag from /opt/airflow/dags/example_report_generation.py
[2026-01-09T16:28:18.132+0000] {processor.py:840} INFO - DAG(s) 'weekly_executive_report' retrieved from /opt/airflow/dags/example_report_generation.py
[2026-01-09T16:28:18.152+0000] {logging_mixin.py:188} INFO - [2026-01-09T16:28:18.152+0000] {dag.py:3036} INFO - Sync 1 DAGs
[2026-01-09T16:28:18.163+0000] {logging_mixin.py:188} INFO - [2026-01-09T16:28:18.163+0000] {dag.py:3823} INFO - Setting next_dagrun for weekly_executive_report to 2025-12-29 08:00:00+00:00, run_after=2026-01-05 08:00:00+00:00
[2026-01-09T16:28:18.170+0000] {processor.py:183} INFO - Processing /opt/airflow/dags/example_report_generation.py took 0.059 seconds
[2026-01-09T16:28:48.855+0000] {processor.py:161} INFO - Started process (PID=431) to work on /opt/airflow/dags/example_report_generation.py
[2026-01-09T16:28:48.856+0000] {processor.py:830} INFO - Processing file /opt/airflow/dags/example_report_generation.py for tasks to queue
[2026-01-09T16:28:48.856+0000] {logging_mixin.py:188} INFO - [2026-01-09T16:28:48.856+0000] {dagbag.py:538} INFO - Filling up the DagBag from /opt/airflow/dags/example_report_generation.py
[2026-01-09T16:28:48.873+0000] {processor.py:840} INFO - DAG(s) 'weekly_executive_report' retrieved from /opt/airflow/dags/example_report_generation.py
[2026-01-09T16:28:48.889+0000] {logging_mixin.py:188} INFO - [2026-01-09T16:28:48.889+0000] {dag.py:3036} INFO - Sync 1 DAGs
[2026-01-09T16:28:48.901+0000] {logging_mixin.py:188} INFO - [2026-01-09T16:28:48.900+0000] {dag.py:3823} INFO - Setting next_dagrun for weekly_executive_report to 2025-12-29 08:00:00+00:00, run_after=2026-01-05 08:00:00+00:00
[2026-01-09T16:28:48.913+0000] {processor.py:183} INFO - Processing /opt/airflow/dags/example_report_generation.py took 0.060 seconds
[2026-01-09T16:29:19.420+0000] {processor.py:161} INFO - Started process (PID=462) to work on /opt/airflow/dags/example_report_generation.py
[2026-01-09T16:29:19.421+0000] {processor.py:830} INFO - Processing file /opt/airflow/dags/example_report_generation.py for tasks to queue
[2026-01-09T16:29:19.421+0000] {logging_mixin.py:188} INFO - [2026-01-09T16:29:19.421+0000] {dagbag.py:538} INFO - Filling up the DagBag from /opt/airflow/dags/example_report_generation.py
[2026-01-09T16:29:19.436+0000] {processor.py:840} INFO - DAG(s) 'weekly_executive_report' retrieved from /opt/airflow/dags/example_report_generation.py
[2026-01-09T16:29:19.450+0000] {logging_mixin.py:188} INFO - [2026-01-09T16:29:19.450+0000] {dag.py:3036} INFO - Sync 1 DAGs
[2026-01-09T16:29:19.460+0000] {logging_mixin.py:188} INFO - [2026-01-09T16:29:19.459+0000] {dag.py:3823} INFO - Setting next_dagrun for weekly_executive_report to 2025-12-29 08:00:00+00:00, run_after=2026-01-05 08:00:00+00:00
[2026-01-09T16:29:19.468+0000] {processor.py:183} INFO - Processing /opt/airflow/dags/example_report_generation.py took 0.050 seconds
[2026-01-09T16:29:50.375+0000] {processor.py:161} INFO - Started process (PID=493) to work on /opt/airflow/dags/example_report_generation.py
[2026-01-09T16:29:50.376+0000] {processor.py:830} INFO - Processing file /opt/airflow/dags/example_report_generation.py for tasks to queue
[2026-01-09T16:29:50.376+0000] {logging_mixin.py:188} INFO - [2026-01-09T16:29:50.376+0000] {dagbag.py:538} INFO - Filling up the DagBag from /opt/airflow/dags/example_report_generation.py
[2026-01-09T16:29:50.395+0000] {processor.py:840} INFO - DAG(s) 'weekly_executive_report' retrieved from /opt/airflow/dags/example_report_generation.py
[2026-01-09T16:29:50.408+0000] {logging_mixin.py:188} INFO - [2026-01-09T16:29:50.408+0000] {dag.py:3036} INFO - Sync 1 DAGs
[2026-01-09T16:29:50.513+0000] {logging_mixin.py:188} INFO - [2026-01-09T16:29:50.513+0000] {dag.py:3823} INFO - Setting next_dagrun for weekly_executive_report to 2025-12-29 08:00:00+00:00, run_after=2026-01-05 08:00:00+00:00
[2026-01-09T16:29:50.519+0000] {processor.py:183} INFO - Processing /opt/airflow/dags/example_report_generation.py took 0.147 seconds
[2026-01-09T16:30:21.189+0000] {processor.py:161} INFO - Started process (PID=525) to work on /opt/airflow/dags/example_report_generation.py
[2026-01-09T16:30:21.190+0000] {processor.py:830} INFO - Processing file /opt/airflow/dags/example_report_generation.py for tasks to queue
[2026-01-09T16:30:21.190+0000] {logging_mixin.py:188} INFO - [2026-01-09T16:30:21.190+0000] {dagbag.py:538} INFO - Filling up the DagBag from /opt/airflow/dags/example_report_generation.py
[2026-01-09T16:30:21.205+0000] {processor.py:840} INFO - DAG(s) 'weekly_executive_report' retrieved from /opt/airflow/dags/example_report_generation.py
[2026-01-09T16:30:21.221+0000] {logging_mixin.py:188} INFO - [2026-01-09T16:30:21.221+0000] {dag.py:3036} INFO - Sync 1 DAGs
[2026-01-09T16:30:21.233+0000] {logging_mixin.py:188} INFO - [2026-01-09T16:30:21.232+0000] {dag.py:3823} INFO - Setting next_dagrun for weekly_executive_report to 2025-12-29 08:00:00+00:00, run_after=2026-01-05 08:00:00+00:00
[2026-01-09T16:30:21.242+0000] {processor.py:183} INFO - Processing /opt/airflow/dags/example_report_generation.py took 0.056 seconds
[2026-01-09T16:30:51.758+0000] {processor.py:161} INFO - Started process (PID=555) to work on /opt/airflow/dags/example_report_generation.py
[2026-01-09T16:30:51.759+0000] {processor.py:830} INFO - Processing file /opt/airflow/dags/example_report_generation.py for tasks to queue
[2026-01-09T16:30:51.759+0000] {logging_mixin.py:188} INFO - [2026-01-09T16:30:51.759+0000] {dagbag.py:538} INFO - Filling up the DagBag from /opt/airflow/dags/example_report_generation.py
[2026-01-09T16:30:51.783+0000] {processor.py:840} INFO - DAG(s) 'weekly_executive_report' retrieved from /opt/airflow/dags/example_report_generation.py
[2026-01-09T16:30:51.799+0000] {logging_mixin.py:188} INFO - [2026-01-09T16:30:51.798+0000] {dag.py:3036} INFO - Sync 1 DAGs
[2026-01-09T16:30:51.812+0000] {logging_mixin.py:188} INFO - [2026-01-09T16:30:51.811+0000] {dag.py:3823} INFO - Setting next_dagrun for weekly_executive_report to 2025-12-29 08:00:00+00:00, run_after=2026-01-05 08:00:00+00:00
[2026-01-09T16:30:51.821+0000] {processor.py:183} INFO - Processing /opt/airflow/dags/example_report_generation.py took 0.065 seconds
[2026-01-09T16:31:22.282+0000] {processor.py:161} INFO - Started process (PID=586) to work on /opt/airflow/dags/example_report_generation.py
[2026-01-09T16:31:22.283+0000] {processor.py:830} INFO - Processing file /opt/airflow/dags/example_report_generation.py for tasks to queue
[2026-01-09T16:31:22.283+0000] {logging_mixin.py:188} INFO - [2026-01-09T16:31:22.283+0000] {dagbag.py:538} INFO - Filling up the DagBag from /opt/airflow/dags/example_report_generation.py
[2026-01-09T16:31:22.296+0000] {processor.py:840} INFO - DAG(s) 'weekly_executive_report' retrieved from /opt/airflow/dags/example_report_generation.py
[2026-01-09T16:31:22.307+0000] {logging_mixin.py:188} INFO - [2026-01-09T16:31:22.307+0000] {dag.py:3036} INFO - Sync 1 DAGs
[2026-01-09T16:31:22.317+0000] {logging_mixin.py:188} INFO - [2026-01-09T16:31:22.317+0000] {dag.py:3823} INFO - Setting next_dagrun for weekly_executive_report to 2025-12-29 08:00:00+00:00, run_after=2026-01-05 08:00:00+00:00
[2026-01-09T16:31:22.324+0000] {processor.py:183} INFO - Processing /opt/airflow/dags/example_report_generation.py took 0.046 seconds
[2026-01-09T16:31:52.814+0000] {processor.py:161} INFO - Started process (PID=617) to work on /opt/airflow/dags/example_report_generation.py
[2026-01-09T16:31:52.815+0000] {processor.py:830} INFO - Processing file /opt/airflow/dags/example_report_generation.py for tasks to queue
[2026-01-09T16:31:52.815+0000] {logging_mixin.py:188} INFO - [2026-01-09T16:31:52.815+0000] {dagbag.py:538} INFO - Filling up the DagBag from /opt/airflow/dags/example_report_generation.py
[2026-01-09T16:31:52.829+0000] {processor.py:840} INFO - DAG(s) 'weekly_executive_report' retrieved from /opt/airflow/dags/example_report_generation.py
[2026-01-09T16:31:52.849+0000] {logging_mixin.py:188} INFO - [2026-01-09T16:31:52.849+0000] {dag.py:3036} INFO - Sync 1 DAGs
[2026-01-09T16:31:52.859+0000] {logging_mixin.py:188} INFO - [2026-01-09T16:31:52.859+0000] {dag.py:3823} INFO - Setting next_dagrun for weekly_executive_report to 2025-12-29 08:00:00+00:00, run_after=2026-01-05 08:00:00+00:00
[2026-01-09T16:31:52.868+0000] {processor.py:183} INFO - Processing /opt/airflow/dags/example_report_generation.py took 0.056 seconds
[2026-01-09T16:32:23.354+0000] {processor.py:161} INFO - Started process (PID=648) to work on /opt/airflow/dags/example_report_generation.py
[2026-01-09T16:32:23.355+0000] {processor.py:830} INFO - Processing file /opt/airflow/dags/example_report_generation.py for tasks to queue
[2026-01-09T16:32:23.356+0000] {logging_mixin.py:188} INFO - [2026-01-09T16:32:23.355+0000] {dagbag.py:538} INFO - Filling up the DagBag from /opt/airflow/dags/example_report_generation.py
[2026-01-09T16:32:23.370+0000] {processor.py:840} INFO - DAG(s) 'weekly_executive_report' retrieved from /opt/airflow/dags/example_report_generation.py
[2026-01-09T16:32:23.387+0000] {logging_mixin.py:188} INFO - [2026-01-09T16:32:23.387+0000] {dag.py:3036} INFO - Sync 1 DAGs
[2026-01-09T16:32:23.402+0000] {logging_mixin.py:188} INFO - [2026-01-09T16:32:23.401+0000] {dag.py:3823} INFO - Setting next_dagrun for weekly_executive_report to 2025-12-29 08:00:00+00:00, run_after=2026-01-05 08:00:00+00:00
[2026-01-09T16:32:23.414+0000] {processor.py:183} INFO - Processing /opt/airflow/dags/example_report_generation.py took 0.062 seconds
[2026-01-09T16:32:53.913+0000] {processor.py:161} INFO - Started process (PID=679) to work on /opt/airflow/dags/example_report_generation.py
[2026-01-09T16:32:53.914+0000] {processor.py:830} INFO - Processing file /opt/airflow/dags/example_report_generation.py for tasks to queue
[2026-01-09T16:32:53.915+0000] {logging_mixin.py:188} INFO - [2026-01-09T16:32:53.914+0000] {dagbag.py:538} INFO - Filling up the DagBag from /opt/airflow/dags/example_report_generation.py
[2026-01-09T16:32:53.931+0000] {processor.py:840} INFO - DAG(s) 'weekly_executive_report' retrieved from /opt/airflow/dags/example_report_generation.py
[2026-01-09T16:32:53.946+0000] {logging_mixin.py:188} INFO - [2026-01-09T16:32:53.946+0000] {dag.py:3036} INFO - Sync 1 DAGs
[2026-01-09T16:32:53.959+0000] {logging_mixin.py:188} INFO - [2026-01-09T16:32:53.959+0000] {dag.py:3823} INFO - Setting next_dagrun for weekly_executive_report to 2025-12-29 08:00:00+00:00, run_after=2026-01-05 08:00:00+00:00
[2026-01-09T16:32:53.970+0000] {processor.py:183} INFO - Processing /opt/airflow/dags/example_report_generation.py took 0.059 seconds
[2026-01-09T16:33:24.413+0000] {processor.py:161} INFO - Started process (PID=710) to work on /opt/airflow/dags/example_report_generation.py
[2026-01-09T16:33:24.414+0000] {processor.py:830} INFO - Processing file /opt/airflow/dags/example_report_generation.py for tasks to queue
[2026-01-09T16:33:24.415+0000] {logging_mixin.py:188} INFO - [2026-01-09T16:33:24.414+0000] {dagbag.py:538} INFO - Filling up the DagBag from /opt/airflow/dags/example_report_generation.py
[2026-01-09T16:33:24.427+0000] {processor.py:840} INFO - DAG(s) 'weekly_executive_report' retrieved from /opt/airflow/dags/example_report_generation.py
[2026-01-09T16:33:24.443+0000] {logging_mixin.py:188} INFO - [2026-01-09T16:33:24.443+0000] {dag.py:3036} INFO - Sync 1 DAGs
[2026-01-09T16:33:24.456+0000] {logging_mixin.py:188} INFO - [2026-01-09T16:33:24.456+0000] {dag.py:3823} INFO - Setting next_dagrun for weekly_executive_report to 2025-12-29 08:00:00+00:00, run_after=2026-01-05 08:00:00+00:00
[2026-01-09T16:33:24.464+0000] {processor.py:183} INFO - Processing /opt/airflow/dags/example_report_generation.py took 0.052 seconds
[2026-01-09T16:33:54.969+0000] {processor.py:161} INFO - Started process (PID=741) to work on /opt/airflow/dags/example_report_generation.py
[2026-01-09T16:33:54.969+0000] {processor.py:830} INFO - Processing file /opt/airflow/dags/example_report_generation.py for tasks to queue
[2026-01-09T16:33:54.971+0000] {logging_mixin.py:188} INFO - [2026-01-09T16:33:54.970+0000] {dagbag.py:538} INFO - Filling up the DagBag from /opt/airflow/dags/example_report_generation.py
[2026-01-09T16:33:54.984+0000] {processor.py:840} INFO - DAG(s) 'weekly_executive_report' retrieved from /opt/airflow/dags/example_report_generation.py
[2026-01-09T16:33:55.005+0000] {logging_mixin.py:188} INFO - [2026-01-09T16:33:55.005+0000] {dag.py:3036} INFO - Sync 1 DAGs
[2026-01-09T16:33:55.019+0000] {logging_mixin.py:188} INFO - [2026-01-09T16:33:55.019+0000] {dag.py:3823} INFO - Setting next_dagrun for weekly_executive_report to 2025-12-29 08:00:00+00:00, run_after=2026-01-05 08:00:00+00:00
[2026-01-09T16:33:55.033+0000] {processor.py:183} INFO - Processing /opt/airflow/dags/example_report_generation.py took 0.067 seconds
[2026-01-09T16:34:25.509+0000] {processor.py:161} INFO - Started process (PID=772) to work on /opt/airflow/dags/example_report_generation.py
[2026-01-09T16:34:25.510+0000] {processor.py:830} INFO - Processing file /opt/airflow/dags/example_report_generation.py for tasks to queue
[2026-01-09T16:34:25.511+0000] {logging_mixin.py:188} INFO - [2026-01-09T16:34:25.510+0000] {dagbag.py:538} INFO - Filling up the DagBag from /opt/airflow/dags/example_report_generation.py
[2026-01-09T16:34:25.531+0000] {processor.py:840} INFO - DAG(s) 'weekly_executive_report' retrieved from /opt/airflow/dags/example_report_generation.py
[2026-01-09T16:34:25.549+0000] {logging_mixin.py:188} INFO - [2026-01-09T16:34:25.549+0000] {dag.py:3036} INFO - Sync 1 DAGs
[2026-01-09T16:34:25.560+0000] {logging_mixin.py:188} INFO - [2026-01-09T16:34:25.560+0000] {dag.py:3823} INFO - Setting next_dagrun for weekly_executive_report to 2025-12-29 08:00:00+00:00, run_after=2026-01-05 08:00:00+00:00
[2026-01-09T16:34:25.569+0000] {processor.py:183} INFO - Processing /opt/airflow/dags/example_report_generation.py took 0.064 seconds
[2026-01-09T16:34:56.060+0000] {processor.py:161} INFO - Started process (PID=803) to work on /opt/airflow/dags/example_report_generation.py
[2026-01-09T16:34:56.060+0000] {processor.py:830} INFO - Processing file /opt/airflow/dags/example_report_generation.py for tasks to queue
[2026-01-09T16:34:56.061+0000] {logging_mixin.py:188} INFO - [2026-01-09T16:34:56.061+0000] {dagbag.py:538} INFO - Filling up the DagBag from /opt/airflow/dags/example_report_generation.py
[2026-01-09T16:34:56.072+0000] {processor.py:840} INFO - DAG(s) 'weekly_executive_report' retrieved from /opt/airflow/dags/example_report_generation.py
[2026-01-09T16:34:56.086+0000] {logging_mixin.py:188} INFO - [2026-01-09T16:34:56.086+0000] {dag.py:3036} INFO - Sync 1 DAGs
[2026-01-09T16:34:56.097+0000] {logging_mixin.py:188} INFO - [2026-01-09T16:34:56.097+0000] {dag.py:3823} INFO - Setting next_dagrun for weekly_executive_report to 2025-12-29 08:00:00+00:00, run_after=2026-01-05 08:00:00+00:00
[2026-01-09T16:34:56.105+0000] {processor.py:183} INFO - Processing /opt/airflow/dags/example_report_generation.py took 0.048 seconds
[2026-01-09T16:35:26.624+0000] {processor.py:161} INFO - Started process (PID=834) to work on /opt/airflow/dags/example_report_generation.py
[2026-01-09T16:35:26.625+0000] {processor.py:830} INFO - Processing file /opt/airflow/dags/example_report_generation.py for tasks to queue
[2026-01-09T16:35:26.625+0000] {logging_mixin.py:188} INFO - [2026-01-09T16:35:26.625+0000] {dagbag.py:538} INFO - Filling up the DagBag from /opt/airflow/dags/example_report_generation.py
[2026-01-09T16:35:26.641+0000] {processor.py:840} INFO - DAG(s) 'weekly_executive_report' retrieved from /opt/airflow/dags/example_report_generation.py
[2026-01-09T16:35:26.655+0000] {logging_mixin.py:188} INFO - [2026-01-09T16:35:26.655+0000] {dag.py:3036} INFO - Sync 1 DAGs
[2026-01-09T16:35:26.667+0000] {logging_mixin.py:188} INFO - [2026-01-09T16:35:26.667+0000] {dag.py:3823} INFO - Setting next_dagrun for weekly_executive_report to 2025-12-29 08:00:00+00:00, run_after=2026-01-05 08:00:00+00:00
[2026-01-09T16:35:26.675+0000] {processor.py:183} INFO - Processing /opt/airflow/dags/example_report_generation.py took 0.053 seconds
[2026-01-09T16:35:57.257+0000] {processor.py:161} INFO - Started process (PID=865) to work on /opt/airflow/dags/example_report_generation.py
[2026-01-09T16:35:57.258+0000] {processor.py:830} INFO - Processing file /opt/airflow/dags/example_report_generation.py for tasks to queue
[2026-01-09T16:35:57.258+0000] {logging_mixin.py:188} INFO - [2026-01-09T16:35:57.258+0000] {dagbag.py:538} INFO - Filling up the DagBag from /opt/airflow/dags/example_report_generation.py
[2026-01-09T16:35:57.279+0000] {processor.py:840} INFO - DAG(s) 'weekly_executive_report' retrieved from /opt/airflow/dags/example_report_generation.py
[2026-01-09T16:35:57.294+0000] {logging_mixin.py:188} INFO - [2026-01-09T16:35:57.294+0000] {dag.py:3036} INFO - Sync 1 DAGs
[2026-01-09T16:35:57.308+0000] {logging_mixin.py:188} INFO - [2026-01-09T16:35:57.308+0000] {dag.py:3823} INFO - Setting next_dagrun for weekly_executive_report to 2025-12-29 08:00:00+00:00, run_after=2026-01-05 08:00:00+00:00
[2026-01-09T16:35:57.316+0000] {processor.py:183} INFO - Processing /opt/airflow/dags/example_report_generation.py took 0.061 seconds
[2026-01-09T16:36:27.847+0000] {processor.py:161} INFO - Started process (PID=896) to work on /opt/airflow/dags/example_report_generation.py
[2026-01-09T16:36:27.848+0000] {processor.py:830} INFO - Processing file /opt/airflow/dags/example_report_generation.py for tasks to queue
[2026-01-09T16:36:27.848+0000] {logging_mixin.py:188} INFO - [2026-01-09T16:36:27.848+0000] {dagbag.py:538} INFO - Filling up the DagBag from /opt/airflow/dags/example_report_generation.py
[2026-01-09T16:36:27.860+0000] {processor.py:840} INFO - DAG(s) 'weekly_executive_report' retrieved from /opt/airflow/dags/example_report_generation.py
[2026-01-09T16:36:27.873+0000] {logging_mixin.py:188} INFO - [2026-01-09T16:36:27.873+0000] {dag.py:3036} INFO - Sync 1 DAGs
[2026-01-09T16:36:27.883+0000] {logging_mixin.py:188} INFO - [2026-01-09T16:36:27.883+0000] {dag.py:3823} INFO - Setting next_dagrun for weekly_executive_report to 2025-12-29 08:00:00+00:00, run_after=2026-01-05 08:00:00+00:00
[2026-01-09T16:36:27.893+0000] {processor.py:183} INFO - Processing /opt/airflow/dags/example_report_generation.py took 0.048 seconds
[2026-01-09T16:36:58.452+0000] {processor.py:161} INFO - Started process (PID=927) to work on /opt/airflow/dags/example_report_generation.py
[2026-01-09T16:36:58.453+0000] {processor.py:830} INFO - Processing file /opt/airflow/dags/example_report_generation.py for tasks to queue
[2026-01-09T16:36:58.453+0000] {logging_mixin.py:188} INFO - [2026-01-09T16:36:58.453+0000] {dagbag.py:538} INFO - Filling up the DagBag from /opt/airflow/dags/example_report_generation.py
[2026-01-09T16:36:58.467+0000] {processor.py:840} INFO - DAG(s) 'weekly_executive_report' retrieved from /opt/airflow/dags/example_report_generation.py
[2026-01-09T16:36:58.483+0000] {logging_mixin.py:188} INFO - [2026-01-09T16:36:58.483+0000] {dag.py:3036} INFO - Sync 1 DAGs
[2026-01-09T16:36:58.499+0000] {logging_mixin.py:188} INFO - [2026-01-09T16:36:58.499+0000] {dag.py:3823} INFO - Setting next_dagrun for weekly_executive_report to 2025-12-29 08:00:00+00:00, run_after=2026-01-05 08:00:00+00:00
[2026-01-09T16:36:58.508+0000] {processor.py:183} INFO - Processing /opt/airflow/dags/example_report_generation.py took 0.058 seconds
[2026-01-09T16:37:29.030+0000] {processor.py:161} INFO - Started process (PID=958) to work on /opt/airflow/dags/example_report_generation.py
[2026-01-09T16:37:29.030+0000] {processor.py:830} INFO - Processing file /opt/airflow/dags/example_report_generation.py for tasks to queue
[2026-01-09T16:37:29.031+0000] {logging_mixin.py:188} INFO - [2026-01-09T16:37:29.031+0000] {dagbag.py:538} INFO - Filling up the DagBag from /opt/airflow/dags/example_report_generation.py
[2026-01-09T16:37:29.047+0000] {processor.py:840} INFO - DAG(s) 'weekly_executive_report' retrieved from /opt/airflow/dags/example_report_generation.py
[2026-01-09T16:37:29.069+0000] {logging_mixin.py:188} INFO - [2026-01-09T16:37:29.068+0000] {dag.py:3036} INFO - Sync 1 DAGs
[2026-01-09T16:37:29.081+0000] {logging_mixin.py:188} INFO - [2026-01-09T16:37:29.080+0000] {dag.py:3823} INFO - Setting next_dagrun for weekly_executive_report to 2025-12-29 08:00:00+00:00, run_after=2026-01-05 08:00:00+00:00
[2026-01-09T16:37:29.089+0000] {processor.py:183} INFO - Processing /opt/airflow/dags/example_report_generation.py took 0.062 seconds
[2026-01-09T16:37:59.668+0000] {processor.py:161} INFO - Started process (PID=989) to work on /opt/airflow/dags/example_report_generation.py
[2026-01-09T16:37:59.668+0000] {processor.py:830} INFO - Processing file /opt/airflow/dags/example_report_generation.py for tasks to queue
[2026-01-09T16:37:59.669+0000] {logging_mixin.py:188} INFO - [2026-01-09T16:37:59.669+0000] {dagbag.py:538} INFO - Filling up the DagBag from /opt/airflow/dags/example_report_generation.py
[2026-01-09T16:37:59.684+0000] {processor.py:840} INFO - DAG(s) 'weekly_executive_report' retrieved from /opt/airflow/dags/example_report_generation.py
[2026-01-09T16:37:59.700+0000] {logging_mixin.py:188} INFO - [2026-01-09T16:37:59.700+0000] {dag.py:3036} INFO - Sync 1 DAGs
[2026-01-09T16:37:59.713+0000] {logging_mixin.py:188} INFO - [2026-01-09T16:37:59.713+0000] {dag.py:3823} INFO - Setting next_dagrun for weekly_executive_report to 2025-12-29 08:00:00+00:00, run_after=2026-01-05 08:00:00+00:00
[2026-01-09T16:37:59.722+0000] {processor.py:183} INFO - Processing /opt/airflow/dags/example_report_generation.py took 0.057 seconds
[2026-01-09T16:38:30.257+0000] {processor.py:161} INFO - Started process (PID=1020) to work on /opt/airflow/dags/example_report_generation.py
[2026-01-09T16:38:30.257+0000] {processor.py:830} INFO - Processing file /opt/airflow/dags/example_report_generation.py for tasks to queue
[2026-01-09T16:38:30.258+0000] {logging_mixin.py:188} INFO - [2026-01-09T16:38:30.258+0000] {dagbag.py:538} INFO - Filling up the DagBag from /opt/airflow/dags/example_report_generation.py
[2026-01-09T16:38:30.274+0000] {processor.py:840} INFO - DAG(s) 'weekly_executive_report' retrieved from /opt/airflow/dags/example_report_generation.py
[2026-01-09T16:38:30.290+0000] {logging_mixin.py:188} INFO - [2026-01-09T16:38:30.290+0000] {dag.py:3036} INFO - Sync 1 DAGs
[2026-01-09T16:38:30.305+0000] {logging_mixin.py:188} INFO - [2026-01-09T16:38:30.305+0000] {dag.py:3823} INFO - Setting next_dagrun for weekly_executive_report to 2025-12-29 08:00:00+00:00, run_after=2026-01-05 08:00:00+00:00
[2026-01-09T16:38:30.314+0000] {processor.py:183} INFO - Processing /opt/airflow/dags/example_report_generation.py took 0.059 seconds
[2026-01-09T16:39:00.910+0000] {processor.py:161} INFO - Started process (PID=1051) to work on /opt/airflow/dags/example_report_generation.py
[2026-01-09T16:39:00.910+0000] {processor.py:830} INFO - Processing file /opt/airflow/dags/example_report_generation.py for tasks to queue
[2026-01-09T16:39:00.911+0000] {logging_mixin.py:188} INFO - [2026-01-09T16:39:00.911+0000] {dagbag.py:538} INFO - Filling up the DagBag from /opt/airflow/dags/example_report_generation.py
[2026-01-09T16:39:00.925+0000] {processor.py:840} INFO - DAG(s) 'weekly_executive_report' retrieved from /opt/airflow/dags/example_report_generation.py
[2026-01-09T16:39:00.938+0000] {logging_mixin.py:188} INFO - [2026-01-09T16:39:00.938+0000] {dag.py:3036} INFO - Sync 1 DAGs
[2026-01-09T16:39:00.949+0000] {logging_mixin.py:188} INFO - [2026-01-09T16:39:00.949+0000] {dag.py:3823} INFO - Setting next_dagrun for weekly_executive_report to 2025-12-29 08:00:00+00:00, run_after=2026-01-05 08:00:00+00:00
[2026-01-09T16:39:00.957+0000] {processor.py:183} INFO - Processing /opt/airflow/dags/example_report_generation.py took 0.049 seconds
[2026-01-09T16:39:31.558+0000] {processor.py:161} INFO - Started process (PID=1082) to work on /opt/airflow/dags/example_report_generation.py
[2026-01-09T16:39:31.558+0000] {processor.py:830} INFO - Processing file /opt/airflow/dags/example_report_generation.py for tasks to queue
[2026-01-09T16:39:31.559+0000] {logging_mixin.py:188} INFO - [2026-01-09T16:39:31.558+0000] {dagbag.py:538} INFO - Filling up the DagBag from /opt/airflow/dags/example_report_generation.py
[2026-01-09T16:39:31.575+0000] {processor.py:840} INFO - DAG(s) 'weekly_executive_report' retrieved from /opt/airflow/dags/example_report_generation.py
[2026-01-09T16:39:31.596+0000] {logging_mixin.py:188} INFO - [2026-01-09T16:39:31.596+0000] {dag.py:3036} INFO - Sync 1 DAGs
[2026-01-09T16:39:31.615+0000] {logging_mixin.py:188} INFO - [2026-01-09T16:39:31.615+0000] {dag.py:3823} INFO - Setting next_dagrun for weekly_executive_report to 2025-12-29 08:00:00+00:00, run_after=2026-01-05 08:00:00+00:00
[2026-01-09T16:39:31.625+0000] {processor.py:183} INFO - Processing /opt/airflow/dags/example_report_generation.py took 0.069 seconds
[2026-01-09T16:40:02.177+0000] {processor.py:161} INFO - Started process (PID=1113) to work on /opt/airflow/dags/example_report_generation.py
[2026-01-09T16:40:02.177+0000] {processor.py:830} INFO - Processing file /opt/airflow/dags/example_report_generation.py for tasks to queue
[2026-01-09T16:40:02.178+0000] {logging_mixin.py:188} INFO - [2026-01-09T16:40:02.178+0000] {dagbag.py:538} INFO - Filling up the DagBag from /opt/airflow/dags/example_report_generation.py
[2026-01-09T16:40:02.191+0000] {processor.py:840} INFO - DAG(s) 'weekly_executive_report' retrieved from /opt/airflow/dags/example_report_generation.py
[2026-01-09T16:40:02.208+0000] {logging_mixin.py:188} INFO - [2026-01-09T16:40:02.208+0000] {dag.py:3036} INFO - Sync 1 DAGs
[2026-01-09T16:40:02.220+0000] {logging_mixin.py:188} INFO - [2026-01-09T16:40:02.220+0000] {dag.py:3823} INFO - Setting next_dagrun for weekly_executive_report to 2025-12-29 08:00:00+00:00, run_after=2026-01-05 08:00:00+00:00
[2026-01-09T16:40:02.229+0000] {processor.py:183} INFO - Processing /opt/airflow/dags/example_report_generation.py took 0.055 seconds
[2026-01-09T16:40:32.772+0000] {processor.py:161} INFO - Started process (PID=1144) to work on /opt/airflow/dags/example_report_generation.py
[2026-01-09T16:40:32.773+0000] {processor.py:830} INFO - Processing file /opt/airflow/dags/example_report_generation.py for tasks to queue
[2026-01-09T16:40:32.774+0000] {logging_mixin.py:188} INFO - [2026-01-09T16:40:32.774+0000] {dagbag.py:538} INFO - Filling up the DagBag from /opt/airflow/dags/example_report_generation.py
[2026-01-09T16:40:32.787+0000] {processor.py:840} INFO - DAG(s) 'weekly_executive_report' retrieved from /opt/airflow/dags/example_report_generation.py
[2026-01-09T16:40:32.806+0000] {logging_mixin.py:188} INFO - [2026-01-09T16:40:32.806+0000] {dag.py:3036} INFO - Sync 1 DAGs
[2026-01-09T16:40:32.819+0000] {logging_mixin.py:188} INFO - [2026-01-09T16:40:32.819+0000] {dag.py:3823} INFO - Setting next_dagrun for weekly_executive_report to 2025-12-29 08:00:00+00:00, run_after=2026-01-05 08:00:00+00:00
[2026-01-09T16:40:32.828+0000] {processor.py:183} INFO - Processing /opt/airflow/dags/example_report_generation.py took 0.058 seconds
[2026-01-09T16:41:03.319+0000] {processor.py:161} INFO - Started process (PID=1175) to work on /opt/airflow/dags/example_report_generation.py
[2026-01-09T16:41:03.320+0000] {processor.py:830} INFO - Processing file /opt/airflow/dags/example_report_generation.py for tasks to queue
[2026-01-09T16:41:03.320+0000] {logging_mixin.py:188} INFO - [2026-01-09T16:41:03.320+0000] {dagbag.py:538} INFO - Filling up the DagBag from /opt/airflow/dags/example_report_generation.py
[2026-01-09T16:41:03.336+0000] {processor.py:840} INFO - DAG(s) 'weekly_executive_report' retrieved from /opt/airflow/dags/example_report_generation.py
[2026-01-09T16:41:03.356+0000] {logging_mixin.py:188} INFO - [2026-01-09T16:41:03.356+0000] {dag.py:3036} INFO - Sync 1 DAGs
[2026-01-09T16:41:03.370+0000] {logging_mixin.py:188} INFO - [2026-01-09T16:41:03.370+0000] {dag.py:3823} INFO - Setting next_dagrun for weekly_executive_report to 2025-12-29 08:00:00+00:00, run_after=2026-01-05 08:00:00+00:00
[2026-01-09T16:41:03.384+0000] {processor.py:183} INFO - Processing /opt/airflow/dags/example_report_generation.py took 0.067 seconds
[2026-01-09T16:41:33.922+0000] {processor.py:161} INFO - Started process (PID=1206) to work on /opt/airflow/dags/example_report_generation.py
[2026-01-09T16:41:33.923+0000] {processor.py:830} INFO - Processing file /opt/airflow/dags/example_report_generation.py for tasks to queue
[2026-01-09T16:41:33.924+0000] {logging_mixin.py:188} INFO - [2026-01-09T16:41:33.924+0000] {dagbag.py:538} INFO - Filling up the DagBag from /opt/airflow/dags/example_report_generation.py
[2026-01-09T16:41:33.941+0000] {processor.py:840} INFO - DAG(s) 'weekly_executive_report' retrieved from /opt/airflow/dags/example_report_generation.py
[2026-01-09T16:41:33.957+0000] {logging_mixin.py:188} INFO - [2026-01-09T16:41:33.957+0000] {dag.py:3036} INFO - Sync 1 DAGs
[2026-01-09T16:41:33.969+0000] {logging_mixin.py:188} INFO - [2026-01-09T16:41:33.969+0000] {dag.py:3823} INFO - Setting next_dagrun for weekly_executive_report to 2025-12-29 08:00:00+00:00, run_after=2026-01-05 08:00:00+00:00
[2026-01-09T16:41:33.978+0000] {processor.py:183} INFO - Processing /opt/airflow/dags/example_report_generation.py took 0.059 seconds
[2026-01-09T16:42:04.567+0000] {processor.py:161} INFO - Started process (PID=1237) to work on /opt/airflow/dags/example_report_generation.py
[2026-01-09T16:42:04.567+0000] {processor.py:830} INFO - Processing file /opt/airflow/dags/example_report_generation.py for tasks to queue
[2026-01-09T16:42:04.568+0000] {logging_mixin.py:188} INFO - [2026-01-09T16:42:04.568+0000] {dagbag.py:538} INFO - Filling up the DagBag from /opt/airflow/dags/example_report_generation.py
[2026-01-09T16:42:04.580+0000] {processor.py:840} INFO - DAG(s) 'weekly_executive_report' retrieved from /opt/airflow/dags/example_report_generation.py
[2026-01-09T16:42:04.594+0000] {logging_mixin.py:188} INFO - [2026-01-09T16:42:04.594+0000] {dag.py:3036} INFO - Sync 1 DAGs
[2026-01-09T16:42:04.604+0000] {logging_mixin.py:188} INFO - [2026-01-09T16:42:04.603+0000] {dag.py:3823} INFO - Setting next_dagrun for weekly_executive_report to 2025-12-29 08:00:00+00:00, run_after=2026-01-05 08:00:00+00:00
[2026-01-09T16:42:04.611+0000] {processor.py:183} INFO - Processing /opt/airflow/dags/example_report_generation.py took 0.046 seconds
[2026-01-09T16:42:35.108+0000] {processor.py:161} INFO - Started process (PID=1268) to work on /opt/airflow/dags/example_report_generation.py
[2026-01-09T16:42:35.109+0000] {processor.py:830} INFO - Processing file /opt/airflow/dags/example_report_generation.py for tasks to queue
[2026-01-09T16:42:35.110+0000] {logging_mixin.py:188} INFO - [2026-01-09T16:42:35.109+0000] {dagbag.py:538} INFO - Filling up the DagBag from /opt/airflow/dags/example_report_generation.py
[2026-01-09T16:42:35.127+0000] {processor.py:840} INFO - DAG(s) 'weekly_executive_report' retrieved from /opt/airflow/dags/example_report_generation.py
[2026-01-09T16:42:35.147+0000] {logging_mixin.py:188} INFO - [2026-01-09T16:42:35.147+0000] {dag.py:3036} INFO - Sync 1 DAGs
[2026-01-09T16:42:35.158+0000] {logging_mixin.py:188} INFO - [2026-01-09T16:42:35.158+0000] {dag.py:3823} INFO - Setting next_dagrun for weekly_executive_report to 2025-12-29 08:00:00+00:00, run_after=2026-01-05 08:00:00+00:00
[2026-01-09T16:42:35.168+0000] {processor.py:183} INFO - Processing /opt/airflow/dags/example_report_generation.py took 0.061 seconds
[2026-01-09T16:43:05.677+0000] {processor.py:161} INFO - Started process (PID=1299) to work on /opt/airflow/dags/example_report_generation.py
[2026-01-09T16:43:05.679+0000] {processor.py:830} INFO - Processing file /opt/airflow/dags/example_report_generation.py for tasks to queue
[2026-01-09T16:43:05.680+0000] {logging_mixin.py:188} INFO - [2026-01-09T16:43:05.680+0000] {dagbag.py:538} INFO - Filling up the DagBag from /opt/airflow/dags/example_report_generation.py
[2026-01-09T16:43:05.703+0000] {processor.py:840} INFO - DAG(s) 'weekly_executive_report' retrieved from /opt/airflow/dags/example_report_generation.py
[2026-01-09T16:43:05.720+0000] {logging_mixin.py:188} INFO - [2026-01-09T16:43:05.720+0000] {dag.py:3036} INFO - Sync 1 DAGs
[2026-01-09T16:43:05.733+0000] {logging_mixin.py:188} INFO - [2026-01-09T16:43:05.733+0000] {dag.py:3823} INFO - Setting next_dagrun for weekly_executive_report to 2025-12-29 08:00:00+00:00, run_after=2026-01-05 08:00:00+00:00
[2026-01-09T16:43:05.743+0000] {processor.py:183} INFO - Processing /opt/airflow/dags/example_report_generation.py took 0.071 seconds
[2026-01-09T16:43:36.356+0000] {processor.py:161} INFO - Started process (PID=1330) to work on /opt/airflow/dags/example_report_generation.py
[2026-01-09T16:43:36.356+0000] {processor.py:830} INFO - Processing file /opt/airflow/dags/example_report_generation.py for tasks to queue
[2026-01-09T16:43:36.357+0000] {logging_mixin.py:188} INFO - [2026-01-09T16:43:36.356+0000] {dagbag.py:538} INFO - Filling up the DagBag from /opt/airflow/dags/example_report_generation.py
[2026-01-09T16:43:36.371+0000] {processor.py:840} INFO - DAG(s) 'weekly_executive_report' retrieved from /opt/airflow/dags/example_report_generation.py
[2026-01-09T16:43:36.388+0000] {logging_mixin.py:188} INFO - [2026-01-09T16:43:36.388+0000] {dag.py:3036} INFO - Sync 1 DAGs
[2026-01-09T16:43:36.402+0000] {logging_mixin.py:188} INFO - [2026-01-09T16:43:36.402+0000] {dag.py:3823} INFO - Setting next_dagrun for weekly_executive_report to 2025-12-29 08:00:00+00:00, run_after=2026-01-05 08:00:00+00:00
[2026-01-09T16:43:36.411+0000] {processor.py:183} INFO - Processing /opt/airflow/dags/example_report_generation.py took 0.057 seconds
[2026-01-09T16:44:07.095+0000] {processor.py:161} INFO - Started process (PID=1361) to work on /opt/airflow/dags/example_report_generation.py
[2026-01-09T16:44:07.095+0000] {processor.py:830} INFO - Processing file /opt/airflow/dags/example_report_generation.py for tasks to queue
[2026-01-09T16:44:07.096+0000] {logging_mixin.py:188} INFO - [2026-01-09T16:44:07.096+0000] {dagbag.py:538} INFO - Filling up the DagBag from /opt/airflow/dags/example_report_generation.py
[2026-01-09T16:44:07.114+0000] {processor.py:840} INFO - DAG(s) 'weekly_executive_report' retrieved from /opt/airflow/dags/example_report_generation.py
[2026-01-09T16:44:07.128+0000] {logging_mixin.py:188} INFO - [2026-01-09T16:44:07.128+0000] {dag.py:3036} INFO - Sync 1 DAGs
[2026-01-09T16:44:07.139+0000] {logging_mixin.py:188} INFO - [2026-01-09T16:44:07.138+0000] {dag.py:3823} INFO - Setting next_dagrun for weekly_executive_report to 2025-12-29 08:00:00+00:00, run_after=2026-01-05 08:00:00+00:00
[2026-01-09T16:44:07.146+0000] {processor.py:183} INFO - Processing /opt/airflow/dags/example_report_generation.py took 0.053 seconds
[2026-01-09T16:44:37.619+0000] {processor.py:161} INFO - Started process (PID=1392) to work on /opt/airflow/dags/example_report_generation.py
[2026-01-09T16:44:37.620+0000] {processor.py:830} INFO - Processing file /opt/airflow/dags/example_report_generation.py for tasks to queue
[2026-01-09T16:44:37.621+0000] {logging_mixin.py:188} INFO - [2026-01-09T16:44:37.620+0000] {dagbag.py:538} INFO - Filling up the DagBag from /opt/airflow/dags/example_report_generation.py
[2026-01-09T16:44:37.634+0000] {processor.py:840} INFO - DAG(s) 'weekly_executive_report' retrieved from /opt/airflow/dags/example_report_generation.py
[2026-01-09T16:44:37.651+0000] {logging_mixin.py:188} INFO - [2026-01-09T16:44:37.651+0000] {dag.py:3036} INFO - Sync 1 DAGs
[2026-01-09T16:44:37.664+0000] {logging_mixin.py:188} INFO - [2026-01-09T16:44:37.663+0000] {dag.py:3823} INFO - Setting next_dagrun for weekly_executive_report to 2025-12-29 08:00:00+00:00, run_after=2026-01-05 08:00:00+00:00
[2026-01-09T16:44:37.673+0000] {processor.py:183} INFO - Processing /opt/airflow/dags/example_report_generation.py took 0.056 seconds
[2026-01-09T16:45:08.192+0000] {processor.py:161} INFO - Started process (PID=1423) to work on /opt/airflow/dags/example_report_generation.py
[2026-01-09T16:45:08.193+0000] {processor.py:830} INFO - Processing file /opt/airflow/dags/example_report_generation.py for tasks to queue
[2026-01-09T16:45:08.193+0000] {logging_mixin.py:188} INFO - [2026-01-09T16:45:08.193+0000] {dagbag.py:538} INFO - Filling up the DagBag from /opt/airflow/dags/example_report_generation.py
[2026-01-09T16:45:08.211+0000] {processor.py:840} INFO - DAG(s) 'weekly_executive_report' retrieved from /opt/airflow/dags/example_report_generation.py
[2026-01-09T16:45:08.228+0000] {logging_mixin.py:188} INFO - [2026-01-09T16:45:08.228+0000] {dag.py:3036} INFO - Sync 1 DAGs
[2026-01-09T16:45:08.240+0000] {logging_mixin.py:188} INFO - [2026-01-09T16:45:08.240+0000] {dag.py:3823} INFO - Setting next_dagrun for weekly_executive_report to 2025-12-29 08:00:00+00:00, run_after=2026-01-05 08:00:00+00:00
[2026-01-09T16:45:08.249+0000] {processor.py:183} INFO - Processing /opt/airflow/dags/example_report_generation.py took 0.060 seconds
