[2026-01-09T16:22:10.518+0000] {taskinstance.py:1956} INFO - Dependencies all met for dep_context=non-requeueable deps ti=<TaskInstance: demo_hello_world.print_summary manual__2026-01-09T16:22:04.125682+00:00 [queued]>
[2026-01-09T16:22:10.522+0000] {taskinstance.py:1956} INFO - Dependencies all met for dep_context=requeueable deps ti=<TaskInstance: demo_hello_world.print_summary manual__2026-01-09T16:22:04.125682+00:00 [queued]>
[2026-01-09T16:22:10.523+0000] {taskinstance.py:2170} INFO - Starting attempt 1 of 2
[2026-01-09T16:22:10.529+0000] {taskinstance.py:2191} INFO - Executing <Task(PythonOperator): print_summary> on 2026-01-09 16:22:04.125682+00:00
[2026-01-09T16:22:10.531+0000] {standard_task_runner.py:60} INFO - Started process 559 to run task
[2026-01-09T16:22:10.533+0000] {standard_task_runner.py:87} INFO - Running: ['***', 'tasks', 'run', 'demo_hello_world', 'print_summary', 'manual__2026-01-09T16:22:04.125682+00:00', '--job-id', '11', '--raw', '--subdir', 'DAGS_FOLDER/demo_hello_world.py', '--cfg-path', '/tmp/tmplac7kga0']
[2026-01-09T16:22:10.534+0000] {standard_task_runner.py:88} INFO - Job 11: Subtask print_summary
[2026-01-09T16:22:10.558+0000] {task_command.py:423} INFO - Running <TaskInstance: demo_hello_world.print_summary manual__2026-01-09T16:22:04.125682+00:00 [running]> on host 9035c74843be
[2026-01-09T16:22:10.591+0000] {taskinstance.py:2480} INFO - Exporting env vars: AIRFLOW_CTX_DAG_OWNER='demo' AIRFLOW_CTX_DAG_ID='demo_hello_world' AIRFLOW_CTX_TASK_ID='print_summary' AIRFLOW_CTX_EXECUTION_DATE='2026-01-09T16:22:04.125682+00:00' AIRFLOW_CTX_TRY_NUMBER='1' AIRFLOW_CTX_DAG_RUN_ID='manual__2026-01-09T16:22:04.125682+00:00'
[2026-01-09T16:22:10.609+0000] {demo_hello_world.py:135} INFO - 
        ========================================
        EXECUTION SUMMARY
        ========================================
        Execution Date: 2026-01-09
        Run ID: manual__2026-01-09T16:22:04.125682+00:00
        Random Number: 30
        Path Taken: LOW
        Result: 📉 LOW number path! Got 30 which is <= 50
        ========================================
        
[2026-01-09T16:22:10.611+0000] {logging_mixin.py:188} INFO - 
        ========================================
        EXECUTION SUMMARY
        ========================================
        Execution Date: 2026-01-09
        Run ID: manual__2026-01-09T16:22:04.125682+00:00
        Random Number: 30
        Path Taken: LOW
        Result: 📉 LOW number path! Got 30 which is <= 50
        ========================================
        
[2026-01-09T16:22:10.611+0000] {python.py:201} INFO - Done. Returned value was: 
        ========================================
        EXECUTION SUMMARY
        ========================================
        Execution Date: 2026-01-09
        Run ID: manual__2026-01-09T16:22:04.125682+00:00
        Random Number: 30
        Path Taken: LOW
        Result: 📉 LOW number path! Got 30 which is <= 50
        ========================================
        
[2026-01-09T16:22:10.624+0000] {taskinstance.py:1138} INFO - Marking task as SUCCESS. dag_id=demo_hello_world, task_id=print_summary, execution_date=20260109T162204, start_date=20260109T162210, end_date=20260109T162210
[2026-01-09T16:22:10.669+0000] {local_task_job_runner.py:234} INFO - Task exited with return code 0
[2026-01-09T16:22:10.679+0000] {taskinstance.py:3280} INFO - 0 downstream tasks scheduled from follow-on schedule check
